Archive member included to satisfy reference by file (symbol)

/Applications/MCUXpressoIDE_11.10.0_3148/ide/plugins/com.nxp.mcuxpresso.tools.macosx_11.10.0.202311280810/tools/bin/../lib/gcc/arm-none-eabi/13.2.1/thumb/v8-m.main+fp/hard/libgcc.a(cmse.o)
                              ./trustzone/veneer_table.o (cmse_check_address_range)
/Applications/MCUXpressoIDE_11.10.0_3148/ide/plugins/com.nxp.mcuxpresso.tools.macosx_11.10.0.202311280810/tools/bin/../lib/gcc/arm-none-eabi/13.2.1/thumb/v8-m.main+fp/hard/libgcc.a(cmse_nonsecure_call.o)
                              ./trustzone/tzm_api.o (__gnu_cmse_nonsecure_call)
/Applications/MCUXpressoIDE_11.10.0_3148/ide/plugins/com.nxp.mcuxpresso.tools.macosx_11.10.0.202311280810/tools/bin/../lib/gcc/arm-none-eabi/13.2.1/thumb/v8-m.main+fp/hard/libgcc.a(_aeabi_uldivmod.o)
                              ./drivers/fsl_clock.o (__aeabi_uldivmod)
/Applications/MCUXpressoIDE_11.10.0_3148/ide/plugins/com.nxp.mcuxpresso.tools.macosx_11.10.0.202311280810/tools/bin/../lib/gcc/arm-none-eabi/13.2.1/thumb/v8-m.main+fp/hard/libgcc.a(_fixunssfdi.o)
                              ./drivers/fsl_clock.o (__aeabi_f2ulz)
/Applications/MCUXpressoIDE_11.10.0_3148/ide/plugins/com.nxp.mcuxpresso.tools.macosx_11.10.0.202311280810/tools/bin/../lib/gcc/arm-none-eabi/13.2.1/thumb/v8-m.main+fp/hard/libgcc.a(_udivmoddi4.o)
                              /Applications/MCUXpressoIDE_11.10.0_3148/ide/plugins/com.nxp.mcuxpresso.tools.macosx_11.10.0.202311280810/tools/bin/../lib/gcc/arm-none-eabi/13.2.1/thumb/v8-m.main+fp/hard/libgcc.a(_aeabi_uldivmod.o) (__udivmoddi4)
/Applications/MCUXpressoIDE_11.10.0_3148/ide/plugins/com.nxp.mcuxpresso.tools.macosx_11.10.0.202311280810/tools/bin/../lib/gcc/arm-none-eabi/13.2.1/thumb/v8-m.main+fp/hard/libgcc.a(_arm_muldf3.o)
                              /Applications/MCUXpressoIDE_11.10.0_3148/ide/plugins/com.nxp.mcuxpresso.tools.macosx_11.10.0.202311280810/tools/bin/../lib/gcc/arm-none-eabi/13.2.1/thumb/v8-m.main+fp/hard/libgcc.a(_fixunssfdi.o) (__aeabi_dmul)
/Applications/MCUXpressoIDE_11.10.0_3148/ide/plugins/com.nxp.mcuxpresso.tools.macosx_11.10.0.202311280810/tools/bin/../lib/gcc/arm-none-eabi/13.2.1/thumb/v8-m.main+fp/hard/libgcc.a(_dvmd_tls.o)
                              /Applications/MCUXpressoIDE_11.10.0_3148/ide/plugins/com.nxp.mcuxpresso.tools.macosx_11.10.0.202311280810/tools/bin/../lib/gcc/arm-none-eabi/13.2.1/thumb/v8-m.main+fp/hard/libgcc.a(_aeabi_uldivmod.o) (__aeabi_ldiv0)
/Applications/MCUXpressoIDE_11.10.0_3148/ide/plugins/com.nxp.mcuxpresso.tools.macosx_11.10.0.202311280810/tools/bin/../lib/gcc/arm-none-eabi/13.2.1/thumb/v8-m.main+fp/hard/libgcc.a(_arm_addsubdf3.o)
                              /Applications/MCUXpressoIDE_11.10.0_3148/ide/plugins/com.nxp.mcuxpresso.tools.macosx_11.10.0.202311280810/tools/bin/../lib/gcc/arm-none-eabi/13.2.1/thumb/v8-m.main+fp/hard/libgcc.a(_fixunssfdi.o) (__aeabi_dsub)
/Applications/MCUXpressoIDE_11.10.0_3148/ide/plugins/com.nxp.mcuxpresso.tools.macosx_11.10.0.202311280810/tools/bin/../lib/gcc/arm-none-eabi/13.2.1/thumb/v8-m.main+fp/hard/libgcc.a(_arm_fixunsdfsi.o)
                              /Applications/MCUXpressoIDE_11.10.0_3148/ide/plugins/com.nxp.mcuxpresso.tools.macosx_11.10.0.202311280810/tools/bin/../lib/gcc/arm-none-eabi/13.2.1/thumb/v8-m.main+fp/hard/libgcc.a(_fixunssfdi.o) (__aeabi_d2uiz)
/Applications/MCUXpressoIDE_11.10.0_3148/ide/plugins/com.nxp.mcuxpresso.tools.macosx_11.10.0.202311280810/tools/bin/../lib/gcc/arm-none-eabi/13.2.1/../../../../arm-none-eabi/lib/thumb/v8-m.main+fp/hard/libc_nano.a(libc_a-malloc.o)
                              ./drivers/fsl_common.o (malloc)
/Applications/MCUXpressoIDE_11.10.0_3148/ide/plugins/com.nxp.mcuxpresso.tools.macosx_11.10.0.202311280810/tools/bin/../lib/gcc/arm-none-eabi/13.2.1/../../../../arm-none-eabi/lib/thumb/v8-m.main+fp/hard/libc_nano.a(libc_a-mallocr.o)
                              /Applications/MCUXpressoIDE_11.10.0_3148/ide/plugins/com.nxp.mcuxpresso.tools.macosx_11.10.0.202311280810/tools/bin/../lib/gcc/arm-none-eabi/13.2.1/../../../../arm-none-eabi/lib/thumb/v8-m.main+fp/hard/libc_nano.a(libc_a-malloc.o) (_malloc_r)
/Applications/MCUXpressoIDE_11.10.0_3148/ide/plugins/com.nxp.mcuxpresso.tools.macosx_11.10.0.202311280810/tools/bin/../lib/gcc/arm-none-eabi/13.2.1/../../../../arm-none-eabi/lib/thumb/v8-m.main+fp/hard/libc_nano.a(libc_a-mlock.o)
                              /Applications/MCUXpressoIDE_11.10.0_3148/ide/plugins/com.nxp.mcuxpresso.tools.macosx_11.10.0.202311280810/tools/bin/../lib/gcc/arm-none-eabi/13.2.1/../../../../arm-none-eabi/lib/thumb/v8-m.main+fp/hard/libc_nano.a(libc_a-mallocr.o) (__malloc_lock)
/Applications/MCUXpressoIDE_11.10.0_3148/ide/plugins/com.nxp.mcuxpresso.tools.macosx_11.10.0.202311280810/tools/bin/../lib/gcc/arm-none-eabi/13.2.1/../../../../arm-none-eabi/lib/thumb/v8-m.main+fp/hard/libc_nano.a(libc_a-strtoul.o)
                              ./utilities/fsl_str.o (strtoul)
[...]
Memory Configuration

Name             Origin             Length             Attributes
PROGRAM_FLASH    0x10000000         0x0000fe00         xr
SG_veneer_table  0x1000fe00         0x00000200         xr
Ram0             0x30000000         0x00008000         xrw
*default*        0x00000000         0xffffffff

Linker script and memory map

LOAD ./utilities/fsl_assert.o
LOAD ./utilities/fsl_debug_console.o
LOAD ./utilities/fsl_memcpy.o
LOAD ./utilities/fsl_str.o
LOAD ./trustzone/tzm_api.o
LOAD ./trustzone/tzm_config.o
LOAD ./trustzone/veneer_table.o
LOAD ./startup/boot_multicore_slave.o
LOAD ./startup/startup_lpc55s69_cm33_core0.o
LOAD ./source/hello_world_s.o
LOAD ./source/semihost_hardfault.o
LOAD ./drivers/fsl_clock.o
LOAD ./drivers/fsl_common.o
LOAD ./drivers/fsl_common_arm.o
LOAD ./drivers/fsl_flexcomm.o
LOAD ./drivers/fsl_gpio.o
LOAD ./drivers/fsl_power.o
LOAD ./drivers/fsl_reset.o
LOAD ./drivers/fsl_usart.o
LOAD ./device/system_LPC55S69_cm33_core0.o
LOAD ./component/uart/fsl_adapter_usart.o
LOAD ./component/lists/fsl_component_generic_list.o
LOAD ./board/board.o
LOAD ./board/clock_config.o
LOAD ./board/pin_mux.o
START GROUP
LOAD /Applications/MCUXpressoIDE_11.10.0_3148/ide/plugins/com.nxp.mcuxpresso.tools.macosx_11.10.0.202311280810/tools/bin/../lib/gcc/arm-none-eabi/13.2.1/thumb/v8-m.main+fp/hard/libgcc.a
LOAD /Applications/MCUXpressoIDE_11.10.0_3148/ide/plugins/com.nxp.mcuxpresso.tools.macosx_11.10.0.202311280810/tools/bin/../lib/gcc/arm-none-eabi/13.2.1/../../../../arm-none-eabi/lib/thumb/v8-m.main+fp/hard/libc_nano.a
LOAD /Applications/MCUXpressoIDE_11.10.0_3148/ide/plugins/com.nxp.mcuxpresso.tools.macosx_11.10.0.202311280810/tools/bin/../lib/gcc/arm-none-eabi/13.2.1/../../../../arm-none-eabi/lib/thumb/v8-m.main+fp/hard/libm.a
LOAD /Applications/MCUXpressoIDE_11.10.0_3148/ide/plugins/com.nxp.mcuxpresso.tools.macosx_11.10.0.202311280810/tools/bin/../lib/gcc/arm-none-eabi/13.2.1/../../../../arm-none-eabi/lib/thumb/v8-m.main+fp/hard/libcr_newlib_semihost.a
END GROUP
                0x10000000                        __base_PROGRAM_FLASH = 0x10000000
                0x10000000                        __base_Flash = 0x10000000
                0x1000fe00                        __top_PROGRAM_FLASH = 0x1000fe00
                0x1000fe00                        __top_Flash = 0x1000fe00
                0x1000fe00                        __base_SG_veneer_table = 0x1000fe00
                0x1000fe00                        __base_Flash2 = 0x1000fe00
                0x10010000                        __top_SG_veneer_table = 0x10010000
                0x10010000                        __top_Flash2 = 0x10010000
                0x30000000                        __base_Ram0 = 0x30000000
                0x30000000                        __base_RAM = 0x30000000
                0x30008000                        __top_Ram0 = 0x30008000
                0x30008000                        __top_RAM = 0x30008000

.gnu.sgstubs    0x1000fe00       0x20
                0x1000fe00                        . = ALIGN (0x20)
                0x1000fe00                        _start_sg = .
 *(SORT_BY_ALIGNMENT(.gnu.sgstubs*))
                0x1000fe00                        . = ALIGN (0x20)
                0x1000fe00                        _end_sg = .
 .gnu.sgstubs.__stub
                0x1000fe00       0x10 linker stubs
                0x1000fe00                StringCompare_NSE
                0x1000fe08                DbgConsole_Printf_NSE

.text_Flash2    0x1000fe20        0x0
 FILL mask 0xff
 *(SORT_BY_ALIGNMENT(.text_Flash2))
 *(SORT_BY_ALIGNMENT(.text_SG_veneer_table))
 *(SORT_BY_ALIGNMENT(.text.$Flash2))
 *(SORT_BY_ALIGNMENT(.text.$SG_veneer_table))
 *(SORT_BY_ALIGNMENT(.text_Flash2.*))
 *(SORT_BY_ALIGNMENT(.text_SG_veneer_table.*))
 *(SORT_BY_ALIGNMENT(.text.$Flash2.*))
 *(SORT_BY_ALIGNMENT(.text.$SG_veneer_table.*))
 *(SORT_BY_ALIGNMENT(.rodata.$Flash2))
 *(SORT_BY_ALIGNMENT(.rodata.$SG_veneer_table))
 *(SORT_BY_ALIGNMENT(.rodata.$Flash2.*))
 *(SORT_BY_ALIGNMENT(.rodata.$SG_veneer_table.*))

.text           0x10000000     0x36e4
 FILL mask 0xff
                0x10000000                        __vectors_start__ = ABSOLUTE (.)
 *(SORT_BY_ALIGNMENT(.isr_vector))
 .isr_vector    0x10000000      0x130 ./startup/startup_lpc55s69_cm33_core0.o
                0x10000000                __Vectors
                0x10000000                g_pfnVectors
                0x10000130                        . = ALIGN (0x4)
                0x10000130                        __section_table_start = .
                0x10000130                        __data_section_table = .
                0x10000130        0x4 LONG 0x100036ec LOADADDR (.data)
                0x10000134        0x4 LONG 0x30000000 ADDR (.data)
                0x10000138        0x4 LONG 0x64 SIZEOF (.data)
                0x1000013c                        __data_section_table_end = .
                0x1000013c                        __bss_section_table = .
                0x1000013c        0x4 LONG 0x30000064 ADDR (.bss)
                0x10000140        0x4 LONG 0x1d4 SIZEOF (.bss)
                0x10000144                        __bss_section_table_end = .
                0x10000144                        __section_table_end = .
 *(SORT_BY_ALIGNMENT(.after_vectors*))
 .after_vectors.reset
                0x10000144       0x68 ./startup/startup_lpc55s69_cm33_core0.o
                0x10000144                ResetISR
 .after_vectors.init_data
                0x100001ac       0x1e ./startup/startup_lpc55s69_cm33_core0.o
                0x100001ac                data_init
 .after_vectors.init_bss
                0x100001ca       0x12 ./startup/startup_lpc55s69_cm33_core0.o
                0x100001ca                bss_init
 .after_vectors
                0x100001dc       0x16 ./startup/startup_lpc55s69_cm33_core0.o
                0x100001dc                NMI_Handler
                0x100001e0                MemManage_Handler
                0x100001e2                BusFault_Handler
                0x100001e4                UsageFault_Handler
                0x100001e6                SecureFault_Handler
                0x100001e8                SVC_Handler
                0x100001ea                DebugMon_Handler
                0x100001ec                PendSV_Handler
                0x100001ee                SysTick_Handler
                0x100001f0                CTIMER2_DriverIRQHandler
                0x100001f0                IntDefaultHandler
                0x100001f0                USB0_DriverIRQHandler
                0x100001f0                CASER_DriverIRQHandler
                0x100001f0                MRT0_DriverIRQHandler
                0x100001f0                UTICK0_DriverIRQHandler
                0x100001f0                Reserved41_DriverIRQHandler
                0x100001f0                PIN_INT4_DriverIRQHandler
                0x100001f0                PIN_INT5_DriverIRQHandler
                0x100001f0                SEC_GPIO_INT0_IRQ0_DriverIRQHandler
                0x100001f0                CTIMER4_DriverIRQHandler
                0x100001f0                GINT1_DriverIRQHandler
                0x100001f0                PIN_INT7_DriverIRQHandler
                0x100001f0                Reserved55_DriverIRQHandler
                0x100001f0                HASHCRYPT_DriverIRQHandler
                0x100001f0                USB0_NEEDCLK_DriverIRQHandler
                0x100001f0                CTIMER0_DriverIRQHandler
                0x100001f0                CTIMER1_DriverIRQHandler
                0x100001f0                PIN_INT6_DriverIRQHandler
                0x100001f0                PQ_DriverIRQHandler
                0x100001f0                MAILBOX_DriverIRQHandler
                0x100001f0                PIN_INT1_DriverIRQHandler
                0x100001f0                CTIMER3_DriverIRQHandler
                0x100001f0                Reserved61_DriverIRQHandler
                0x100001f0                SEC_GPIO_INT0_IRQ1_DriverIRQHandler
                0x100001f0                PUF_DriverIRQHandler
                0x100001f0                RTC_DriverIRQHandler
                0x100001f0                USB1_DriverIRQHandler
                0x100001f0                Reserved60_DriverIRQHandler
                0x100001f0                DMA1_DriverIRQHandler
                0x100001f0                ADC0_DriverIRQHandler
                0x100001f0                USB1_NEEDCLK_DriverIRQHandler
                0x100001f0                Reserved59_DriverIRQHandler
                0x100001f0                SDIO_DriverIRQHandler
                0x100001f0                GINT0_DriverIRQHandler
                0x100001f0                USB1_PHY_DriverIRQHandler
                0x100001f0                ACMP_DriverIRQHandler
                0x100001f0                Reserved57_DriverIRQHandler
                0x100001f0                Reserved46_DriverIRQHandler
                0x100001f0                WDT_BOD_DriverIRQHandler
                0x100001f0                SCT0_DriverIRQHandler
                0x100001f0                PLU_DriverIRQHandler
                0x100001f0                OS_EVENT_DriverIRQHandler
                0x100001f0                SEC_HYPERVISOR_CALL_DriverIRQHandler
                0x100001f0                Reserved39_DriverIRQHandler
                0x100001f0                DMA0_DriverIRQHandler
                0x100001f0                Reserved42_DriverIRQHandler
                0x100001f0                SEC_VIO_DriverIRQHandler
                0x100001f0                PIN_INT3_DriverIRQHandler
                0x100001f0                PIN_INT2_DriverIRQHandler
                0x100001f0                Reserved56_DriverIRQHandler
                0x100001f0                PIN_INT0_DriverIRQHandler
 *(SORT_BY_ALIGNMENT(.text*))
 *fill*         0x100001f2        0x2 ff
 .text.__assert_func
                0x100001f4       0x30 ./utilities/fsl_assert.o
                0x100001f4                __assert_func
 .text.TZM_JumpToNormalWorld
                0x10000224       0x84 ./trustzone/tzm_api.o
                0x10000224                TZM_JumpToNormalWorld
 .text.BOARD_InitTrustZone
                0x100002a8      0x290 ./trustzone/tzm_config.o
                0x100002a8                BOARD_InitTrustZone
 .text.DbgConsole_Printf_NSE
                0x10000538       0xc8 ./trustzone/veneer_table.o
                0x10000538                __acle_se_DbgConsole_Printf_NSE
 .text.StringCompare_NSE
                0x10000600      0x17c ./trustzone/veneer_table.o
                0x10000600                __acle_se_StringCompare_NSE
 .text.POWER_SetBodVbatLevel
                0x1000077c       0x58 ./source/hello_world_s.o
 .text.main     0x100007d4       0x40 ./source/hello_world_s.o
                0x100007d4                main
 .text.POWER_EnablePD
                0x10000814       0x20 ./drivers/fsl_clock.o
 .text.POWER_DisablePD
                0x10000834       0x20 ./drivers/fsl_clock.o
 .text.CLOCK_AttachClk
                0x10000854       0xa0 ./drivers/fsl_clock.o
                0x10000854                CLOCK_AttachClk
 .text.CLOCK_SetClkDiv
                0x100008f4       0x80 ./drivers/fsl_clock.o
                0x100008f4                CLOCK_SetClkDiv
 .text.CLOCK_SetupFROClocking
                0x10000974       0x80 ./drivers/fsl_clock.o
                0x10000974                CLOCK_SetupFROClocking
 .text.CLOCK_SetFLASHAccessCyclesForFreq
                0x100009f4      0x17c ./drivers/fsl_clock.o
                0x100009f4                CLOCK_SetFLASHAccessCyclesForFreq
 .text.CLOCK_SetupExtClocking
                0x10000b70       0x64 ./drivers/fsl_clock.o
                0x10000b70                CLOCK_SetupExtClocking
 .text.CLOCK_GetFro1MFreq
                0x10000bd4       0x28 ./drivers/fsl_clock.o
                0x10000bd4                CLOCK_GetFro1MFreq
 .text.CLOCK_GetExtClkFreq
                0x10000bfc       0x2c ./drivers/fsl_clock.o
                0x10000bfc                CLOCK_GetExtClkFreq
 .text.CLOCK_GetOsc32KFreq
                0x10000c28       0x58 ./drivers/fsl_clock.o
                0x10000c28                CLOCK_GetOsc32KFreq
 .text.CLOCK_GetPLL0InClockRate
                0x10000c80       0x64 ./drivers/fsl_clock.o
                0x10000c80                CLOCK_GetPLL0InClockRate
 .text.CLOCK_SetPLL0Freq
                0x10000ce4      0x14c ./drivers/fsl_clock.o
                0x10000ce4                CLOCK_SetPLL0Freq
 .text.SDK_DelayAtLeastUs
                0x10000e30       0x98 ./drivers/fsl_common_arm.o
                0x10000e30                SDK_DelayAtLeastUs
 .text.FLEXCOMM_GetInstance
                0x10000ec8       0x58 ./drivers/fsl_flexcomm.o
                0x10000ec8                FLEXCOMM_GetInstance
 .text.FLEXCOMM0_DriverIRQHandler
                0x10000f20       0x68 ./drivers/fsl_flexcomm.o
                0x10000f20                FLEXCOMM0_DriverIRQHandler
 .text.FLEXCOMM1_DriverIRQHandler
                0x10000f88       0x68 ./drivers/fsl_flexcomm.o
                0x10000f88                FLEXCOMM1_DriverIRQHandler
 .text.FLEXCOMM2_DriverIRQHandler
                0x10000ff0       0x68 ./drivers/fsl_flexcomm.o
                0x10000ff0                FLEXCOMM2_DriverIRQHandler
 .text.FLEXCOMM3_DriverIRQHandler
                0x10001058       0x68 ./drivers/fsl_flexcomm.o
                0x10001058                FLEXCOMM3_DriverIRQHandler
 .text.FLEXCOMM4_DriverIRQHandler
                0x100010c0       0x68 ./drivers/fsl_flexcomm.o
                0x100010c0                FLEXCOMM4_DriverIRQHandler
 .text.FLEXCOMM5_DriverIRQHandler
                0x10001128       0x68 ./drivers/fsl_flexcomm.o
                0x10001128                FLEXCOMM5_DriverIRQHandler
 .text.FLEXCOMM6_DriverIRQHandler
                0x10001190       0x6c ./drivers/fsl_flexcomm.o
                0x10001190                FLEXCOMM6_DriverIRQHandler
 .text.FLEXCOMM7_DriverIRQHandler
                0x100011fc       0x6c ./drivers/fsl_flexcomm.o
                0x100011fc                FLEXCOMM7_DriverIRQHandler
 .text.FLEXCOMM8_DriverIRQHandler
                0x10001268       0x6c ./drivers/fsl_flexcomm.o
                0x10001268                FLEXCOMM8_DriverIRQHandler
 .text.lowpower_set_system_voltage
                0x100012d4      0x154 ./drivers/fsl_power.o
 .text.lowpower_set_dcdc_power_profile
                0x10001428       0xec ./drivers/fsl_power.o
 .text.lowpower_get_part_process_corner
                0x10001514       0x94 ./drivers/fsl_power.o
 .text.POWER_SetVoltageForFreq
                0x100015a8       0x50 ./drivers/fsl_power.o
                0x100015a8                POWER_SetVoltageForFreq
 .text.RESET_ClearPeripheralReset
                0x100015f8       0x6c ./drivers/fsl_reset.o
                0x100015f8                RESET_ClearPeripheralReset
 .text.SystemInit
                0x10001664       0x88 ./device/system_LPC55S69_cm33_core0.o
                0x10001664                SystemInit
 .text.BOARD_InitDebugConsole
                0x100016ec       0x38 ./board/board.o
                0x100016ec                BOARD_InitDebugConsole
 .text.POWER_DisablePD
                0x10001724       0x20 ./board/clock_config.o
 .text.BOARD_BootClockPLL150M
                0x10001744       0xe0 ./board/clock_config.o
                0x10001744                BOARD_BootClockPLL150M
 .text.BOARD_InitPins
                0x10001824       0x3c ./board/pin_mux.o
                0x10001824                BOARD_InitPins
 .text.cmse_check_address_range
                0x10001860       0xe4 /Applications/MCUXpressoIDE_11.10.0_3148/ide/plugins/com.nxp.mcuxpresso.tools.macosx_11.10.0.202311280810/tools/bin/../lib/gcc/arm-none-eabi/13.2.1/thumb/v8-m.main+fp/hard/libgcc.a(cmse.o)
                0x10001860                cmse_check_address_range
 .text          0x10001944       0x30 /Applications/MCUXpressoIDE_11.10.0_3148/ide/plugins/com.nxp.mcuxpresso.tools.macosx_11.10.0.202311280810/tools/bin/../lib/gcc/arm-none-eabi/13.2.1/thumb/v8-m.main+fp/hard/libgcc.a(_aeabi_uldivmod.o)
                0x10001944                __aeabi_uldivmod
 .text.__udivmoddi4
                0x10001974      0x300 /Applications/MCUXpressoIDE_11.10.0_3148/ide/plugins/com.nxp.mcuxpresso.tools.macosx_11.10.0.202311280810/tools/bin/../lib/gcc/arm-none-eabi/13.2.1/thumb/v8-m.main+fp/hard/libgcc.a(_udivmoddi4.o)
                0x10001974                __udivmoddi4
 .text          0x10001c74        0x4 /Applications/MCUXpressoIDE_11.10.0_3148/ide/plugins/com.nxp.mcuxpresso.tools.macosx_11.10.0.202311280810/tools/bin/../lib/gcc/arm-none-eabi/13.2.1/thumb/v8-m.main+fp/hard/libgcc.a(_dvmd_tls.o)
                0x10001c74                __aeabi_ldiv0
                0x10001c74                __aeabi_idiv0
 .text.sbrk_aligned
                0x10001c78       0x44 /Applications/MCUXpressoIDE_11.10.0_3148/ide/plugins/com.nxp.mcuxpresso.tools.macosx_11.10.0.202311280810/tools/bin/../lib/gcc/arm-none-eabi/13.2.1/../../../../arm-none-eabi/lib/thumb/v8-m.main+fp/hard/libc_nano.a(libc_a-mallocr.o)
 .text._malloc_r
                0x10001cbc      0x100 /Applications/MCUXpressoIDE_11.10.0_3148/ide/plugins/com.nxp.mcuxpresso.tools.macosx_11.10.0.202311280810/tools/bin/../lib/gcc/arm-none-eabi/13.2.1/../../../../arm-none-eabi/lib/thumb/v8-m.main+fp/hard/libc_nano.a(libc_a-mallocr.o)
                0x10001cbc                _malloc_r
 .text.__malloc_lock
                0x10001dbc        0xc /Applications/MCUXpressoIDE_11.10.0_3148/ide/plugins/com.nxp.mcuxpresso.tools.macosx_11.10.0.202311280810/tools/bin/../lib/gcc/arm-none-eabi/13.2.1/../../../../arm-none-eabi/lib/thumb/v8-m.main+fp/hard/libc_nano.a(libc_a-mlock.o)
                0x10001dbc                __malloc_lock
 .text.__malloc_unlock
                0x10001dc8        0xc /Applications/MCUXpressoIDE_11.10.0_3148/ide/plugins/com.nxp.mcuxpresso.tools.macosx_11.10.0.202311280810/tools/bin/../lib/gcc/arm-none-eabi/13.2.1/../../../../arm-none-eabi/lib/thumb/v8-m.main+fp/hard/libc_nano.a(libc_a-mlock.o)
                0x10001dc8                __malloc_unlock
 .text.printf   0x10001dd4       0x24 /Applications/MCUXpressoIDE_11.10.0_3148/ide/plugins/com.nxp.mcuxpresso.tools.macosx_11.10.0.202311280810/tools/bin/../lib/gcc/arm-none-eabi/13.2.1/../../../../arm-none-eabi/lib/thumb/v8-m.main+fp/hard/libc_nano.a(libc_a-printf.o)
                0x10001dd4                printf
                0x10001dd4                iprintf
 .text._sbrk_r  0x10001df8       0x20 /Applications/MCUXpressoIDE_11.10.0_3148/ide/plugins/com.nxp.mcuxpresso.tools.macosx_11.10.0.202311280810/tools/bin/../lib/gcc/arm-none-eabi/13.2.1/../../../../arm-none-eabi/lib/thumb/v8-m.main+fp/hard/libc_nano.a(libc_a-sbrkr.o)
                0x10001df8                _sbrk_r
 .text.__errno  0x10001e18        0xc /Applications/MCUXpressoIDE_11.10.0_3148/ide/plugins/com.nxp.mcuxpresso.tools.macosx_11.10.0.202311280810/tools/bin/../lib/gcc/arm-none-eabi/13.2.1/../../../../arm-none-eabi/lib/thumb/v8-m.main+fp/hard/libc_nano.a(libc_a-errno.o)
                0x10001e18                __errno
 .text._free_r  0x10001e24       0x94 /Applications/MCUXpressoIDE_11.10.0_3148/ide/plugins/com.nxp.mcuxpresso.tools.macosx_11.10.0.202311280810/tools/bin/../lib/gcc/arm-none-eabi/13.2.1/../../../../arm-none-eabi/lib/thumb/v8-m.main+fp/hard/libc_nano.a(libc_a-freer.o)
                0x10001e24                _free_r
 .text._vfprintf_r
                0x10001eb8      0x230 /Applications/MCUXpressoIDE_11.10.0_3148/ide/plugins/com.nxp.mcuxpresso.tools.macosx_11.10.0.202311280810/tools/bin/../lib/gcc/arm-none-eabi/13.2.1/../../../../arm-none-eabi/lib/thumb/v8-m.main+fp/hard/libc_nano.a(libc_a-nano-vfprintf.o)
                0x10001eb8                _vfiprintf_r
                0x10001eb8                _vfprintf_r
 .text._printf_i
                0x100020e8      0x23c /Applications/MCUXpressoIDE_11.10.0_3148/ide/plugins/com.nxp.mcuxpresso.tools.macosx_11.10.0.202311280810/tools/bin/../lib/gcc/arm-none-eabi/13.2.1/../../../../arm-none-eabi/lib/thumb/v8-m.main+fp/hard/libc_nano.a(libc_a-nano-vfprintf_i.o)
                0x100020e8                _printf_i
 .text.std      0x10002324       0x6c /Applications/MCUXpressoIDE_11.10.0_3148/ide/plugins/com.nxp.mcuxpresso.tools.macosx_11.10.0.202311280810/tools/bin/../lib/gcc/arm-none-eabi/13.2.1/../../../../arm-none-eabi/lib/thumb/v8-m.main+fp/hard/libc_nano.a(libc_a-findfp.o)
 .text.stdio_exit_handler
                0x10002390       0x18 /Applications/MCUXpressoIDE_11.10.0_3148/ide/plugins/com.nxp.mcuxpresso.tools.macosx_11.10.0.202311280810/tools/bin/../lib/gcc/arm-none-eabi/13.2.1/../../../../arm-none-eabi/lib/thumb/v8-m.main+fp/hard/libc_nano.a(libc_a-findfp.o)
 .text.cleanup_stdio
                0x100023a8       0x40 /Applications/MCUXpressoIDE_11.10.0_3148/ide/plugins/com.nxp.mcuxpresso.tools.macosx_11.10.0.202311280810/tools/bin/../lib/gcc/arm-none-eabi/13.2.1/../../../../arm-none-eabi/lib/thumb/v8-m.main+fp/hard/libc_nano.a(libc_a-findfp.o)
 .text.global_stdio_init.part.0
                0x100023e8       0x3c /Applications/MCUXpressoIDE_11.10.0_3148/ide/plugins/com.nxp.mcuxpresso.tools.macosx_11.10.0.202311280810/tools/bin/../lib/gcc/arm-none-eabi/13.2.1/../../../../arm-none-eabi/lib/thumb/v8-m.main+fp/hard/libc_nano.a(libc_a-findfp.o)
 .text.__sfp_lock_acquire
                0x10002424        0xc /Applications/MCUXpressoIDE_11.10.0_3148/ide/plugins/com.nxp.mcuxpresso.tools.macosx_11.10.0.202311280810/tools/bin/../lib/gcc/arm-none-eabi/13.2.1/../../../../arm-none-eabi/lib/thumb/v8-m.main+fp/hard/libc_nano.a(libc_a-findfp.o)
                0x10002424                __sfp_lock_acquire
 .text.__sfp_lock_release
                0x10002430        0xc /Applications/MCUXpressoIDE_11.10.0_3148/ide/plugins/com.nxp.mcuxpresso.tools.macosx_11.10.0.202311280810/tools/bin/../lib/gcc/arm-none-eabi/13.2.1/../../../../arm-none-eabi/lib/thumb/v8-m.main+fp/hard/libc_nano.a(libc_a-findfp.o)
                0x10002430                __sfp_lock_release
 .text.__sinit  0x1000243c       0x30 /Applications/MCUXpressoIDE_11.10.0_3148/ide/plugins/com.nxp.mcuxpresso.tools.macosx_11.10.0.202311280810/tools/bin/../lib/gcc/arm-none-eabi/13.2.1/../../../../arm-none-eabi/lib/thumb/v8-m.main+fp/hard/libc_nano.a(libc_a-findfp.o)
                0x1000243c                __sinit
 .text.__swsetup_r
                0x1000246c       0xac /Applications/MCUXpressoIDE_11.10.0_3148/ide/plugins/com.nxp.mcuxpresso.tools.macosx_11.10.0.202311280810/tools/bin/../lib/gcc/arm-none-eabi/13.2.1/../../../../arm-none-eabi/lib/thumb/v8-m.main+fp/hard/libc_nano.a(libc_a-wsetup.o)
                0x1000246c                __swsetup_r
 .text._fstat_r
                0x10002518       0x24 /Applications/MCUXpressoIDE_11.10.0_3148/ide/plugins/com.nxp.mcuxpresso.tools.macosx_11.10.0.202311280810/tools/bin/../lib/gcc/arm-none-eabi/13.2.1/../../../../arm-none-eabi/lib/thumb/v8-m.main+fp/hard/libc_nano.a(libc_a-fstatr.o)
                0x10002518                _fstat_r
 .text._isatty_r
                0x1000253c       0x20 /Applications/MCUXpressoIDE_11.10.0_3148/ide/plugins/com.nxp.mcuxpresso.tools.macosx_11.10.0.202311280810/tools/bin/../lib/gcc/arm-none-eabi/13.2.1/../../../../arm-none-eabi/lib/thumb/v8-m.main+fp/hard/libc_nano.a(libc_a-isattyr.o)
                0x1000253c                _isatty_r
 .text.__sflush_r
                0x1000255c      0x108 /Applications/MCUXpressoIDE_11.10.0_3148/ide/plugins/com.nxp.mcuxpresso.tools.macosx_11.10.0.202311280810/tools/bin/../lib/gcc/arm-none-eabi/13.2.1/../../../../arm-none-eabi/lib/thumb/v8-m.main+fp/hard/libc_nano.a(libc_a-fflush.o)
                0x1000255c                __sflush_r
 .text._close_r
                0x10002664       0x20 /Applications/MCUXpressoIDE_11.10.0_3148/ide/plugins/com.nxp.mcuxpresso.tools.macosx_11.10.0.202311280810/tools/bin/../lib/gcc/arm-none-eabi/13.2.1/../../../../arm-none-eabi/lib/thumb/v8-m.main+fp/hard/libc_nano.a(libc_a-closer.o)
                0x10002664                _close_r
 .text._lseek_r
                0x10002684       0x24 /Applications/MCUXpressoIDE_11.10.0_3148/ide/plugins/com.nxp.mcuxpresso.tools.macosx_11.10.0.202311280810/tools/bin/../lib/gcc/arm-none-eabi/13.2.1/../../../../arm-none-eabi/lib/thumb/v8-m.main+fp/hard/libc_nano.a(libc_a-lseekr.o)
                0x10002684                _lseek_r
 .text._read_r  0x100026a8       0x24 /Applications/MCUXpressoIDE_11.10.0_3148/ide/plugins/com.nxp.mcuxpresso.tools.macosx_11.10.0.202311280810/tools/bin/../lib/gcc/arm-none-eabi/13.2.1/../../../../arm-none-eabi/lib/thumb/v8-m.main+fp/hard/libc_nano.a(libc_a-readr.o)
                0x100026a8                _read_r
 .text._write_r
                0x100026cc       0x24 /Applications/MCUXpressoIDE_11.10.0_3148/ide/plugins/com.nxp.mcuxpresso.tools.macosx_11.10.0.202311280810/tools/bin/../lib/gcc/arm-none-eabi/13.2.1/../../../../arm-none-eabi/lib/thumb/v8-m.main+fp/hard/libc_nano.a(libc_a-writer.o)
                0x100026cc                _write_r
 .text._sbrk    0x100026f0       0x3c /Applications/MCUXpressoIDE_11.10.0_3148/ide/plugins/com.nxp.mcuxpresso.tools.macosx_11.10.0.202311280810/tools/bin/../lib/gcc/arm-none-eabi/13.2.1/../../../../arm-none-eabi/lib/thumb/v8-m.main+fp/hard/libcr_newlib_semihost.a(_cr_sbrk.o)
                0x100026f0                _sbrk
 .text.initialise_monitor_handles.part.0
                0x1000272c       0xa4 /Applications/MCUXpressoIDE_11.10.0_3148/ide/plugins/com.nxp.mcuxpresso.tools.macosx_11.10.0.202311280810/tools/bin/../lib/gcc/arm-none-eabi/13.2.1/../../../../arm-none-eabi/lib/thumb/v8-m.main+fp/hard/libcr_newlib_semihost.a(syscalls.o)
 .text.findslot
                0x100027d0       0x30 /Applications/MCUXpressoIDE_11.10.0_3148/ide/plugins/com.nxp.mcuxpresso.tools.macosx_11.10.0.202311280810/tools/bin/../lib/gcc/arm-none-eabi/13.2.1/../../../../arm-none-eabi/lib/thumb/v8-m.main+fp/hard/libcr_newlib_semihost.a(syscalls.o)
 .text._close   0x10002800       0x4c /Applications/MCUXpressoIDE_11.10.0_3148/ide/plugins/com.nxp.mcuxpresso.tools.macosx_11.10.0.202311280810/tools/bin/../lib/gcc/arm-none-eabi/13.2.1/../../../../arm-none-eabi/lib/thumb/v8-m.main+fp/hard/libcr_newlib_semihost.a(syscalls.o)
                0x10002800                _close
 .text.__check_heap_overflow
                0x1000284c       0x18 /Applications/MCUXpressoIDE_11.10.0_3148/ide/plugins/com.nxp.mcuxpresso.tools.macosx_11.10.0.202311280810/tools/bin/../lib/gcc/arm-none-eabi/13.2.1/../../../../arm-none-eabi/lib/thumb/v8-m.main+fp/hard/libcr_newlib_semihost.a(_cr_check_heap.o)
                0x1000284c                __check_heap_overflow
 .text.fsl_assert_hook
                0x10002864       0x1a ./utilities/fsl_assert.o
                0x10002864                fsl_assert_hook
 .text.strnlen  0x1000287e       0x3a ./trustzone/veneer_table.o
                0x1000287e                strnlen
 .text.WDT_BOD_IRQHandler
                0x100028b8        0x8 ./startup/startup_lpc55s69_cm33_core0.o
                0x100028b8                WDT_BOD_IRQHandler
 .text.DMA0_IRQHandler
                0x100028c0        0x8 ./startup/startup_lpc55s69_cm33_core0.o
                0x100028c0                DMA0_IRQHandler
 .text.GINT0_IRQHandler
                0x100028c8        0x8 ./startup/startup_lpc55s69_cm33_core0.o
                0x100028c8                GINT0_IRQHandler
 .text.GINT1_IRQHandler
                0x100028d0        0x8 ./startup/startup_lpc55s69_cm33_core0.o
                0x100028d0                GINT1_IRQHandler
 .text.PIN_INT0_IRQHandler
                0x100028d8        0x8 ./startup/startup_lpc55s69_cm33_core0.o
                0x100028d8                PIN_INT0_IRQHandler
 .text.PIN_INT1_IRQHandler
                0x100028e0        0x8 ./startup/startup_lpc55s69_cm33_core0.o
                0x100028e0                PIN_INT1_IRQHandler
 .text.PIN_INT2_IRQHandler
                0x100028e8        0x8 ./startup/startup_lpc55s69_cm33_core0.o
                0x100028e8                PIN_INT2_IRQHandler
 .text.PIN_INT3_IRQHandler
                0x100028f0        0x8 ./startup/startup_lpc55s69_cm33_core0.o
                0x100028f0                PIN_INT3_IRQHandler
 .text.UTICK0_IRQHandler
                0x100028f8        0x8 ./startup/startup_lpc55s69_cm33_core0.o
                0x100028f8                UTICK0_IRQHandler
 .text.MRT0_IRQHandler
                0x10002900        0x8 ./startup/startup_lpc55s69_cm33_core0.o
                0x10002900                MRT0_IRQHandler
 .text.CTIMER0_IRQHandler
                0x10002908        0x8 ./startup/startup_lpc55s69_cm33_core0.o
                0x10002908                CTIMER0_IRQHandler
 .text.CTIMER1_IRQHandler
                0x10002910        0x8 ./startup/startup_lpc55s69_cm33_core0.o
                0x10002910                CTIMER1_IRQHandler
 .text.SCT0_IRQHandler
                0x10002918        0x8 ./startup/startup_lpc55s69_cm33_core0.o
                0x10002918                SCT0_IRQHandler
 .text.CTIMER3_IRQHandler
                0x10002920        0x8 ./startup/startup_lpc55s69_cm33_core0.o
                0x10002920                CTIMER3_IRQHandler
 .text.FLEXCOMM0_IRQHandler
                0x10002928        0x8 ./startup/startup_lpc55s69_cm33_core0.o
                0x10002928                FLEXCOMM0_IRQHandler
 .text.FLEXCOMM1_IRQHandler
                0x10002930        0x8 ./startup/startup_lpc55s69_cm33_core0.o
                0x10002930                FLEXCOMM1_IRQHandler
 .text.FLEXCOMM2_IRQHandler
                0x10002938        0x8 ./startup/startup_lpc55s69_cm33_core0.o
                0x10002938                FLEXCOMM2_IRQHandler
 .text.FLEXCOMM3_IRQHandler
                0x10002940        0x8 ./startup/startup_lpc55s69_cm33_core0.o
                0x10002940                FLEXCOMM3_IRQHandler
 .text.FLEXCOMM4_IRQHandler
                0x10002948        0x8 ./startup/startup_lpc55s69_cm33_core0.o
                0x10002948                FLEXCOMM4_IRQHandler
 .text.FLEXCOMM5_IRQHandler
                0x10002950        0x8 ./startup/startup_lpc55s69_cm33_core0.o
                0x10002950                FLEXCOMM5_IRQHandler
 .text.FLEXCOMM6_IRQHandler
                0x10002958        0x8 ./startup/startup_lpc55s69_cm33_core0.o
                0x10002958                FLEXCOMM6_IRQHandler
 .text.FLEXCOMM7_IRQHandler
                0x10002960        0x8 ./startup/startup_lpc55s69_cm33_core0.o
                0x10002960                FLEXCOMM7_IRQHandler
 .text.ADC0_IRQHandler
                0x10002968        0x8 ./startup/startup_lpc55s69_cm33_core0.o
                0x10002968                ADC0_IRQHandler
 .text.Reserved39_IRQHandler
                0x10002970        0x8 ./startup/startup_lpc55s69_cm33_core0.o
                0x10002970                Reserved39_IRQHandler
 .text.ACMP_IRQHandler
                0x10002978        0x8 ./startup/startup_lpc55s69_cm33_core0.o
                0x10002978                ACMP_IRQHandler
 .text.Reserved41_IRQHandler
                0x10002980        0x8 ./startup/startup_lpc55s69_cm33_core0.o
                0x10002980                Reserved41_IRQHandler
 .text.Reserved42_IRQHandler
                0x10002988        0x8 ./startup/startup_lpc55s69_cm33_core0.o
                0x10002988                Reserved42_IRQHandler
 .text.USB0_NEEDCLK_IRQHandler
                0x10002990        0x8 ./startup/startup_lpc55s69_cm33_core0.o
                0x10002990                USB0_NEEDCLK_IRQHandler
 .text.USB0_IRQHandler
                0x10002998        0x8 ./startup/startup_lpc55s69_cm33_core0.o
                0x10002998                USB0_IRQHandler
 .text.RTC_IRQHandler
                0x100029a0        0x8 ./startup/startup_lpc55s69_cm33_core0.o
                0x100029a0                RTC_IRQHandler
 .text.Reserved46_IRQHandler
                0x100029a8        0x8 ./startup/startup_lpc55s69_cm33_core0.o
                0x100029a8                Reserved46_IRQHandler
 .text.MAILBOX_IRQHandler
                0x100029b0        0x8 ./startup/startup_lpc55s69_cm33_core0.o
                0x100029b0                MAILBOX_IRQHandler
 .text.PIN_INT4_IRQHandler
                0x100029b8        0x8 ./startup/startup_lpc55s69_cm33_core0.o
                0x100029b8                PIN_INT4_IRQHandler
 .text.PIN_INT5_IRQHandler
                0x100029c0        0x8 ./startup/startup_lpc55s69_cm33_core0.o
                0x100029c0                PIN_INT5_IRQHandler
 .text.PIN_INT6_IRQHandler
                0x100029c8        0x8 ./startup/startup_lpc55s69_cm33_core0.o
                0x100029c8                PIN_INT6_IRQHandler
 .text.PIN_INT7_IRQHandler
                0x100029d0        0x8 ./startup/startup_lpc55s69_cm33_core0.o
                0x100029d0                PIN_INT7_IRQHandler
 .text.CTIMER2_IRQHandler
                0x100029d8        0x8 ./startup/startup_lpc55s69_cm33_core0.o
                0x100029d8                CTIMER2_IRQHandler
 .text.CTIMER4_IRQHandler
                0x100029e0        0x8 ./startup/startup_lpc55s69_cm33_core0.o
                0x100029e0                CTIMER4_IRQHandler
 .text.OS_EVENT_IRQHandler
                0x100029e8        0x8 ./startup/startup_lpc55s69_cm33_core0.o
                0x100029e8                OS_EVENT_IRQHandler
 .text.Reserved55_IRQHandler
                0x100029f0        0x8 ./startup/startup_lpc55s69_cm33_core0.o
                0x100029f0                Reserved55_IRQHandler
 .text.Reserved56_IRQHandler
                0x100029f8        0x8 ./startup/startup_lpc55s69_cm33_core0.o
                0x100029f8                Reserved56_IRQHandler
 .text.Reserved57_IRQHandler
                0x10002a00        0x8 ./startup/startup_lpc55s69_cm33_core0.o
                0x10002a00                Reserved57_IRQHandler
 .text.SDIO_IRQHandler
                0x10002a08        0x8 ./startup/startup_lpc55s69_cm33_core0.o
                0x10002a08                SDIO_IRQHandler
 .text.Reserved59_IRQHandler
                0x10002a10        0x8 ./startup/startup_lpc55s69_cm33_core0.o
                0x10002a10                Reserved59_IRQHandler
 .text.Reserved60_IRQHandler
                0x10002a18        0x8 ./startup/startup_lpc55s69_cm33_core0.o
                0x10002a18                Reserved60_IRQHandler
 .text.Reserved61_IRQHandler
                0x10002a20        0x8 ./startup/startup_lpc55s69_cm33_core0.o
                0x10002a20                Reserved61_IRQHandler
 .text.USB1_PHY_IRQHandler
                0x10002a28        0x8 ./startup/startup_lpc55s69_cm33_core0.o
                0x10002a28                USB1_PHY_IRQHandler
 .text.USB1_IRQHandler
                0x10002a30        0x8 ./startup/startup_lpc55s69_cm33_core0.o
                0x10002a30                USB1_IRQHandler
 .text.USB1_NEEDCLK_IRQHandler
                0x10002a38        0x8 ./startup/startup_lpc55s69_cm33_core0.o
                0x10002a38                USB1_NEEDCLK_IRQHandler
 .text.SEC_HYPERVISOR_CALL_IRQHandler
                0x10002a40        0x8 ./startup/startup_lpc55s69_cm33_core0.o
                0x10002a40                SEC_HYPERVISOR_CALL_IRQHandler
 .text.SEC_GPIO_INT0_IRQ0_IRQHandler
                0x10002a48        0x8 ./startup/startup_lpc55s69_cm33_core0.o
                0x10002a48                SEC_GPIO_INT0_IRQ0_IRQHandler
 .text.SEC_GPIO_INT0_IRQ1_IRQHandler
                0x10002a50        0x8 ./startup/startup_lpc55s69_cm33_core0.o
                0x10002a50                SEC_GPIO_INT0_IRQ1_IRQHandler
 .text.PLU_IRQHandler
                0x10002a58        0x8 ./startup/startup_lpc55s69_cm33_core0.o
                0x10002a58                PLU_IRQHandler
 .text.SEC_VIO_IRQHandler
                0x10002a60        0x8 ./startup/startup_lpc55s69_cm33_core0.o
                0x10002a60                SEC_VIO_IRQHandler
 .text.HASHCRYPT_IRQHandler
                0x10002a68        0x8 ./startup/startup_lpc55s69_cm33_core0.o
                0x10002a68                HASHCRYPT_IRQHandler
 .text.CASER_IRQHandler
                0x10002a70        0x8 ./startup/startup_lpc55s69_cm33_core0.o
                0x10002a70                CASER_IRQHandler
 .text.PUF_IRQHandler
                0x10002a78        0x8 ./startup/startup_lpc55s69_cm33_core0.o
                0x10002a78                PUF_IRQHandler
 .text.PQ_IRQHandler
                0x10002a80        0x8 ./startup/startup_lpc55s69_cm33_core0.o
                0x10002a80                PQ_IRQHandler
 .text.DMA1_IRQHandler
                0x10002a88        0x8 ./startup/startup_lpc55s69_cm33_core0.o
                0x10002a88                DMA1_IRQHandler
 .text.FLEXCOMM8_IRQHandler
                0x10002a90        0x8 ./startup/startup_lpc55s69_cm33_core0.o
                0x10002a90                FLEXCOMM8_IRQHandler
 .text.SystemInitHook
                0x10002a98        0xc ./source/hello_world_s.o
                0x10002a98                SystemInitHook
 .text.HardFault_Handler
                0x10002aa4       0x36 ./source/semihost_hardfault.o
                0x10002aa4                HardFault_Handler
 .text.CLOCK_IsPLL0Locked
                0x10002ada       0x24 ./drivers/fsl_clock.o
 .text.findPll0PreDiv
                0x10002afe       0x3e ./drivers/fsl_clock.o
 .text.DelayLoop
                0x10002b3c       0x20 ./drivers/fsl_common_arm.o
 .text.lowpower_set_voltage_for_process
                0x10002b5c       0xaa ./drivers/fsl_power.o
 .text.DbgConsole_Init
                0x10002c06       0x20 ./board/board.o
 .text.CLOCK_EnableClock
                0x10002c26       0x30 ./board/pin_mux.o
 .text.IOCON_PinMuxSet
                0x10002c56       0x2e ./board/pin_mux.o
 .text          0x10002c84       0x5c /Applications/MCUXpressoIDE_11.10.0_3148/ide/plugins/com.nxp.mcuxpresso.tools.macosx_11.10.0.202311280810/tools/bin/../lib/gcc/arm-none-eabi/13.2.1/thumb/v8-m.main+fp/hard/libgcc.a(cmse_nonsecure_call.o)
                0x10002c84                __gnu_cmse_nonsecure_call
 .text.memset   0x10002ce0       0x10 /Applications/MCUXpressoIDE_11.10.0_3148/ide/plugins/com.nxp.mcuxpresso.tools.macosx_11.10.0.202311280810/tools/bin/../lib/gcc/arm-none-eabi/13.2.1/../../../../arm-none-eabi/lib/thumb/v8-m.main+fp/hard/libc_nano.a(libc_a-memset.o)
                0x10002ce0                memset
 .text.__retarget_lock_init_recursive
                0x10002cf0        0x2 /Applications/MCUXpressoIDE_11.10.0_3148/ide/plugins/com.nxp.mcuxpresso.tools.macosx_11.10.0.202311280810/tools/bin/../lib/gcc/arm-none-eabi/13.2.1/../../../../arm-none-eabi/lib/thumb/v8-m.main+fp/hard/libc_nano.a(libc_a-lock.o)
                0x10002cf0                __retarget_lock_init_recursive
 .text.__retarget_lock_acquire_recursive
                0x10002cf2        0x2 /Applications/MCUXpressoIDE_11.10.0_3148/ide/plugins/com.nxp.mcuxpresso.tools.macosx_11.10.0.202311280810/tools/bin/../lib/gcc/arm-none-eabi/13.2.1/../../../../arm-none-eabi/lib/thumb/v8-m.main+fp/hard/libc_nano.a(libc_a-lock.o)
                0x10002cf2                __retarget_lock_acquire_recursive
 .text.__retarget_lock_release_recursive
                0x10002cf4        0x2 /Applications/MCUXpressoIDE_11.10.0_3148/ide/plugins/com.nxp.mcuxpresso.tools.macosx_11.10.0.202311280810/tools/bin/../lib/gcc/arm-none-eabi/13.2.1/../../../../arm-none-eabi/lib/thumb/v8-m.main+fp/hard/libc_nano.a(libc_a-lock.o)
                0x10002cf4                __retarget_lock_release_recursive
 .text.__sfputc_r
                0x10002cf6       0x2e /Applications/MCUXpressoIDE_11.10.0_3148/ide/plugins/com.nxp.mcuxpresso.tools.macosx_11.10.0.202311280810/tools/bin/../lib/gcc/arm-none-eabi/13.2.1/../../../../arm-none-eabi/lib/thumb/v8-m.main+fp/hard/libc_nano.a(libc_a-nano-vfprintf.o)
 .text.__sfputs_r
                0x10002d24       0x24 /Applications/MCUXpressoIDE_11.10.0_3148/ide/plugins/com.nxp.mcuxpresso.tools.macosx_11.10.0.202311280810/tools/bin/../lib/gcc/arm-none-eabi/13.2.1/../../../../arm-none-eabi/lib/thumb/v8-m.main+fp/hard/libc_nano.a(libc_a-nano-vfprintf.o)
                0x10002d24                __sfputs_r
 .text._printf_common
                0x10002d48       0xe4 /Applications/MCUXpressoIDE_11.10.0_3148/ide/plugins/com.nxp.mcuxpresso.tools.macosx_11.10.0.202311280810/tools/bin/../lib/gcc/arm-none-eabi/13.2.1/../../../../arm-none-eabi/lib/thumb/v8-m.main+fp/hard/libc_nano.a(libc_a-nano-vfprintf_i.o)
                0x10002d48                _printf_common
 .text._fwalk_sglue
                0x10002e2c       0x3c /Applications/MCUXpressoIDE_11.10.0_3148/ide/plugins/com.nxp.mcuxpresso.tools.macosx_11.10.0.202311280810/tools/bin/../lib/gcc/arm-none-eabi/13.2.1/../../../../arm-none-eabi/lib/thumb/v8-m.main+fp/hard/libc_nano.a(libc_a-fwalk.o)
                0x10002e2c                _fwalk_sglue
 .text.__swbuf_r
                0x10002e68       0x7c /Applications/MCUXpressoIDE_11.10.0_3148/ide/plugins/com.nxp.mcuxpresso.tools.macosx_11.10.0.202311280810/tools/bin/../lib/gcc/arm-none-eabi/13.2.1/../../../../arm-none-eabi/lib/thumb/v8-m.main+fp/hard/libc_nano.a(libc_a-wbuf.o)
                0x10002e68                __swbuf_r
 .text.__swhatbuf_r
                0x10002ee4       0x4a /Applications/MCUXpressoIDE_11.10.0_3148/ide/plugins/com.nxp.mcuxpresso.tools.macosx_11.10.0.202311280810/tools/bin/../lib/gcc/arm-none-eabi/13.2.1/../../../../arm-none-eabi/lib/thumb/v8-m.main+fp/hard/libc_nano.a(libc_a-makebuf.o)
                0x10002ee4                __swhatbuf_r
 .text.__smakebuf_r
                0x10002f2e       0x78 /Applications/MCUXpressoIDE_11.10.0_3148/ide/plugins/com.nxp.mcuxpresso.tools.macosx_11.10.0.202311280810/tools/bin/../lib/gcc/arm-none-eabi/13.2.1/../../../../arm-none-eabi/lib/thumb/v8-m.main+fp/hard/libc_nano.a(libc_a-makebuf.o)
                0x10002f2e                __smakebuf_r
 .text.memchr   0x10002fa6       0x1c /Applications/MCUXpressoIDE_11.10.0_3148/ide/plugins/com.nxp.mcuxpresso.tools.macosx_11.10.0.202311280810/tools/bin/../lib/gcc/arm-none-eabi/13.2.1/../../../../arm-none-eabi/lib/thumb/v8-m.main+fp/hard/libc_nano.a(libc_a-memchr-stub.o)
                0x10002fa6                memchr
 .text._fflush_r
                0x10002fc2       0x50 /Applications/MCUXpressoIDE_11.10.0_3148/ide/plugins/com.nxp.mcuxpresso.tools.macosx_11.10.0.202311280810/tools/bin/../lib/gcc/arm-none-eabi/13.2.1/../../../../arm-none-eabi/lib/thumb/v8-m.main+fp/hard/libc_nano.a(libc_a-fflush.o)
                0x10002fc2                _fflush_r
 .text.__sread  0x10003012       0x22 /Applications/MCUXpressoIDE_11.10.0_3148/ide/plugins/com.nxp.mcuxpresso.tools.macosx_11.10.0.202311280810/tools/bin/../lib/gcc/arm-none-eabi/13.2.1/../../../../arm-none-eabi/lib/thumb/v8-m.main+fp/hard/libc_nano.a(libc_a-stdio.o)
                0x10003012                __sread
 .text.__swrite
                0x10003034       0x38 /Applications/MCUXpressoIDE_11.10.0_3148/ide/plugins/com.nxp.mcuxpresso.tools.macosx_11.10.0.202311280810/tools/bin/../lib/gcc/arm-none-eabi/13.2.1/../../../../arm-none-eabi/lib/thumb/v8-m.main+fp/hard/libc_nano.a(libc_a-stdio.o)
                0x10003034                __swrite
 .text.__sseek  0x1000306c       0x24 /Applications/MCUXpressoIDE_11.10.0_3148/ide/plugins/com.nxp.mcuxpresso.tools.macosx_11.10.0.202311280810/tools/bin/../lib/gcc/arm-none-eabi/13.2.1/../../../../arm-none-eabi/lib/thumb/v8-m.main+fp/hard/libc_nano.a(libc_a-stdio.o)
                0x1000306c                __sseek
 .text.__sclose
                0x10003090        0x8 /Applications/MCUXpressoIDE_11.10.0_3148/ide/plugins/com.nxp.mcuxpresso.tools.macosx_11.10.0.202311280810/tools/bin/../lib/gcc/arm-none-eabi/13.2.1/../../../../arm-none-eabi/lib/thumb/v8-m.main+fp/hard/libc_nano.a(libc_a-stdio.o)
                0x10003090                __sclose
 .text.error    0x10003098       0x1c /Applications/MCUXpressoIDE_11.10.0_3148/ide/plugins/com.nxp.mcuxpresso.tools.macosx_11.10.0.202311280810/tools/bin/../lib/gcc/arm-none-eabi/13.2.1/../../../../arm-none-eabi/lib/thumb/v8-m.main+fp/hard/libcr_newlib_semihost.a(syscalls.o)
 .text.checkerror
                0x100030b4        0xa /Applications/MCUXpressoIDE_11.10.0_3148/ide/plugins/com.nxp.mcuxpresso.tools.macosx_11.10.0.202311280810/tools/bin/../lib/gcc/arm-none-eabi/13.2.1/../../../../arm-none-eabi/lib/thumb/v8-m.main+fp/hard/libcr_newlib_semihost.a(syscalls.o)
 .text._swiread
                0x100030be       0x20 /Applications/MCUXpressoIDE_11.10.0_3148/ide/plugins/com.nxp.mcuxpresso.tools.macosx_11.10.0.202311280810/tools/bin/../lib/gcc/arm-none-eabi/13.2.1/../../../../arm-none-eabi/lib/thumb/v8-m.main+fp/hard/libcr_newlib_semihost.a(syscalls.o)
                0x100030be                _swiread
 .text._read    0x100030de       0x34 /Applications/MCUXpressoIDE_11.10.0_3148/ide/plugins/com.nxp.mcuxpresso.tools.macosx_11.10.0.202311280810/tools/bin/../lib/gcc/arm-none-eabi/13.2.1/../../../../arm-none-eabi/lib/thumb/v8-m.main+fp/hard/libcr_newlib_semihost.a(syscalls.o)
                0x100030de                _read
 .text._swilseek
                0x10003112       0x78 /Applications/MCUXpressoIDE_11.10.0_3148/ide/plugins/com.nxp.mcuxpresso.tools.macosx_11.10.0.202311280810/tools/bin/../lib/gcc/arm-none-eabi/13.2.1/../../../../arm-none-eabi/lib/thumb/v8-m.main+fp/hard/libcr_newlib_semihost.a(syscalls.o)
                0x10003112                _swilseek
 .text._lseek   0x1000318a        0x4 /Applications/MCUXpressoIDE_11.10.0_3148/ide/plugins/com.nxp.mcuxpresso.tools.macosx_11.10.0.202311280810/tools/bin/../lib/gcc/arm-none-eabi/13.2.1/../../../../arm-none-eabi/lib/thumb/v8-m.main+fp/hard/libcr_newlib_semihost.a(syscalls.o)
                0x1000318a                _lseek
 .text._swiwrite
                0x1000318e       0x20 /Applications/MCUXpressoIDE_11.10.0_3148/ide/plugins/com.nxp.mcuxpresso.tools.macosx_11.10.0.202311280810/tools/bin/../lib/gcc/arm-none-eabi/13.2.1/../../../../arm-none-eabi/lib/thumb/v8-m.main+fp/hard/libcr_newlib_semihost.a(syscalls.o)
                0x1000318e                _swiwrite
 .text._write   0x100031ae       0x40 /Applications/MCUXpressoIDE_11.10.0_3148/ide/plugins/com.nxp.mcuxpresso.tools.macosx_11.10.0.202311280810/tools/bin/../lib/gcc/arm-none-eabi/13.2.1/../../../../arm-none-eabi/lib/thumb/v8-m.main+fp/hard/libcr_newlib_semihost.a(syscalls.o)
                0x100031ae                _write
 .text._swiclose
                0x100031ee       0x1a /Applications/MCUXpressoIDE_11.10.0_3148/ide/plugins/com.nxp.mcuxpresso.tools.macosx_11.10.0.202311280810/tools/bin/../lib/gcc/arm-none-eabi/13.2.1/../../../../arm-none-eabi/lib/thumb/v8-m.main+fp/hard/libcr_newlib_semihost.a(syscalls.o)
                0x100031ee                _swiclose
 .text._swistat
                0x10003208       0x42 /Applications/MCUXpressoIDE_11.10.0_3148/ide/plugins/com.nxp.mcuxpresso.tools.macosx_11.10.0.202311280810/tools/bin/../lib/gcc/arm-none-eabi/13.2.1/../../../../arm-none-eabi/lib/thumb/v8-m.main+fp/hard/libcr_newlib_semihost.a(syscalls.o)
                0x10003208                _swistat
 .text._fstat   0x1000324a       0x1c /Applications/MCUXpressoIDE_11.10.0_3148/ide/plugins/com.nxp.mcuxpresso.tools.macosx_11.10.0.202311280810/tools/bin/../lib/gcc/arm-none-eabi/13.2.1/../../../../arm-none-eabi/lib/thumb/v8-m.main+fp/hard/libcr_newlib_semihost.a(syscalls.o)
                0x1000324a                _fstat
 .text._isatty  0x10003266       0x2a /Applications/MCUXpressoIDE_11.10.0_3148/ide/plugins/com.nxp.mcuxpresso.tools.macosx_11.10.0.202311280810/tools/bin/../lib/gcc/arm-none-eabi/13.2.1/../../../../arm-none-eabi/lib/thumb/v8-m.main+fp/hard/libcr_newlib_semihost.a(syscalls.o)
                0x10003266                _isatty
 *(SORT_BY_ALIGNMENT(.rodata) SORT_BY_ALIGNMENT(.rodata.*) SORT_BY_ALIGNMENT(.constdata) SORT_BY_ALIGNMENT(.constdata.*))
 .rodata.__assert_func.str1.4
                0x10003290      0x2b4 ./utilities/fsl_assert.o
                                 0x3e (size before relaxing)
 .rodata.DbgConsole_Printf_NSE.str1.4
                0x10003544       0x5d ./trustzone/veneer_table.o
 .rodata.StringCompare_NSE.str1.4
                0x10003544       0xef ./trustzone/veneer_table.o
 .rodata.main.str1.4
                0x10003544       0x35 ./source/hello_world_s.o
 .rodata.MSDK_EnableCpuCycleCounter.str1.4
                0x10003544       0x51 ./drivers/fsl_common_arm.o
 .rodata.SDK_DelayAtLeastUs.str1.4
                0x10003544       0x14 ./drivers/fsl_common_arm.o
 .rodata.__func__.0
                0x10003544       0x13 ./drivers/fsl_common_arm.o
 *fill*         0x10003557        0x1 ff
 .rodata.s_flexcommBaseAddrs
                0x10003558       0x24 ./drivers/fsl_flexcomm.o
 .rodata.FLEXCOMM_GetInstance.str1.4
                0x1000357c       0x3f ./drivers/fsl_flexcomm.o
 .rodata.FLEXCOMM0_DriverIRQHandler.str1.4
                0x1000357c       0x27 ./drivers/fsl_flexcomm.o
 .rodata.__func__.9
                0x1000357c       0x15 ./drivers/fsl_flexcomm.o
 *fill*         0x10003591        0x3 ff
 .rodata.__func__.8
                0x10003594       0x1b ./drivers/fsl_flexcomm.o
 *fill*         0x100035af        0x1 ff
 .rodata.__func__.7
                0x100035b0       0x1b ./drivers/fsl_flexcomm.o
 *fill*         0x100035cb        0x1 ff
 .rodata.__func__.6
                0x100035cc       0x1b ./drivers/fsl_flexcomm.o
 *fill*         0x100035e7        0x1 ff
 .rodata.__func__.5
                0x100035e8       0x1b ./drivers/fsl_flexcomm.o
 *fill*         0x10003603        0x1 ff
 .rodata.__func__.4
                0x10003604       0x1b ./drivers/fsl_flexcomm.o
 *fill*         0x1000361f        0x1 ff
 .rodata.__func__.3
                0x10003620       0x1b ./drivers/fsl_flexcomm.o
 *fill*         0x1000363b        0x1 ff
 .rodata.__func__.2
                0x1000363c       0x1b ./drivers/fsl_flexcomm.o
 *fill*         0x10003657        0x1 ff
 .rodata.__func__.1
                0x10003658       0x1b ./drivers/fsl_flexcomm.o
 *fill*         0x10003673        0x1 ff
 .rodata.__func__.0
                0x10003674       0x1b ./drivers/fsl_flexcomm.o
 .rodata.RESET_SetPeripheralReset.str1.4
                0x1000368f       0x1c ./drivers/fsl_reset.o
 *fill*         0x1000368f        0x1 ff
 .rodata.__func__.0
                0x10003690       0x1b ./drivers/fsl_reset.o
 .rodata._vfprintf_r.str1.1
                0x100036ab       0x37 /Applications/MCUXpressoIDE_11.10.0_3148/ide/plugins/com.nxp.mcuxpresso.tools.macosx_11.10.0.202311280810/tools/bin/../lib/gcc/arm-none-eabi/13.2.1/../../../../arm-none-eabi/lib/thumb/v8-m.main+fp/hard/libc_nano.a(libc_a-nano-vfprintf.o)
                                 0x11 (size before relaxing)
 .rodata._printf_i.str1.1
                0x100036e2       0x22 /Applications/MCUXpressoIDE_11.10.0_3148/ide/plugins/com.nxp.mcuxpresso.tools.macosx_11.10.0.202311280810/tools/bin/../lib/gcc/arm-none-eabi/13.2.1/../../../../arm-none-eabi/lib/thumb/v8-m.main+fp/hard/libc_nano.a(libc_a-nano-vfprintf_i.o)
 .rodata.initialise_monitor_handles.part.0.str1.1
                0x100036e2        0x4 /Applications/MCUXpressoIDE_11.10.0_3148/ide/plugins/com.nxp.mcuxpresso.tools.macosx_11.10.0.202311280810/tools/bin/../lib/gcc/arm-none-eabi/13.2.1/../../../../arm-none-eabi/lib/thumb/v8-m.main+fp/hard/libcr_newlib_semihost.a(syscalls.o)
                0x10003704                        . = ALIGN (0x4)
 *fill*         0x100036e2        0x2 ff

.glue_7         0x100036e4        0x0
 .glue_7        0x100036e4        0x0 linker stubs

.glue_7t        0x100036e4        0x0
 .glue_7t       0x100036e4        0x0 linker stubs

.vfp11_veneer   0x100036e4        0x0
 .vfp11_veneer  0x100036e4        0x0 linker stubs

.v4_bx          0x100036e4        0x0
 .v4_bx         0x100036e4        0x0 linker stubs

.iplt           0x100036e4        0x0
 .iplt          0x100036e4        0x0 ./utilities/fsl_assert.o

.ARM.extab
 *(SORT_BY_ALIGNMENT(.ARM.extab*) SORT_BY_ALIGNMENT(.gnu.linkonce.armextab.*))

.ARM.exidx      0x100036e4        0x8
                0x100036e4                        __exidx_start = .
 *(SORT_BY_ALIGNMENT(.ARM.exidx*) SORT_BY_ALIGNMENT(.gnu.linkonce.armexidx.*))
 .ARM.exidx.text.__udivmoddi4
                0x100036e4        0x8 /Applications/MCUXpressoIDE_11.10.0_3148/ide/plugins/com.nxp.mcuxpresso.tools.macosx_11.10.0.202311280810/tools/bin/../lib/gcc/arm-none-eabi/13.2.1/thumb/v8-m.main+fp/hard/libgcc.a(_udivmoddi4.o)
                0x100036ec                        __exidx_end = .
                0x100036ec                        _etext = .

.rel.dyn        0x100036ec        0x0
 .rel.iplt      0x100036ec        0x0 ./utilities/fsl_assert.o

.uninit_RESERVED
                0x30000000        0x0
                0x30000000                        _start_uninit_RESERVED = .
 *(SORT_BY_ALIGNMENT(.bss.$RESERVED*))
                0x30000000                        . = ALIGN (0x4)
                0x30000000                        _end_uninit_RESERVED = .

.data           0x30000000       0x64 load address 0x100036ec
 FILL mask 0xff
                0x30000000                        _data = .
                [!provide]                        PROVIDE (__start_data_RAM = .)
                [!provide]                        PROVIDE (__start_data_Ram0 = .)
 *(SORT_BY_ALIGNMENT(vtable))
 *(SORT_BY_ALIGNMENT(.ramfunc*))
 *(SORT_BY_ALIGNMENT(CodeQuickAccess))
 *(SORT_BY_ALIGNMENT(DataQuickAccess))
 *(SORT_BY_ALIGNMENT(RamFunction))
 *(SORT_BY_ALIGNMENT(.data*))
 .data.s_Ext_Clk_Freq
                0x30000000        0x4 ./drivers/fsl_clock.o
 .data.SystemCoreClock
                0x30000004        0x4 ./device/system_LPC55S69_cm33_core0.o
                0x30000004                SystemCoreClock
 .data._impure_ptr
                0x30000008        0x4 /Applications/MCUXpressoIDE_11.10.0_3148/ide/plugins/com.nxp.mcuxpresso.tools.macosx_11.10.0.202311280810/tools/bin/../lib/gcc/arm-none-eabi/13.2.1/../../../../arm-none-eabi/lib/thumb/v8-m.main+fp/hard/libc_nano.a(libc_a-impure.o)
                0x30000008                _impure_ptr
 .data._impure_data
                0x3000000c       0x4c /Applications/MCUXpressoIDE_11.10.0_3148/ide/plugins/com.nxp.mcuxpresso.tools.macosx_11.10.0.202311280810/tools/bin/../lib/gcc/arm-none-eabi/13.2.1/../../../../arm-none-eabi/lib/thumb/v8-m.main+fp/hard/libc_nano.a(libc_a-impure.o)
                0x3000000c                _impure_data
 .data.__sglue  0x30000058        0xc /Applications/MCUXpressoIDE_11.10.0_3148/ide/plugins/com.nxp.mcuxpresso.tools.macosx_11.10.0.202311280810/tools/bin/../lib/gcc/arm-none-eabi/13.2.1/../../../../arm-none-eabi/lib/thumb/v8-m.main+fp/hard/libc_nano.a(libc_a-findfp.o)
                0x30000058                __sglue
                0x30000064                        . = ALIGN (0x4)
                0x30000064                        _edata = .
                [!provide]                        PROVIDE (__end_data_RAM = .)
                [!provide]                        PROVIDE (__end_data_Ram0 = .)

.igot.plt       0x30000064        0x0 load address 0x10003750
 .igot.plt      0x30000064        0x0 ./utilities/fsl_assert.o

.bss            0x30000064      0x1d4
                0x30000064                        _bss = .
                [!provide]                        PROVIDE (__start_bss_RAM = .)
                [!provide]                        PROVIDE (__start_bss_Ram0 = .)
 *(SORT_BY_ALIGNMENT(.bss*))
 .bss.s_Pll0_Freq
                0x30000064        0x4 ./drivers/fsl_clock.o
 .bss.s_flexcommIrqHandler
                0x30000068       0x24 ./drivers/fsl_flexcomm.o
 .bss.s_flexcommHandle
                0x3000008c       0x24 ./drivers/fsl_flexcomm.o
 .bss.__malloc_sbrk_start
                0x300000b0        0x4 /Applications/MCUXpressoIDE_11.10.0_3148/ide/plugins/com.nxp.mcuxpresso.tools.macosx_11.10.0.202311280810/tools/bin/../lib/gcc/arm-none-eabi/13.2.1/../../../../arm-none-eabi/lib/thumb/v8-m.main+fp/hard/libc_nano.a(libc_a-mallocr.o)
                0x300000b0                __malloc_sbrk_start
 .bss.__malloc_free_list
                0x300000b4        0x4 /Applications/MCUXpressoIDE_11.10.0_3148/ide/plugins/com.nxp.mcuxpresso.tools.macosx_11.10.0.202311280810/tools/bin/../lib/gcc/arm-none-eabi/13.2.1/../../../../arm-none-eabi/lib/thumb/v8-m.main+fp/hard/libc_nano.a(libc_a-mallocr.o)
                0x300000b4                __malloc_free_list
 .bss.__sf      0x300000b8      0x138 /Applications/MCUXpressoIDE_11.10.0_3148/ide/plugins/com.nxp.mcuxpresso.tools.macosx_11.10.0.202311280810/tools/bin/../lib/gcc/arm-none-eabi/13.2.1/../../../../arm-none-eabi/lib/thumb/v8-m.main+fp/hard/libc_nano.a(libc_a-findfp.o)
                0x300000b8                __sf
 .bss.__stdio_exit_handler
                0x300001f0        0x4 /Applications/MCUXpressoIDE_11.10.0_3148/ide/plugins/com.nxp.mcuxpresso.tools.macosx_11.10.0.202311280810/tools/bin/../lib/gcc/arm-none-eabi/13.2.1/../../../../arm-none-eabi/lib/thumb/v8-m.main+fp/hard/libc_nano.a(libc_a-findfp.o)
                0x300001f0                __stdio_exit_handler
 .bss.errno     0x300001f4        0x4 /Applications/MCUXpressoIDE_11.10.0_3148/ide/plugins/com.nxp.mcuxpresso.tools.macosx_11.10.0.202311280810/tools/bin/../lib/gcc/arm-none-eabi/13.2.1/../../../../arm-none-eabi/lib/thumb/v8-m.main+fp/hard/libc_nano.a(libc_a-reent.o)
                0x300001f4                errno
 .bss.__end_of_heap
                0x300001f8        0x4 /Applications/MCUXpressoIDE_11.10.0_3148/ide/plugins/com.nxp.mcuxpresso.tools.macosx_11.10.0.202311280810/tools/bin/../lib/gcc/arm-none-eabi/13.2.1/../../../../arm-none-eabi/lib/thumb/v8-m.main+fp/hard/libcr_newlib_semihost.a(_cr_sbrk.o)
                0x300001f8                __end_of_heap
 .bss.initialized.0
                0x300001fc        0x4 /Applications/MCUXpressoIDE_11.10.0_3148/ide/plugins/com.nxp.mcuxpresso.tools.macosx_11.10.0.202311280810/tools/bin/../lib/gcc/arm-none-eabi/13.2.1/../../../../arm-none-eabi/lib/thumb/v8-m.main+fp/hard/libcr_newlib_semihost.a(syscalls.o)
 .bss.monitor_stderr
                0x30000200        0x4 /Applications/MCUXpressoIDE_11.10.0_3148/ide/plugins/com.nxp.mcuxpresso.tools.macosx_11.10.0.202311280810/tools/bin/../lib/gcc/arm-none-eabi/13.2.1/../../../../arm-none-eabi/lib/thumb/v8-m.main+fp/hard/libcr_newlib_semihost.a(syscalls.o)
 .bss.monitor_stdout
                0x30000204        0x4 /Applications/MCUXpressoIDE_11.10.0_3148/ide/plugins/com.nxp.mcuxpresso.tools.macosx_11.10.0.202311280810/tools/bin/../lib/gcc/arm-none-eabi/13.2.1/../../../../arm-none-eabi/lib/thumb/v8-m.main+fp/hard/libcr_newlib_semihost.a(syscalls.o)
 .bss.monitor_stdin
                0x30000208        0x4 /Applications/MCUXpressoIDE_11.10.0_3148/ide/plugins/com.nxp.mcuxpresso.tools.macosx_11.10.0.202311280810/tools/bin/../lib/gcc/arm-none-eabi/13.2.1/../../../../arm-none-eabi/lib/thumb/v8-m.main+fp/hard/libcr_newlib_semihost.a(syscalls.o)
 .bss.openfiles
                0x3000020c       0x28 /Applications/MCUXpressoIDE_11.10.0_3148/ide/plugins/com.nxp.mcuxpresso.tools.macosx_11.10.0.202311280810/tools/bin/../lib/gcc/arm-none-eabi/13.2.1/../../../../arm-none-eabi/lib/thumb/v8-m.main+fp/hard/libcr_newlib_semihost.a(syscalls.o)
 .bss.__lock___malloc_recursive_mutex
                0x30000234        0x1 /Applications/MCUXpressoIDE_11.10.0_3148/ide/plugins/com.nxp.mcuxpresso.tools.macosx_11.10.0.202311280810/tools/bin/../lib/gcc/arm-none-eabi/13.2.1/../../../../arm-none-eabi/lib/thumb/v8-m.main+fp/hard/libc_nano.a(libc_a-lock.o)
                0x30000234                __lock___malloc_recursive_mutex
 .bss.__lock___sfp_recursive_mutex
                0x30000235        0x1 /Applications/MCUXpressoIDE_11.10.0_3148/ide/plugins/com.nxp.mcuxpresso.tools.macosx_11.10.0.202311280810/tools/bin/../lib/gcc/arm-none-eabi/13.2.1/../../../../arm-none-eabi/lib/thumb/v8-m.main+fp/hard/libc_nano.a(libc_a-lock.o)
                0x30000235                __lock___sfp_recursive_mutex
 *(SORT_BY_ALIGNMENT(COMMON))
                0x30000238                        . = ALIGN (0x4)
 *fill*         0x30000236        0x2 
                0x30000238                        _ebss = .
                [!provide]                        PROVIDE (__end_bss_RAM = .)
                [!provide]                        PROVIDE (__end_bss_Ram0 = .)
                [!provide]                        PROVIDE (end = .)

.noinit         0x30000238        0x0
                0x30000238                        _noinit = .
                [!provide]                        PROVIDE (__start_noinit_RAM = .)
                [!provide]                        PROVIDE (__start_noinit_Ram0 = .)
 *(SORT_BY_ALIGNMENT(.noinit*))
                0x30000238                        . = ALIGN (0x4)
                0x30000238                        _end_noinit = .
                [!provide]                        PROVIDE (__end_noinit_RAM = .)
                [!provide]                        PROVIDE (__end_noinit_Ram0 = .)
                0x00000800                        _HeapSize = 0x800

.heap           0x30000238      0x800
                0x30000238                        _pvHeapStart = .
                0x30000a38                        . = (. + _HeapSize)
 *fill*         0x30000238      0x800 
                0x30000a38                        . = ALIGN (0x4)
                0x30000a38                        _pvHeapLimit = .
                0x00000800                        _StackSize = 0x800

.heap2stackfill
                0x30000a38      0x800
                0x30001238                        . = (. + _StackSize)
 *fill*         0x30000a38      0x800 

.stack          0x30007800        0x0
                0x30007800                        _vStackBase = .
                0x30007800                        . = ALIGN (0x4)
                0x30008000                        _vStackTop = (. + _StackSize)
                [!provide]                        PROVIDE (__valid_user_code_checksum = (0x0 - ((((((_vStackTop + (ResetISR + 0x1)) + (NMI_Handler + 0x1)) + (HardFault_Handler + 0x1)) + (DEFINED (MemManage_Handler)?MemManage_Handler:0x0 + 0x1)) + (DEFINED (BusFault_Handler)?BusFault_Handler:0x0 + 0x1)) + (DEFINED (UsageFault_Handler)?UsageFault_Handler:0x0 + 0x1))))
                0x10000000                        _image_start = LOADADDR (.text)
                0x10003750                        _image_end = (LOADADDR (.data) + SIZEOF (.data))
                0x00003750                        _image_size = (_image_end - _image_start)
OUTPUT(Test_hello_world_s.axf elf32-littlearm)
LOAD linker stubs

.debug_info     0x00000000    0x10245
 .debug_info    0x00000000      0x13c ./utilities/fsl_assert.o
 .debug_info    0x0000013c      0x479 ./trustzone/tzm_api.o
 .debug_info    0x000005b5      0xd64 ./trustzone/tzm_config.o
 .debug_info    0x00001319      0x224 ./trustzone/veneer_table.o
 .debug_info    0x0000153d      0x9db ./startup/startup_lpc55s69_cm33_core0.o
 .debug_info    0x00001f18      0x9a5 ./source/hello_world_s.o
 .debug_info    0x000028bd       0x3c ./source/semihost_hardfault.o
 .debug_info    0x000028f9     0x354f ./drivers/fsl_clock.o
 .debug_info    0x00005e48      0x69c ./drivers/fsl_common_arm.o
 .debug_info    0x000064e4     0x1c32 ./drivers/fsl_flexcomm.o
 .debug_info    0x00008116     0x2b4d ./drivers/fsl_power.o
 .debug_info    0x0000ac63      0xf7a ./drivers/fsl_reset.o
 .debug_info    0x0000bbdd     0x151c ./device/system_LPC55S69_cm33_core0.o
 .debug_info    0x0000d0f9      0x96a ./board/board.o
 .debug_info    0x0000da63     0x1848 ./board/clock_config.o
 .debug_info    0x0000f2ab      0xf9a ./board/pin_mux.o

.debug_abbrev   0x00000000     0x1b54
 .debug_abbrev  0x00000000       0xb3 ./utilities/fsl_assert.o
 .debug_abbrev  0x000000b3      0x135 ./trustzone/tzm_api.o
 .debug_abbrev  0x000001e8      0x114 ./trustzone/tzm_config.o
 .debug_abbrev  0x000002fc      0x118 ./trustzone/veneer_table.o
 .debug_abbrev  0x00000414      0x167 ./startup/startup_lpc55s69_cm33_core0.o
 .debug_abbrev  0x0000057b      0x1a8 ./source/hello_world_s.o
 .debug_abbrev  0x00000723       0x31 ./source/semihost_hardfault.o
 .debug_abbrev  0x00000754      0x3b5 ./drivers/fsl_clock.o
 .debug_abbrev  0x00000b09      0x16e ./drivers/fsl_common_arm.o
 .debug_abbrev  0x00000c77      0x2cb ./drivers/fsl_flexcomm.o
 .debug_abbrev  0x00000f42      0x368 ./drivers/fsl_power.o
 .debug_abbrev  0x000012aa      0x175 ./drivers/fsl_reset.o
 .debug_abbrev  0x0000141f      0x216 ./device/system_LPC55S69_cm33_core0.o
 .debug_abbrev  0x00001635      0x120 ./board/board.o
 .debug_abbrev  0x00001755      0x226 ./board/clock_config.o
 .debug_abbrev  0x0000197b      0x1d9 ./board/pin_mux.o

.debug_aranges  0x00000000      0x878
 .debug_aranges
                0x00000000       0x28 ./utilities/fsl_assert.o
 .debug_aranges
                0x00000028       0x20 ./trustzone/tzm_api.o
 .debug_aranges
                0x00000048       0x20 ./trustzone/tzm_config.o
 .debug_aranges
                0x00000068       0x30 ./trustzone/veneer_table.o
 .debug_aranges
                0x00000098      0x268 ./startup/startup_lpc55s69_cm33_core0.o
 .debug_aranges
                0x00000300       0x30 ./source/hello_world_s.o
 .debug_aranges
                0x00000330       0x20 ./source/semihost_hardfault.o
 .debug_aranges
                0x00000350      0x228 ./drivers/fsl_clock.o
 .debug_aranges
                0x00000578       0x38 ./drivers/fsl_common_arm.o
 .debug_aranges
                0x000005b0       0x90 ./drivers/fsl_flexcomm.o
 .debug_aranges
                0x00000640       0xc8 ./drivers/fsl_power.o
 .debug_aranges
                0x00000708       0x30 ./drivers/fsl_reset.o
 .debug_aranges
                0x00000738       0x88 ./device/system_LPC55S69_cm33_core0.o
 .debug_aranges
                0x000007c0       0x30 ./board/board.o
 .debug_aranges
                0x000007f0       0x50 ./board/clock_config.o
 .debug_aranges
                0x00000840       0x38 ./board/pin_mux.o

.debug_ranges   0x00000000      0x778
 .debug_ranges  0x00000000       0x18 ./utilities/fsl_assert.o
 .debug_ranges  0x00000018       0x10 ./trustzone/tzm_api.o
 .debug_ranges  0x00000028       0x10 ./trustzone/tzm_config.o
 .debug_ranges  0x00000038       0x20 ./trustzone/veneer_table.o
 .debug_ranges  0x00000058      0x258 ./startup/startup_lpc55s69_cm33_core0.o
 .debug_ranges  0x000002b0       0x20 ./source/hello_world_s.o
 .debug_ranges  0x000002d0       0x10 ./source/semihost_hardfault.o
 .debug_ranges  0x000002e0      0x218 ./drivers/fsl_clock.o
 .debug_ranges  0x000004f8       0x28 ./drivers/fsl_common_arm.o
 .debug_ranges  0x00000520       0x80 ./drivers/fsl_flexcomm.o
 .debug_ranges  0x000005a0       0xb8 ./drivers/fsl_power.o
 .debug_ranges  0x00000658       0x20 ./drivers/fsl_reset.o
 .debug_ranges  0x00000678       0x78 ./device/system_LPC55S69_cm33_core0.o
 .debug_ranges  0x000006f0       0x20 ./board/board.o
 .debug_ranges  0x00000710       0x40 ./board/clock_config.o
 .debug_ranges  0x00000750       0x28 ./board/pin_mux.o

.debug_macro    0x00000000    0x18bc3
 .debug_macro   0x00000000      0x274 ./utilities/fsl_assert.o
 .debug_macro   0x00000274      0xb0e ./utilities/fsl_assert.o
 .debug_macro   0x00000d82       0x22 ./utilities/fsl_assert.o
 .debug_macro   0x00000da4       0x5b ./utilities/fsl_assert.o
 .debug_macro   0x00000dff       0x2a ./utilities/fsl_assert.o
 .debug_macro   0x00000e29       0x94 ./utilities/fsl_assert.o
 .debug_macro   0x00000ebd       0x43 ./utilities/fsl_assert.o
 .debug_macro   0x00000f00       0x34 ./utilities/fsl_assert.o
 .debug_macro   0x00000f34       0x16 ./utilities/fsl_assert.o
 .debug_macro   0x00000f4a       0x22 ./utilities/fsl_assert.o
 .debug_macro   0x00000f6c       0x57 ./utilities/fsl_assert.o
 .debug_macro   0x00000fc3      0x103 ./utilities/fsl_assert.o
 .debug_macro   0x000010c6       0x6a ./utilities/fsl_assert.o
 .debug_macro   0x00001130      0x1df ./utilities/fsl_assert.o
 .debug_macro   0x0000130f      0x189 ./utilities/fsl_assert.o
 .debug_macro   0x00001498      0x38c ./utilities/fsl_assert.o
 .debug_macro   0x00001824       0x16 ./utilities/fsl_assert.o
 .debug_macro   0x0000183a       0x4a ./utilities/fsl_assert.o
 .debug_macro   0x00001884       0x34 ./utilities/fsl_assert.o
 .debug_macro   0x000018b8       0x10 ./utilities/fsl_assert.o
 .debug_macro   0x000018c8       0x58 ./utilities/fsl_assert.o
 .debug_macro   0x00001920       0x8e ./utilities/fsl_assert.o
 .debug_macro   0x000019ae       0x10 ./utilities/fsl_assert.o
 .debug_macro   0x000019be      0x177 ./utilities/fsl_assert.o
 .debug_macro   0x00001b35       0x10 ./utilities/fsl_assert.o
 .debug_macro   0x00001b45       0x3c ./utilities/fsl_assert.o
 .debug_macro   0x00001b81       0x16 ./utilities/fsl_assert.o
 .debug_macro   0x00001b97       0x16 ./utilities/fsl_assert.o
 .debug_macro   0x00001bad       0x29 ./utilities/fsl_assert.o
 .debug_macro   0x00001bd6       0x10 ./utilities/fsl_assert.o
 .debug_macro   0x00001be6       0x46 ./utilities/fsl_assert.o
 .debug_macro   0x00001c2c       0x1c ./utilities/fsl_assert.o
 .debug_macro   0x00001c48       0x29 ./utilities/fsl_assert.o
 .debug_macro   0x00001c71      0x110 ./utilities/fsl_assert.o
 .debug_macro   0x00001d81     0x17f1 ./utilities/fsl_assert.o
 .debug_macro   0x00003572       0x5e ./utilities/fsl_assert.o
 .debug_macro   0x000035d0       0x2e ./utilities/fsl_assert.o
 .debug_macro   0x000035fe    0x11ed6 ./utilities/fsl_assert.o
 .debug_macro   0x000154d4      0x4f1 ./utilities/fsl_assert.o
 .debug_macro   0x000159c5       0x88 ./utilities/fsl_assert.o
 .debug_macro   0x00015a4d       0xaf ./utilities/fsl_assert.o
 .debug_macro   0x00015afc      0x2ca ./utilities/fsl_assert.o
 .debug_macro   0x00015dc6      0x11f ./utilities/fsl_assert.o
 .debug_macro   0x00015ee5       0x1c ./utilities/fsl_assert.o
 .debug_macro   0x00015f01       0x1c ./utilities/fsl_assert.o
 .debug_macro   0x00015f1d       0x10 ./utilities/fsl_assert.o
 .debug_macro   0x00015f2d       0x1c ./utilities/fsl_assert.o
 .debug_macro   0x00015f49       0x16 ./utilities/fsl_assert.o
 .debug_macro   0x00015f5f      0x146 ./utilities/fsl_assert.o
 .debug_macro   0x000160a5       0x3a ./utilities/fsl_assert.o
 .debug_macro   0x000160df       0xf1 ./trustzone/tzm_api.o
 .debug_macro   0x000161d0       0x8e ./trustzone/tzm_api.o
 .debug_macro   0x0001625e       0x51 ./trustzone/tzm_api.o
 .debug_macro   0x000162af       0x63 ./trustzone/tzm_api.o
 .debug_macro   0x00016312       0x16 ./trustzone/tzm_api.o
 .debug_macro   0x00016328      0x256 ./trustzone/tzm_config.o
 .debug_macro   0x0001657e      0x2a2 ./trustzone/veneer_table.o
 .debug_macro   0x00016820       0x61 ./trustzone/veneer_table.o
 .debug_macro   0x00016881       0x29 ./startup/startup_lpc55s69_cm33_core0.o
 .debug_macro   0x000168aa      0x2f6 ./source/hello_world_s.o
 .debug_macro   0x00016ba0       0x2e ./source/hello_world_s.o
 .debug_macro   0x00016bce       0x35 ./source/hello_world_s.o
 .debug_macro   0x00016c03       0x10 ./source/hello_world_s.o
 .debug_macro   0x00016c13       0xfe ./source/hello_world_s.o
 .debug_macro   0x00016d11      0x1f0 ./source/hello_world_s.o
 .debug_macro   0x00016f01      0x304 ./source/hello_world_s.o
 .debug_macro   0x00017205       0x11 ./source/semihost_hardfault.o
 .debug_macro   0x00017216      0x2cd ./drivers/fsl_clock.o
 .debug_macro   0x000174e3      0x22e ./drivers/fsl_common_arm.o
 .debug_macro   0x00017711      0x237 ./drivers/fsl_flexcomm.o
 .debug_macro   0x00017948       0x10 ./drivers/fsl_flexcomm.o
 .debug_macro   0x00017958      0x502 ./drivers/fsl_power.o
 .debug_macro   0x00017e5a      0x22e ./drivers/fsl_reset.o
 .debug_macro   0x00018088       0xe8 ./device/system_LPC55S69_cm33_core0.o
 .debug_macro   0x00018170      0x29e ./board/board.o
 .debug_macro   0x0001840e      0x24e ./board/clock_config.o
 .debug_macro   0x0001865c      0x2fe ./board/clock_config.o
 .debug_macro   0x0001895a       0x2f ./board/clock_config.o
 .debug_macro   0x00018989      0x23a ./board/pin_mux.o

.debug_line     0x00000000     0x8e1d
 .debug_line    0x00000000      0x6ed ./utilities/fsl_assert.o
 .debug_line    0x000006ed      0x4be ./trustzone/tzm_api.o
 .debug_line    0x00000bab      0x846 ./trustzone/tzm_config.o
 .debug_line    0x000013f1      0x81b ./trustzone/veneer_table.o
 .debug_line    0x00001c0c      0x794 ./startup/startup_lpc55s69_cm33_core0.o
 .debug_line    0x000023a0      0x8d0 ./source/hello_world_s.o
 .debug_line    0x00002c70       0x59 ./source/semihost_hardfault.o
 .debug_line    0x00002cc9     0x1a9f ./drivers/fsl_clock.o
 .debug_line    0x00004768      0x6b3 ./drivers/fsl_common_arm.o
 .debug_line    0x00004e1b      0x8e6 ./drivers/fsl_flexcomm.o
 .debug_line    0x00005701     0x11c3 ./drivers/fsl_power.o
 .debug_line    0x000068c4      0x6b7 ./drivers/fsl_reset.o
 .debug_line    0x00006f7b      0x850 ./device/system_LPC55S69_cm33_core0.o
 .debug_line    0x000077cb      0x790 ./board/board.o
 .debug_line    0x00007f5b      0x7ba ./board/clock_config.o
 .debug_line    0x00008715      0x708 ./board/pin_mux.o

.debug_str      0x00000000    0xc49ce
 .debug_str     0x00000000    0xc49ce ./utilities/fsl_assert.o
                              0xb9c90 (size before relaxing)
 .debug_str     0x000c49ce    0xb3c00 ./trustzone/tzm_api.o
 .debug_str     0x000c49ce    0xb9be1 ./trustzone/tzm_config.o
 .debug_str     0x000c49ce    0xba081 ./trustzone/veneer_table.o
 .debug_str     0x000c49ce     0x3688 ./startup/startup_lpc55s69_cm33_core0.o
 .debug_str     0x000c49ce    0xbdb3e ./source/hello_world_s.o
 .debug_str     0x000c49ce     0x2f8c ./source/semihost_hardfault.o
 .debug_str     0x000c49ce    0xbe4b5 ./drivers/fsl_clock.o
 .debug_str     0x000c49ce    0xb98d8 ./drivers/fsl_common_arm.o
 .debug_str     0x000c49ce    0xbbae3 ./drivers/fsl_flexcomm.o
 .debug_str     0x000c49ce    0xbe8fe ./drivers/fsl_power.o
 .debug_str     0x000c49ce    0xba341 ./drivers/fsl_reset.o
 .debug_str     0x000c49ce    0xb3ffa ./device/system_LPC55S69_cm33_core0.o
 .debug_str     0x000c49ce    0xbc790 ./board/board.o
 .debug_str     0x000c49ce    0xbc4d9 ./board/clock_config.o
 .debug_str     0x000c49ce    0xba882 ./board/pin_mux.o

.comment        0x00000000       0x44
 .comment       0x00000000       0x44 ./utilities/fsl_assert.o
                                 0x45 (size before relaxing)
 .comment       0x00000044       0x45 ./trustzone/tzm_api.o
 .comment       0x00000044       0x45 ./trustzone/tzm_config.o
 .comment       0x00000044       0x45 ./trustzone/veneer_table.o
 .comment       0x00000044       0x45 ./startup/startup_lpc55s69_cm33_core0.o
 .comment       0x00000044       0x45 ./source/hello_world_s.o
 .comment       0x00000044       0x45 ./source/semihost_hardfault.o
 .comment       0x00000044       0x45 ./drivers/fsl_clock.o
 .comment       0x00000044       0x45 ./drivers/fsl_common_arm.o
 .comment       0x00000044       0x45 ./drivers/fsl_flexcomm.o
 .comment       0x00000044       0x45 ./drivers/fsl_power.o
 .comment       0x00000044       0x45 ./drivers/fsl_reset.o
 .comment       0x00000044       0x45 ./device/system_LPC55S69_cm33_core0.o
 .comment       0x00000044       0x45 ./board/board.o
 .comment       0x00000044       0x45 ./board/clock_config.o
 .comment       0x00000044       0x45 ./board/pin_mux.o
 .comment       0x00000044       0x45 /Applications/MCUXpressoIDE_11.10.0_3148/ide/plugins/com.nxp.mcuxpresso.tools.macosx_11.10.0.202311280810/tools/bin/../lib/gcc/arm-none-eabi/13.2.1/../../../../arm-none-eabi/lib/thumb/v8-m.main+fp/hard/libcr_newlib_semihost.a(_cr_sbrk.o)
 .comment       0x00000044       0x45 /Applications/MCUXpressoIDE_11.10.0_3148/ide/plugins/com.nxp.mcuxpresso.tools.macosx_11.10.0.202311280810/tools/bin/../lib/gcc/arm-none-eabi/13.2.1/../../../../arm-none-eabi/lib/thumb/v8-m.main+fp/hard/libcr_newlib_semihost.a(syscalls.o)
 .comment       0x00000044       0x45 /Applications/MCUXpressoIDE_11.10.0_3148/ide/plugins/com.nxp.mcuxpresso.tools.macosx_11.10.0.202311280810/tools/bin/../lib/gcc/arm-none-eabi/13.2.1/../../../../arm-none-eabi/lib/thumb/v8-m.main+fp/hard/libcr_newlib_semihost.a(_cr_check_heap.o)

.ARM.attributes
                0x00000000       0x38
 .ARM.attributes
                0x00000000       0x3a ./utilities/fsl_assert.o
 .ARM.attributes
                0x0000003a       0x3a ./trustzone/tzm_api.o
 .ARM.attributes
                0x00000074       0x3a ./trustzone/tzm_config.o
 .ARM.attributes
                0x000000ae       0x3a ./trustzone/veneer_table.o
 .ARM.attributes
                0x000000e8       0x3a ./startup/startup_lpc55s69_cm33_core0.o
 .ARM.attributes
                0x00000122       0x3a ./source/hello_world_s.o
 .ARM.attributes
                0x0000015c       0x3a ./source/semihost_hardfault.o
 .ARM.attributes
                0x00000196       0x3a ./drivers/fsl_clock.o
 .ARM.attributes
                0x000001d0       0x3a ./drivers/fsl_common_arm.o
 .ARM.attributes
                0x0000020a       0x3a ./drivers/fsl_flexcomm.o
 .ARM.attributes
                0x00000244       0x3a ./drivers/fsl_power.o
 .ARM.attributes
                0x0000027e       0x3a ./drivers/fsl_reset.o
 .ARM.attributes
                0x000002b8       0x3a ./device/system_LPC55S69_cm33_core0.o
 .ARM.attributes
                0x000002f2       0x3a ./board/board.o
 .ARM.attributes
                0x0000032c       0x3a ./board/clock_config.o
 .ARM.attributes
                0x00000366       0x3a ./board/pin_mux.o
 .ARM.attributes
                0x000003a0       0x38 /Applications/MCUXpressoIDE_11.10.0_3148/ide/plugins/com.nxp.mcuxpresso.tools.macosx_11.10.0.202311280810/tools/bin/../lib/gcc/arm-none-eabi/13.2.1/thumb/v8-m.main+fp/hard/libgcc.a(cmse.o)
 .ARM.attributes
                0x000003d8       0x24 /Applications/MCUXpressoIDE_11.10.0_3148/ide/plugins/com.nxp.mcuxpresso.tools.macosx_11.10.0.202311280810/tools/bin/../lib/gcc/arm-none-eabi/13.2.1/thumb/v8-m.main+fp/hard/libgcc.a(cmse_nonsecure_call.o)
 .ARM.attributes
                0x000003fc       0x26 /Applications/MCUXpressoIDE_11.10.0_3148/ide/plugins/com.nxp.mcuxpresso.tools.macosx_11.10.0.202311280810/tools/bin/../lib/gcc/arm-none-eabi/13.2.1/thumb/v8-m.main+fp/hard/libgcc.a(_aeabi_uldivmod.o)
 .ARM.attributes
                0x00000422       0x38 /Applications/MCUXpressoIDE_11.10.0_3148/ide/plugins/com.nxp.mcuxpresso.tools.macosx_11.10.0.202311280810/tools/bin/../lib/gcc/arm-none-eabi/13.2.1/thumb/v8-m.main+fp/hard/libgcc.a(_udivmoddi4.o)
 .ARM.attributes
                0x0000045a       0x26 /Applications/MCUXpressoIDE_11.10.0_3148/ide/plugins/com.nxp.mcuxpresso.tools.macosx_11.10.0.202311280810/tools/bin/../lib/gcc/arm-none-eabi/13.2.1/thumb/v8-m.main+fp/hard/libgcc.a(_dvmd_tls.o)
 .ARM.attributes
                0x00000480       0x38 /Applications/MCUXpressoIDE_11.10.0_3148/ide/plugins/com.nxp.mcuxpresso.tools.macosx_11.10.0.202311280810/tools/bin/../lib/gcc/arm-none-eabi/13.2.1/../../../../arm-none-eabi/lib/thumb/v8-m.main+fp/hard/libc_nano.a(libc_a-mallocr.o)
 .ARM.attributes
                0x000004b8       0x38 /Applications/MCUXpressoIDE_11.10.0_3148/ide/plugins/com.nxp.mcuxpresso.tools.macosx_11.10.0.202311280810/tools/bin/../lib/gcc/arm-none-eabi/13.2.1/../../../../arm-none-eabi/lib/thumb/v8-m.main+fp/hard/libc_nano.a(libc_a-mlock.o)
 .ARM.attributes
                0x000004f0       0x38 /Applications/MCUXpressoIDE_11.10.0_3148/ide/plugins/com.nxp.mcuxpresso.tools.macosx_11.10.0.202311280810/tools/bin/../lib/gcc/arm-none-eabi/13.2.1/../../../../arm-none-eabi/lib/thumb/v8-m.main+fp/hard/libc_nano.a(libc_a-printf.o)
 .ARM.attributes
                0x00000528       0x38 /Applications/MCUXpressoIDE_11.10.0_3148/ide/plugins/com.nxp.mcuxpresso.tools.macosx_11.10.0.202311280810/tools/bin/../lib/gcc/arm-none-eabi/13.2.1/../../../../arm-none-eabi/lib/thumb/v8-m.main+fp/hard/libc_nano.a(libc_a-memset.o)
 .ARM.attributes
                0x00000560       0x38 /Applications/MCUXpressoIDE_11.10.0_3148/ide/plugins/com.nxp.mcuxpresso.tools.macosx_11.10.0.202311280810/tools/bin/../lib/gcc/arm-none-eabi/13.2.1/../../../../arm-none-eabi/lib/thumb/v8-m.main+fp/hard/libc_nano.a(libc_a-impure.o)
 .ARM.attributes
                0x00000598       0x38 /Applications/MCUXpressoIDE_11.10.0_3148/ide/plugins/com.nxp.mcuxpresso.tools.macosx_11.10.0.202311280810/tools/bin/../lib/gcc/arm-none-eabi/13.2.1/../../../../arm-none-eabi/lib/thumb/v8-m.main+fp/hard/libc_nano.a(libc_a-sbrkr.o)
 .ARM.attributes
                0x000005d0       0x38 /Applications/MCUXpressoIDE_11.10.0_3148/ide/plugins/com.nxp.mcuxpresso.tools.macosx_11.10.0.202311280810/tools/bin/../lib/gcc/arm-none-eabi/13.2.1/../../../../arm-none-eabi/lib/thumb/v8-m.main+fp/hard/libc_nano.a(libc_a-errno.o)
 .ARM.attributes
                0x00000608       0x38 /Applications/MCUXpressoIDE_11.10.0_3148/ide/plugins/com.nxp.mcuxpresso.tools.macosx_11.10.0.202311280810/tools/bin/../lib/gcc/arm-none-eabi/13.2.1/../../../../arm-none-eabi/lib/thumb/v8-m.main+fp/hard/libc_nano.a(libc_a-lock.o)
 .ARM.attributes
                0x00000640       0x38 /Applications/MCUXpressoIDE_11.10.0_3148/ide/plugins/com.nxp.mcuxpresso.tools.macosx_11.10.0.202311280810/tools/bin/../lib/gcc/arm-none-eabi/13.2.1/../../../../arm-none-eabi/lib/thumb/v8-m.main+fp/hard/libc_nano.a(libc_a-freer.o)
 .ARM.attributes
                0x00000678       0x38 /Applications/MCUXpressoIDE_11.10.0_3148/ide/plugins/com.nxp.mcuxpresso.tools.macosx_11.10.0.202311280810/tools/bin/../lib/gcc/arm-none-eabi/13.2.1/../../../../arm-none-eabi/lib/thumb/v8-m.main+fp/hard/libc_nano.a(libc_a-nano-vfprintf.o)
 .ARM.attributes
                0x000006b0       0x38 /Applications/MCUXpressoIDE_11.10.0_3148/ide/plugins/com.nxp.mcuxpresso.tools.macosx_11.10.0.202311280810/tools/bin/../lib/gcc/arm-none-eabi/13.2.1/../../../../arm-none-eabi/lib/thumb/v8-m.main+fp/hard/libc_nano.a(libc_a-nano-vfprintf_i.o)
 .ARM.attributes
                0x000006e8       0x38 /Applications/MCUXpressoIDE_11.10.0_3148/ide/plugins/com.nxp.mcuxpresso.tools.macosx_11.10.0.202311280810/tools/bin/../lib/gcc/arm-none-eabi/13.2.1/../../../../arm-none-eabi/lib/thumb/v8-m.main+fp/hard/libc_nano.a(libc_a-findfp.o)
 .ARM.attributes
                0x00000720       0x38 /Applications/MCUXpressoIDE_11.10.0_3148/ide/plugins/com.nxp.mcuxpresso.tools.macosx_11.10.0.202311280810/tools/bin/../lib/gcc/arm-none-eabi/13.2.1/../../../../arm-none-eabi/lib/thumb/v8-m.main+fp/hard/libc_nano.a(libc_a-fwalk.o)
 .ARM.attributes
                0x00000758       0x38 /Applications/MCUXpressoIDE_11.10.0_3148/ide/plugins/com.nxp.mcuxpresso.tools.macosx_11.10.0.202311280810/tools/bin/../lib/gcc/arm-none-eabi/13.2.1/../../../../arm-none-eabi/lib/thumb/v8-m.main+fp/hard/libc_nano.a(libc_a-wbuf.o)
 .ARM.attributes
                0x00000790       0x38 /Applications/MCUXpressoIDE_11.10.0_3148/ide/plugins/com.nxp.mcuxpresso.tools.macosx_11.10.0.202311280810/tools/bin/../lib/gcc/arm-none-eabi/13.2.1/../../../../arm-none-eabi/lib/thumb/v8-m.main+fp/hard/libc_nano.a(libc_a-wsetup.o)
 .ARM.attributes
                0x000007c8       0x38 /Applications/MCUXpressoIDE_11.10.0_3148/ide/plugins/com.nxp.mcuxpresso.tools.macosx_11.10.0.202311280810/tools/bin/../lib/gcc/arm-none-eabi/13.2.1/../../../../arm-none-eabi/lib/thumb/v8-m.main+fp/hard/libc_nano.a(libc_a-makebuf.o)
 .ARM.attributes
                0x00000800       0x38 /Applications/MCUXpressoIDE_11.10.0_3148/ide/plugins/com.nxp.mcuxpresso.tools.macosx_11.10.0.202311280810/tools/bin/../lib/gcc/arm-none-eabi/13.2.1/../../../../arm-none-eabi/lib/thumb/v8-m.main+fp/hard/libc_nano.a(libc_a-reent.o)
 .ARM.attributes
                0x00000838       0x38 /Applications/MCUXpressoIDE_11.10.0_3148/ide/plugins/com.nxp.mcuxpresso.tools.macosx_11.10.0.202311280810/tools/bin/../lib/gcc/arm-none-eabi/13.2.1/../../../../arm-none-eabi/lib/thumb/v8-m.main+fp/hard/libc_nano.a(libc_a-fstatr.o)
 .ARM.attributes
                0x00000870       0x38 /Applications/MCUXpressoIDE_11.10.0_3148/ide/plugins/com.nxp.mcuxpresso.tools.macosx_11.10.0.202311280810/tools/bin/../lib/gcc/arm-none-eabi/13.2.1/../../../../arm-none-eabi/lib/thumb/v8-m.main+fp/hard/libc_nano.a(libc_a-isattyr.o)
 .ARM.attributes
                0x000008a8       0x38 /Applications/MCUXpressoIDE_11.10.0_3148/ide/plugins/com.nxp.mcuxpresso.tools.macosx_11.10.0.202311280810/tools/bin/../lib/gcc/arm-none-eabi/13.2.1/../../../../arm-none-eabi/lib/thumb/v8-m.main+fp/hard/libc_nano.a(libc_a-memchr-stub.o)
 .ARM.attributes
                0x000008e0       0x38 /Applications/MCUXpressoIDE_11.10.0_3148/ide/plugins/com.nxp.mcuxpresso.tools.macosx_11.10.0.202311280810/tools/bin/../lib/gcc/arm-none-eabi/13.2.1/../../../../arm-none-eabi/lib/thumb/v8-m.main+fp/hard/libc_nano.a(libc_a-fflush.o)
 .ARM.attributes
                0x00000918       0x38 /Applications/MCUXpressoIDE_11.10.0_3148/ide/plugins/com.nxp.mcuxpresso.tools.macosx_11.10.0.202311280810/tools/bin/../lib/gcc/arm-none-eabi/13.2.1/../../../../arm-none-eabi/lib/thumb/v8-m.main+fp/hard/libc_nano.a(libc_a-stdio.o)
 .ARM.attributes
                0x00000950       0x38 /Applications/MCUXpressoIDE_11.10.0_3148/ide/plugins/com.nxp.mcuxpresso.tools.macosx_11.10.0.202311280810/tools/bin/../lib/gcc/arm-none-eabi/13.2.1/../../../../arm-none-eabi/lib/thumb/v8-m.main+fp/hard/libc_nano.a(libc_a-closer.o)
 .ARM.attributes
                0x00000988       0x38 /Applications/MCUXpressoIDE_11.10.0_3148/ide/plugins/com.nxp.mcuxpresso.tools.macosx_11.10.0.202311280810/tools/bin/../lib/gcc/arm-none-eabi/13.2.1/../../../../arm-none-eabi/lib/thumb/v8-m.main+fp/hard/libc_nano.a(libc_a-lseekr.o)
 .ARM.attributes
                0x000009c0       0x38 /Applications/MCUXpressoIDE_11.10.0_3148/ide/plugins/com.nxp.mcuxpresso.tools.macosx_11.10.0.202311280810/tools/bin/../lib/gcc/arm-none-eabi/13.2.1/../../../../arm-none-eabi/lib/thumb/v8-m.main+fp/hard/libc_nano.a(libc_a-readr.o)
 .ARM.attributes
                0x000009f8       0x38 /Applications/MCUXpressoIDE_11.10.0_3148/ide/plugins/com.nxp.mcuxpresso.tools.macosx_11.10.0.202311280810/tools/bin/../lib/gcc/arm-none-eabi/13.2.1/../../../../arm-none-eabi/lib/thumb/v8-m.main+fp/hard/libc_nano.a(libc_a-writer.o)
 .ARM.attributes
                0x00000a30       0x38 /Applications/MCUXpressoIDE_11.10.0_3148/ide/plugins/com.nxp.mcuxpresso.tools.macosx_11.10.0.202311280810/tools/bin/../lib/gcc/arm-none-eabi/13.2.1/../../../../arm-none-eabi/lib/thumb/v8-m.main+fp/hard/libcr_newlib_semihost.a(_cr_sbrk.o)
 .ARM.attributes
                0x00000a68       0x38 /Applications/MCUXpressoIDE_11.10.0_3148/ide/plugins/com.nxp.mcuxpresso.tools.macosx_11.10.0.202311280810/tools/bin/../lib/gcc/arm-none-eabi/13.2.1/../../../../arm-none-eabi/lib/thumb/v8-m.main+fp/hard/libcr_newlib_semihost.a(syscalls.o)
 .ARM.attributes
                0x00000aa0       0x38 /Applications/MCUXpressoIDE_11.10.0_3148/ide/plugins/com.nxp.mcuxpresso.tools.macosx_11.10.0.202311280810/tools/bin/../lib/gcc/arm-none-eabi/13.2.1/../../../../arm-none-eabi/lib/thumb/v8-m.main+fp/hard/libcr_newlib_semihost.a(_cr_check_heap.o)

.debug_frame    0x00000000     0x2578
 .debug_frame   0x00000000       0x58 ./utilities/fsl_assert.o
 .debug_frame   0x00000058       0x38 ./trustzone/tzm_api.o
 .debug_frame   0x00000090       0x34 ./trustzone/tzm_config.o
 .debug_frame   0x000000c4       0x8c ./trustzone/veneer_table.o
 .debug_frame   0x00000150      0x69c ./startup/startup_lpc55s69_cm33_core0.o
 .debug_frame   0x000007ec       0x70 ./source/hello_world_s.o
 .debug_frame   0x0000085c       0x20 ./source/semihost_hardfault.o
 .debug_frame   0x0000087c      0x9a8 ./drivers/fsl_clock.o
 .debug_frame   0x00001224       0xa0 ./drivers/fsl_common_arm.o
 .debug_frame   0x000012c4      0x234 ./drivers/fsl_flexcomm.o
 .debug_frame   0x000014f8      0x380 ./drivers/fsl_power.o
 .debug_frame   0x00001878       0x7c ./drivers/fsl_reset.o
 .debug_frame   0x000018f4      0x20c ./device/system_LPC55S69_cm33_core0.o
 .debug_frame   0x00001b00       0x80 ./board/board.o
 .debug_frame   0x00001b80       0xf8 ./board/clock_config.o
 .debug_frame   0x00001c78       0xa0 ./board/pin_mux.o
 .debug_frame   0x00001d18       0x2c /Applications/MCUXpressoIDE_11.10.0_3148/ide/plugins/com.nxp.mcuxpresso.tools.macosx_11.10.0.202311280810/tools/bin/../lib/gcc/arm-none-eabi/13.2.1/thumb/v8-m.main+fp/hard/libgcc.a(cmse.o)
 .debug_frame   0x00001d44       0x2c /Applications/MCUXpressoIDE_11.10.0_3148/ide/plugins/com.nxp.mcuxpresso.tools.macosx_11.10.0.202311280810/tools/bin/../lib/gcc/arm-none-eabi/13.2.1/thumb/v8-m.main+fp/hard/libgcc.a(_aeabi_uldivmod.o)
 .debug_frame   0x00001d70       0x38 /Applications/MCUXpressoIDE_11.10.0_3148/ide/plugins/com.nxp.mcuxpresso.tools.macosx_11.10.0.202311280810/tools/bin/../lib/gcc/arm-none-eabi/13.2.1/thumb/v8-m.main+fp/hard/libgcc.a(_udivmoddi4.o)
 .debug_frame   0x00001da8       0x50 /Applications/MCUXpressoIDE_11.10.0_3148/ide/plugins/com.nxp.mcuxpresso.tools.macosx_11.10.0.202311280810/tools/bin/../lib/gcc/arm-none-eabi/13.2.1/../../../../arm-none-eabi/lib/thumb/v8-m.main+fp/hard/libc_nano.a(libc_a-mallocr.o)
 .debug_frame   0x00001df8       0x30 /Applications/MCUXpressoIDE_11.10.0_3148/ide/plugins/com.nxp.mcuxpresso.tools.macosx_11.10.0.202311280810/tools/bin/../lib/gcc/arm-none-eabi/13.2.1/../../../../arm-none-eabi/lib/thumb/v8-m.main+fp/hard/libc_nano.a(libc_a-mlock.o)
 .debug_frame   0x00001e28       0x6c /Applications/MCUXpressoIDE_11.10.0_3148/ide/plugins/com.nxp.mcuxpresso.tools.macosx_11.10.0.202311280810/tools/bin/../lib/gcc/arm-none-eabi/13.2.1/../../../../arm-none-eabi/lib/thumb/v8-m.main+fp/hard/libc_nano.a(libc_a-printf.o)
 .debug_frame   0x00001e94       0x20 /Applications/MCUXpressoIDE_11.10.0_3148/ide/plugins/com.nxp.mcuxpresso.tools.macosx_11.10.0.202311280810/tools/bin/../lib/gcc/arm-none-eabi/13.2.1/../../../../arm-none-eabi/lib/thumb/v8-m.main+fp/hard/libc_nano.a(libc_a-memset.o)
 .debug_frame   0x00001eb4       0x2c /Applications/MCUXpressoIDE_11.10.0_3148/ide/plugins/com.nxp.mcuxpresso.tools.macosx_11.10.0.202311280810/tools/bin/../lib/gcc/arm-none-eabi/13.2.1/../../../../arm-none-eabi/lib/thumb/v8-m.main+fp/hard/libc_nano.a(libc_a-sbrkr.o)
 .debug_frame   0x00001ee0       0x20 /Applications/MCUXpressoIDE_11.10.0_3148/ide/plugins/com.nxp.mcuxpresso.tools.macosx_11.10.0.202311280810/tools/bin/../lib/gcc/arm-none-eabi/13.2.1/../../../../arm-none-eabi/lib/thumb/v8-m.main+fp/hard/libc_nano.a(libc_a-errno.o)
 .debug_frame   0x00001f00       0xb0 /Applications/MCUXpressoIDE_11.10.0_3148/ide/plugins/com.nxp.mcuxpresso.tools.macosx_11.10.0.202311280810/tools/bin/../lib/gcc/arm-none-eabi/13.2.1/../../../../arm-none-eabi/lib/thumb/v8-m.main+fp/hard/libc_nano.a(libc_a-lock.o)
 .debug_frame   0x00001fb0       0x38 /Applications/MCUXpressoIDE_11.10.0_3148/ide/plugins/com.nxp.mcuxpresso.tools.macosx_11.10.0.202311280810/tools/bin/../lib/gcc/arm-none-eabi/13.2.1/../../../../arm-none-eabi/lib/thumb/v8-m.main+fp/hard/libc_nano.a(libc_a-freer.o)
 .debug_frame   0x00001fe8       0xa8 /Applications/MCUXpressoIDE_11.10.0_3148/ide/plugins/com.nxp.mcuxpresso.tools.macosx_11.10.0.202311280810/tools/bin/../lib/gcc/arm-none-eabi/13.2.1/../../../../arm-none-eabi/lib/thumb/v8-m.main+fp/hard/libc_nano.a(libc_a-nano-vfprintf.o)
 .debug_frame   0x00002090       0x60 /Applications/MCUXpressoIDE_11.10.0_3148/ide/plugins/com.nxp.mcuxpresso.tools.macosx_11.10.0.202311280810/tools/bin/../lib/gcc/arm-none-eabi/13.2.1/../../../../arm-none-eabi/lib/thumb/v8-m.main+fp/hard/libc_nano.a(libc_a-nano-vfprintf_i.o)
 .debug_frame   0x000020f0      0x144 /Applications/MCUXpressoIDE_11.10.0_3148/ide/plugins/com.nxp.mcuxpresso.tools.macosx_11.10.0.202311280810/tools/bin/../lib/gcc/arm-none-eabi/13.2.1/../../../../arm-none-eabi/lib/thumb/v8-m.main+fp/hard/libc_nano.a(libc_a-findfp.o)
 .debug_frame   0x00002234       0x34 /Applications/MCUXpressoIDE_11.10.0_3148/ide/plugins/com.nxp.mcuxpresso.tools.macosx_11.10.0.202311280810/tools/bin/../lib/gcc/arm-none-eabi/13.2.1/../../../../arm-none-eabi/lib/thumb/v8-m.main+fp/hard/libc_nano.a(libc_a-fwalk.o)
 .debug_frame   0x00002268       0x40 /Applications/MCUXpressoIDE_11.10.0_3148/ide/plugins/com.nxp.mcuxpresso.tools.macosx_11.10.0.202311280810/tools/bin/../lib/gcc/arm-none-eabi/13.2.1/../../../../arm-none-eabi/lib/thumb/v8-m.main+fp/hard/libc_nano.a(libc_a-wbuf.o)
 .debug_frame   0x000022a8       0x2c /Applications/MCUXpressoIDE_11.10.0_3148/ide/plugins/com.nxp.mcuxpresso.tools.macosx_11.10.0.202311280810/tools/bin/../lib/gcc/arm-none-eabi/13.2.1/../../../../arm-none-eabi/lib/thumb/v8-m.main+fp/hard/libc_nano.a(libc_a-wsetup.o)
 .debug_frame   0x000022d4       0x58 /Applications/MCUXpressoIDE_11.10.0_3148/ide/plugins/com.nxp.mcuxpresso.tools.macosx_11.10.0.202311280810/tools/bin/../lib/gcc/arm-none-eabi/13.2.1/../../../../arm-none-eabi/lib/thumb/v8-m.main+fp/hard/libc_nano.a(libc_a-makebuf.o)
 .debug_frame   0x0000232c       0x38 /Applications/MCUXpressoIDE_11.10.0_3148/ide/plugins/com.nxp.mcuxpresso.tools.macosx_11.10.0.202311280810/tools/bin/../lib/gcc/arm-none-eabi/13.2.1/../../../../arm-none-eabi/lib/thumb/v8-m.main+fp/hard/libc_nano.a(libc_a-reent.o)
 .debug_frame   0x00002364       0x2c /Applications/MCUXpressoIDE_11.10.0_3148/ide/plugins/com.nxp.mcuxpresso.tools.macosx_11.10.0.202311280810/tools/bin/../lib/gcc/arm-none-eabi/13.2.1/../../../../arm-none-eabi/lib/thumb/v8-m.main+fp/hard/libc_nano.a(libc_a-fstatr.o)
 .debug_frame   0x00002390       0x2c /Applications/MCUXpressoIDE_11.10.0_3148/ide/plugins/com.nxp.mcuxpresso.tools.macosx_11.10.0.202311280810/tools/bin/../lib/gcc/arm-none-eabi/13.2.1/../../../../arm-none-eabi/lib/thumb/v8-m.main+fp/hard/libc_nano.a(libc_a-isattyr.o)
 .debug_frame   0x000023bc       0x28 /Applications/MCUXpressoIDE_11.10.0_3148/ide/plugins/com.nxp.mcuxpresso.tools.macosx_11.10.0.202311280810/tools/bin/../lib/gcc/arm-none-eabi/13.2.1/../../../../arm-none-eabi/lib/thumb/v8-m.main+fp/hard/libc_nano.a(libc_a-memchr-stub.o)
 .debug_frame   0x000023e4       0x5c /Applications/MCUXpressoIDE_11.10.0_3148/ide/plugins/com.nxp.mcuxpresso.tools.macosx_11.10.0.202311280810/tools/bin/../lib/gcc/arm-none-eabi/13.2.1/../../../../arm-none-eabi/lib/thumb/v8-m.main+fp/hard/libc_nano.a(libc_a-fflush.o)
 .debug_frame   0x00002440       0x88 /Applications/MCUXpressoIDE_11.10.0_3148/ide/plugins/com.nxp.mcuxpresso.tools.macosx_11.10.0.202311280810/tools/bin/../lib/gcc/arm-none-eabi/13.2.1/../../../../arm-none-eabi/lib/thumb/v8-m.main+fp/hard/libc_nano.a(libc_a-stdio.o)