Archive member included to satisfy reference by file (symbol)

/Applications/MCUXpressoIDE_11.10.0_3148/ide/plugins/com.nxp.mcuxpresso.tools.macosx_11.10.0.202311280810/tools/bin/../lib/gcc/arm-none-eabi/13.2.1/thumb/v8-m.main+fp/hard/libgcc.a(_aeabi_uldivmod.o)
                              ./drivers/fsl_clock.o (__aeabi_uldivmod)
/Applications/MCUXpressoIDE_11.10.0_3148/ide/plugins/com.nxp.mcuxpresso.tools.macosx_11.10.0.202311280810/tools/bin/../lib/gcc/arm-none-eabi/13.2.1/thumb/v8-m.main+fp/hard/libgcc.a(_fixunssfdi.o)
                              ./drivers/fsl_clock.o (__aeabi_f2ulz)
/Applications/MCUXpressoIDE_11.10.0_3148/ide/plugins/com.nxp.mcuxpresso.tools.macosx_11.10.0.202311280810/tools/bin/../lib/gcc/arm-none-eabi/13.2.1/thumb/v8-m.main+fp/hard/libgcc.a(_udivmoddi4.o)
                              /Applications/MCUXpressoIDE_11.10.0_3148/ide/plugins/com.nxp.mcuxpresso.tools.macosx_11.10.0.202311280810/tools/bin/../lib/gcc/arm-none-eabi/13.2.1/thumb/v8-m.main+fp/hard/libgcc.a(_aeabi_uldivmod.o) (__udivmoddi4)
/Applications/MCUXpressoIDE_11.10.0_3148/ide/plugins/com.nxp.mcuxpresso.tools.macosx_11.10.0.202311280810/tools/bin/../lib/gcc/arm-none-eabi/13.2.1/thumb/v8-m.main+fp/hard/libgcc.a(_arm_muldf3.o)
                              /Applications/MCUXpressoIDE_11.10.0_3148/ide/plugins/com.nxp.mcuxpresso.tools.macosx_11.10.0.202311280810/tools/bin/../lib/gcc/arm-none-eabi/13.2.1/thumb/v8-m.main+fp/hard/libgcc.a(_fixunssfdi.o) (__aeabi_dmul)
/Applications/MCUXpressoIDE_11.10.0_3148/ide/plugins/com.nxp.mcuxpresso.tools.macosx_11.10.0.202311280810/tools/bin/../lib/gcc/arm-none-eabi/13.2.1/thumb/v8-m.main+fp/hard/libgcc.a(_dvmd_tls.o)
                              /Applications/MCUXpressoIDE_11.10.0_3148/ide/plugins/com.nxp.mcuxpresso.tools.macosx_11.10.0.202311280810/tools/bin/../lib/gcc/arm-none-eabi/13.2.1/thumb/v8-m.main+fp/hard/libgcc.a(_aeabi_uldivmod.o) (__aeabi_ldiv0)
/Applications/MCUXpressoIDE_11.10.0_3148/ide/plugins/com.nxp.mcuxpresso.tools.macosx_11.10.0.202311280810/tools/bin/../lib/gcc/arm-none-eabi/13.2.1/thumb/v8-m.main+fp/hard/libgcc.a(_arm_addsubdf3.o)
                              /Applications/MCUXpressoIDE_11.10.0_3148/ide/plugins/com.nxp.mcuxpresso.tools.macosx_11.10.0.202311280810/tools/bin/../lib/gcc/arm-none-eabi/13.2.1/thumb/v8-m.main+fp/hard/libgcc.a(_fixunssfdi.o) (__aeabi_dsub)
/Applications/MCUXpressoIDE_11.10.0_3148/ide/plugins/com.nxp.mcuxpresso.tools.macosx_11.10.0.202311280810/tools/bin/../lib/gcc/arm-none-eabi/13.2.1/thumb/v8-m.main+fp/hard/libgcc.a(_arm_fixunsdfsi.o)
                              /Applications/MCUXpressoIDE_11.10.0_3148/ide/plugins/com.nxp.mcuxpresso.tools.macosx_11.10.0.202311280810/tools/bin/../lib/gcc/arm-none-eabi/13.2.1/thumb/v8-m.main+fp/hard/libgcc.a(_fixunssfdi.o) (__aeabi_d2uiz)
/Applications/MCUXpressoIDE_11.10.0_3148/ide/plugins/com.nxp.mcuxpresso.tools.macosx_11.10.0.202311280810/tools/bin/../lib/gcc/arm-none-eabi/13.2.1/../../../../arm-none-eabi/lib/thumb/v8-m.main+fp/hard/libc_nano.a(libc_a-malloc.o)
                              ./drivers/fsl_common.o (malloc)
/Applications/MCUXpressoIDE_11.10.0_3148/ide/plugins/com.nxp.mcuxpresso.tools.macosx_11.10.0.202311280810/tools/bin/../lib/gcc/arm-none-eabi/13.2.1/../../../../arm-none-eabi/lib/thumb/v8-m.main+fp/hard/libc_nano.a(libc_a-mallocr.o)
                              /Applications/MCUXpressoIDE_11.10.0_3148/ide/plugins/com.nxp.mcuxpresso.tools.macosx_11.10.0.202311280810/tools/bin/../lib/gcc/arm-none-eabi/13.2.1/../../../../arm-none-eabi/lib/thumb/v8-m.main+fp/hard/libc_nano.a(libc_a-malloc.o) (_malloc_r)
/Applications/MCUXpressoIDE_11.10.0_3148/ide/plugins/com.nxp.mcuxpresso.tools.macosx_11.10.0.202311280810/tools/bin/../lib/gcc/arm-none-eabi/13.2.1/../../../../arm-none-eabi/lib/thumb/v8-m.main+fp/hard/libc_nano.a(libc_a-mlock.o)
                              /Applications/MCUXpressoIDE_11.10.0_3148/ide/plugins/com.nxp.mcuxpresso.tools.macosx_11.10.0.202311280810/tools/bin/../lib/gcc/arm-none-eabi/13.2.1/../../../../arm-none-eabi/lib/thumb/v8-m.main+fp/hard/libc_nano.a(libc_a-mallocr.o) (__malloc_lock)
/Applications/MCUXpressoIDE_11.10.0_3148/ide/plugins/com.nxp.mcuxpresso.tools.macosx_11.10.0.202311280810/tools/bin/../lib/gcc/arm-none-eabi/13.2.1/../../../../arm-none-eabi/lib/thumb/v8-m.main+fp/hard/libc_nano.a(libc_a-strtoul.o)
                              ./utilities/fsl_str.o (strtoul)
/Applications/MCUXpressoIDE_11.10.0_3148/ide/plugins/com.nxp.mcuxpresso.tools.macosx_11.10.0.202311280810/tools/bin/../lib/gcc/arm-none-eabi/13.2.1/../../../../arm-none-eabi/lib/thumb/v8-m.main+fp/hard/libc_nano.a(libc_a-printf.o)
                              ./utilities/fsl_assert.o (printf)
/Applications/MCUXpressoIDE_11.10.0_3148/ide/plugins/com.nxp.mcuxpresso.tools.macosx_11.10.0.202311280810/tools/bin/../lib/gcc/arm-none-eabi/13.2.1/../../../../arm-none-eabi/lib/thumb/v8-m.main+fp/hard/libc_nano.a(libc_a-memset.o)
                              ./drivers/fsl_clock.o (memset)
[...]
Memory Configuration

Name             Origin             Length             Attributes
PROGRAM_FLASH    0x00010000         0x00072000         xr
Ram0             0x20008000         0x0002b000         xrw
*default*        0x00000000         0xffffffff

Linker script and memory map

LOAD ./utilities/fsl_assert.o
LOAD ./utilities/fsl_debug_console.o
LOAD ./utilities/fsl_memcpy.o
LOAD ./utilities/fsl_str.o
LOAD ./startup/boot_multicore_slave.o
LOAD ./startup/startup_lpc55s69_cm33_core0.o
LOAD ./source/hello_world_ns.o
LOAD ./source/semihost_hardfault.o
LOAD ./drivers/fsl_clock.o
LOAD ./drivers/fsl_common.o
LOAD ./drivers/fsl_common_arm.o
LOAD ./drivers/fsl_flexcomm.o
LOAD ./drivers/fsl_gpio.o
LOAD ./drivers/fsl_power.o
LOAD ./drivers/fsl_reset.o
LOAD ./drivers/fsl_usart.o
LOAD ./device/system_LPC55S69_cm33_core0.o
LOAD ./component/uart/fsl_adapter_usart.o
LOAD ./component/lists/fsl_component_generic_list.o
LOAD ./board/board.o
LOAD ./board/clock_config.o
LOAD ./board/pin_mux.o
LOAD /Users/shreybirmiwal/Documents/MCUXpressoIDE_11.10.0_3148/workspace/Test_hello_world_s/Debug/Test_hello_world_s_CMSE_lib.o
START GROUP
LOAD /Applications/MCUXpressoIDE_11.10.0_3148/ide/plugins/com.nxp.mcuxpresso.tools.macosx_11.10.0.202311280810/tools/bin/../lib/gcc/arm-none-eabi/13.2.1/thumb/v8-m.main+fp/hard/libgcc.a
LOAD /Applications/MCUXpressoIDE_11.10.0_3148/ide/plugins/com.nxp.mcuxpresso.tools.macosx_11.10.0.202311280810/tools/bin/../lib/gcc/arm-none-eabi/13.2.1/../../../../arm-none-eabi/lib/thumb/v8-m.main+fp/hard/libc_nano.a
LOAD /Applications/MCUXpressoIDE_11.10.0_3148/ide/plugins/com.nxp.mcuxpresso.tools.macosx_11.10.0.202311280810/tools/bin/../lib/gcc/arm-none-eabi/13.2.1/../../../../arm-none-eabi/lib/thumb/v8-m.main+fp/hard/libm.a
LOAD /Applications/MCUXpressoIDE_11.10.0_3148/ide/plugins/com.nxp.mcuxpresso.tools.macosx_11.10.0.202311280810/tools/bin/../lib/gcc/arm-none-eabi/13.2.1/../../../../arm-none-eabi/lib/thumb/v8-m.main+fp/hard/libcr_newlib_semihost.a
END GROUP
                0x00010000                        __base_PROGRAM_FLASH = 0x10000
                0x00010000                        __base_Flash = 0x10000
                0x00082000                        __top_PROGRAM_FLASH = 0x82000
                0x00082000                        __top_Flash = 0x82000
                0x20008000                        __base_Ram0 = 0x20008000
                0x20008000                        __base_RAM = 0x20008000
                0x20033000                        __top_Ram0 = 0x20033000
                0x20033000                        __top_RAM = 0x20033000

.text           0x00010000     0x1d60
 FILL mask 0xff
                0x00010000                        __vectors_start__ = ABSOLUTE (.)
 *(SORT_BY_ALIGNMENT(.isr_vector))
 .isr_vector    0x00010000      0x130 ./startup/startup_lpc55s69_cm33_core0.o
                0x00010000                __Vectors
                0x00010000                g_pfnVectors
                0x00010130                        . = ALIGN (0x4)
                0x00010130                        __section_table_start = .
                0x00010130                        __data_section_table = .
                0x00010130        0x4 LONG 0x11d68 LOADADDR (.data)
                0x00010134        0x4 LONG 0x20008000 ADDR (.data)
                0x00010138        0x4 LONG 0x5c SIZEOF (.data)
                0x0001013c                        __data_section_table_end = .
                0x0001013c                        __bss_section_table = .
                0x0001013c        0x4 LONG 0x2000805c ADDR (.bss)
                0x00010140        0x4 LONG 0x1d0 SIZEOF (.bss)
                0x00010144                        __bss_section_table_end = .
                0x00010144                        __section_table_end = .
 *(SORT_BY_ALIGNMENT(.after_vectors*))
 .after_vectors.reset
                0x00010144       0x68 ./startup/startup_lpc55s69_cm33_core0.o
                0x00010144                ResetISR
 .after_vectors.init_data
                0x000101ac       0x1e ./startup/startup_lpc55s69_cm33_core0.o
                0x000101ac                data_init
 .after_vectors.init_bss
                0x000101ca       0x12 ./startup/startup_lpc55s69_cm33_core0.o
                0x000101ca                bss_init
 .after_vectors
                0x000101dc       0x16 ./startup/startup_lpc55s69_cm33_core0.o
                0x000101dc                NMI_Handler
                0x000101de                HardFault_Handler
                0x000101e0                MemManage_Handler
                0x000101e2                BusFault_Handler
                0x000101e4                UsageFault_Handler
                0x000101e6                SecureFault_Handler
                0x000101e8                SVC_Handler
                0x000101ea                DebugMon_Handler
                0x000101ec                PendSV_Handler
                0x000101ee                SysTick_Handler
                0x000101f0                IntDefaultHandler
                0x000101f0                USB0_DriverIRQHandler
                0x000101f0                CASER_DriverIRQHandler
                0x000101f0                MRT0_DriverIRQHandler
                0x000101f0                UTICK0_DriverIRQHandler
                0x000101f0                Reserved41_DriverIRQHandler
                0x000101f0                PIN_INT4_DriverIRQHandler
                0x000101f0                PIN_INT5_DriverIRQHandler
                0x000101f0                SEC_GPIO_INT0_IRQ0_DriverIRQHandler
                0x000101f0                CTIMER4_DriverIRQHandler
                0x000101f0                GINT1_DriverIRQHandler
                0x000101f0                PIN_INT7_DriverIRQHandler
                0x000101f0                Reserved55_DriverIRQHandler
                0x000101f0                HASHCRYPT_DriverIRQHandler
                0x000101f0                USB0_NEEDCLK_DriverIRQHandler
                0x000101f0                CTIMER0_DriverIRQHandler
                0x000101f0                CTIMER1_DriverIRQHandler
                0x000101f0                PIN_INT6_DriverIRQHandler
                0x000101f0                PQ_DriverIRQHandler
                0x000101f0                MAILBOX_DriverIRQHandler
                0x000101f0                PIN_INT1_DriverIRQHandler
                0x000101f0                CTIMER3_DriverIRQHandler
                0x000101f0                Reserved61_DriverIRQHandler
                0x000101f0                SEC_GPIO_INT0_IRQ1_DriverIRQHandler
                0x000101f0                PUF_DriverIRQHandler
                0x000101f0                RTC_DriverIRQHandler
                0x000101f0                USB1_DriverIRQHandler
                0x000101f0                Reserved60_DriverIRQHandler
                0x000101f0                DMA1_DriverIRQHandler
                0x000101f0                ADC0_DriverIRQHandler
                0x000101f0                USB1_NEEDCLK_DriverIRQHandler
                0x000101f0                Reserved59_DriverIRQHandler
                0x000101f0                SDIO_DriverIRQHandler
                0x000101f0                GINT0_DriverIRQHandler
                0x000101f0                USB1_PHY_DriverIRQHandler
                0x000101f0                ACMP_DriverIRQHandler
                0x000101f0                Reserved57_DriverIRQHandler
                0x000101f0                Reserved46_DriverIRQHandler
                0x000101f0                WDT_BOD_DriverIRQHandler
                0x000101f0                SCT0_DriverIRQHandler
                0x000101f0                PLU_DriverIRQHandler
                0x000101f0                OS_EVENT_DriverIRQHandler
                0x000101f0                SEC_HYPERVISOR_CALL_DriverIRQHandler
                0x000101f0                Reserved39_DriverIRQHandler
                0x000101f0                DMA0_DriverIRQHandler
                0x000101f0                Reserved42_DriverIRQHandler
                0x000101f0                SEC_VIO_DriverIRQHandler
                0x000101f0                PIN_INT3_DriverIRQHandler
                0x000101f0                PIN_INT2_DriverIRQHandler
                0x000101f0                Reserved56_DriverIRQHandler
                0x000101f0                PIN_INT0_DriverIRQHandler
                0x000101f0                CTIMER2_DriverIRQHandler
 *(SORT_BY_ALIGNMENT(.text*))
 *fill*         0x000101f2        0x2 ff
 .text.__assert_func
                0x000101f4       0x30 ./utilities/fsl_assert.o
                0x000101f4                __assert_func
 .text.POWER_SetBodVbatLevel
                0x00010224       0x58 ./source/hello_world_ns.o
 .text.main     0x0001027c       0x5c ./source/hello_world_ns.o
                0x0001027c                main
 .text.FLEXCOMM_GetInstance
                0x000102d8       0x58 ./drivers/fsl_flexcomm.o
                0x000102d8                FLEXCOMM_GetInstance
 .text.FLEXCOMM0_DriverIRQHandler
                0x00010330       0x68 ./drivers/fsl_flexcomm.o
                0x00010330                FLEXCOMM0_DriverIRQHandler
 .text.FLEXCOMM1_DriverIRQHandler
                0x00010398       0x68 ./drivers/fsl_flexcomm.o
                0x00010398                FLEXCOMM1_DriverIRQHandler
 .text.FLEXCOMM2_DriverIRQHandler
                0x00010400       0x68 ./drivers/fsl_flexcomm.o
                0x00010400                FLEXCOMM2_DriverIRQHandler
 .text.FLEXCOMM3_DriverIRQHandler
                0x00010468       0x68 ./drivers/fsl_flexcomm.o
                0x00010468                FLEXCOMM3_DriverIRQHandler
 .text.FLEXCOMM4_DriverIRQHandler
                0x000104d0       0x68 ./drivers/fsl_flexcomm.o
                0x000104d0                FLEXCOMM4_DriverIRQHandler
 .text.FLEXCOMM5_DriverIRQHandler
                0x00010538       0x68 ./drivers/fsl_flexcomm.o
                0x00010538                FLEXCOMM5_DriverIRQHandler
 .text.FLEXCOMM6_DriverIRQHandler
                0x000105a0       0x6c ./drivers/fsl_flexcomm.o
                0x000105a0                FLEXCOMM6_DriverIRQHandler
 .text.FLEXCOMM7_DriverIRQHandler
                0x0001060c       0x6c ./drivers/fsl_flexcomm.o
                0x0001060c                FLEXCOMM7_DriverIRQHandler
 .text.FLEXCOMM8_DriverIRQHandler
                0x00010678       0x6c ./drivers/fsl_flexcomm.o
                0x00010678                FLEXCOMM8_DriverIRQHandler
 .text.sbrk_aligned
                0x000106e4       0x44 /Applications/MCUXpressoIDE_11.10.0_3148/ide/plugins/com.nxp.mcuxpresso.tools.macosx_11.10.0.202311280810/tools/bin/../lib/gcc/arm-none-eabi/13.2.1/../../../../arm-none-eabi/lib/thumb/v8-m.main+fp/hard/libc_nano.a(libc_a-mallocr.o)
 .text._malloc_r
                0x00010728      0x100 /Applications/MCUXpressoIDE_11.10.0_3148/ide/plugins/com.nxp.mcuxpresso.tools.macosx_11.10.0.202311280810/tools/bin/../lib/gcc/arm-none-eabi/13.2.1/../../../../arm-none-eabi/lib/thumb/v8-m.main+fp/hard/libc_nano.a(libc_a-mallocr.o)
                0x00010728                _malloc_r
 .text.__malloc_lock
                0x00010828        0xc /Applications/MCUXpressoIDE_11.10.0_3148/ide/plugins/com.nxp.mcuxpresso.tools.macosx_11.10.0.202311280810/tools/bin/../lib/gcc/arm-none-eabi/13.2.1/../../../../arm-none-eabi/lib/thumb/v8-m.main+fp/hard/libc_nano.a(libc_a-mlock.o)
                0x00010828                __malloc_lock
 .text.__malloc_unlock
                0x00010834        0xc /Applications/MCUXpressoIDE_11.10.0_3148/ide/plugins/com.nxp.mcuxpresso.tools.macosx_11.10.0.202311280810/tools/bin/../lib/gcc/arm-none-eabi/13.2.1/../../../../arm-none-eabi/lib/thumb/v8-m.main+fp/hard/libc_nano.a(libc_a-mlock.o)
                0x00010834                __malloc_unlock
 .text.printf   0x00010840       0x24 /Applications/MCUXpressoIDE_11.10.0_3148/ide/plugins/com.nxp.mcuxpresso.tools.macosx_11.10.0.202311280810/tools/bin/../lib/gcc/arm-none-eabi/13.2.1/../../../../arm-none-eabi/lib/thumb/v8-m.main+fp/hard/libc_nano.a(libc_a-printf.o)
                0x00010840                printf
                0x00010840                iprintf
 .text._sbrk_r  0x00010864       0x20 /Applications/MCUXpressoIDE_11.10.0_3148/ide/plugins/com.nxp.mcuxpresso.tools.macosx_11.10.0.202311280810/tools/bin/../lib/gcc/arm-none-eabi/13.2.1/../../../../arm-none-eabi/lib/thumb/v8-m.main+fp/hard/libc_nano.a(libc_a-sbrkr.o)
                0x00010864                _sbrk_r
 .text.__errno  0x00010884        0xc /Applications/MCUXpressoIDE_11.10.0_3148/ide/plugins/com.nxp.mcuxpresso.tools.macosx_11.10.0.202311280810/tools/bin/../lib/gcc/arm-none-eabi/13.2.1/../../../../arm-none-eabi/lib/thumb/v8-m.main+fp/hard/libc_nano.a(libc_a-errno.o)
                0x00010884                __errno
 .text._free_r  0x00010890       0x94 /Applications/MCUXpressoIDE_11.10.0_3148/ide/plugins/com.nxp.mcuxpresso.tools.macosx_11.10.0.202311280810/tools/bin/../lib/gcc/arm-none-eabi/13.2.1/../../../../arm-none-eabi/lib/thumb/v8-m.main+fp/hard/libc_nano.a(libc_a-freer.o)
                0x00010890                _free_r
 .text._vfprintf_r
                0x00010924      0x230 /Applications/MCUXpressoIDE_11.10.0_3148/ide/plugins/com.nxp.mcuxpresso.tools.macosx_11.10.0.202311280810/tools/bin/../lib/gcc/arm-none-eabi/13.2.1/../../../../arm-none-eabi/lib/thumb/v8-m.main+fp/hard/libc_nano.a(libc_a-nano-vfprintf.o)
                0x00010924                _vfiprintf_r
                0x00010924                _vfprintf_r
 .text._printf_i
                0x00010b54      0x23c /Applications/MCUXpressoIDE_11.10.0_3148/ide/plugins/com.nxp.mcuxpresso.tools.macosx_11.10.0.202311280810/tools/bin/../lib/gcc/arm-none-eabi/13.2.1/../../../../arm-none-eabi/lib/thumb/v8-m.main+fp/hard/libc_nano.a(libc_a-nano-vfprintf_i.o)
                0x00010b54                _printf_i
 .text.std      0x00010d90       0x6c /Applications/MCUXpressoIDE_11.10.0_3148/ide/plugins/com.nxp.mcuxpresso.tools.macosx_11.10.0.202311280810/tools/bin/../lib/gcc/arm-none-eabi/13.2.1/../../../../arm-none-eabi/lib/thumb/v8-m.main+fp/hard/libc_nano.a(libc_a-findfp.o)
 .text.stdio_exit_handler
                0x00010dfc       0x18 /Applications/MCUXpressoIDE_11.10.0_3148/ide/plugins/com.nxp.mcuxpresso.tools.macosx_11.10.0.202311280810/tools/bin/../lib/gcc/arm-none-eabi/13.2.1/../../../../arm-none-eabi/lib/thumb/v8-m.main+fp/hard/libc_nano.a(libc_a-findfp.o)
 .text.cleanup_stdio
                0x00010e14       0x40 /Applications/MCUXpressoIDE_11.10.0_3148/ide/plugins/com.nxp.mcuxpresso.tools.macosx_11.10.0.202311280810/tools/bin/../lib/gcc/arm-none-eabi/13.2.1/../../../../arm-none-eabi/lib/thumb/v8-m.main+fp/hard/libc_nano.a(libc_a-findfp.o)
 .text.global_stdio_init.part.0
                0x00010e54       0x3c /Applications/MCUXpressoIDE_11.10.0_3148/ide/plugins/com.nxp.mcuxpresso.tools.macosx_11.10.0.202311280810/tools/bin/../lib/gcc/arm-none-eabi/13.2.1/../../../../arm-none-eabi/lib/thumb/v8-m.main+fp/hard/libc_nano.a(libc_a-findfp.o)
 .text.__sfp_lock_acquire
                0x00010e90        0xc /Applications/MCUXpressoIDE_11.10.0_3148/ide/plugins/com.nxp.mcuxpresso.tools.macosx_11.10.0.202311280810/tools/bin/../lib/gcc/arm-none-eabi/13.2.1/../../../../arm-none-eabi/lib/thumb/v8-m.main+fp/hard/libc_nano.a(libc_a-findfp.o)
                0x00010e90                __sfp_lock_acquire
 .text.__sfp_lock_release
                0x00010e9c        0xc /Applications/MCUXpressoIDE_11.10.0_3148/ide/plugins/com.nxp.mcuxpresso.tools.macosx_11.10.0.202311280810/tools/bin/../lib/gcc/arm-none-eabi/13.2.1/../../../../arm-none-eabi/lib/thumb/v8-m.main+fp/hard/libc_nano.a(libc_a-findfp.o)
                0x00010e9c                __sfp_lock_release
 .text.__sinit  0x00010ea8       0x30 /Applications/MCUXpressoIDE_11.10.0_3148/ide/plugins/com.nxp.mcuxpresso.tools.macosx_11.10.0.202311280810/tools/bin/../lib/gcc/arm-none-eabi/13.2.1/../../../../arm-none-eabi/lib/thumb/v8-m.main+fp/hard/libc_nano.a(libc_a-findfp.o)
                0x00010ea8                __sinit
 .text.__swsetup_r
                0x00010ed8       0xac /Applications/MCUXpressoIDE_11.10.0_3148/ide/plugins/com.nxp.mcuxpresso.tools.macosx_11.10.0.202311280810/tools/bin/../lib/gcc/arm-none-eabi/13.2.1/../../../../arm-none-eabi/lib/thumb/v8-m.main+fp/hard/libc_nano.a(libc_a-wsetup.o)
                0x00010ed8                __swsetup_r
 .text._fstat_r
                0x00010f84       0x24 /Applications/MCUXpressoIDE_11.10.0_3148/ide/plugins/com.nxp.mcuxpresso.tools.macosx_11.10.0.202311280810/tools/bin/../lib/gcc/arm-none-eabi/13.2.1/../../../../arm-none-eabi/lib/thumb/v8-m.main+fp/hard/libc_nano.a(libc_a-fstatr.o)
                0x00010f84                _fstat_r
 .text._isatty_r
                0x00010fa8       0x20 /Applications/MCUXpressoIDE_11.10.0_3148/ide/plugins/com.nxp.mcuxpresso.tools.macosx_11.10.0.202311280810/tools/bin/../lib/gcc/arm-none-eabi/13.2.1/../../../../arm-none-eabi/lib/thumb/v8-m.main+fp/hard/libc_nano.a(libc_a-isattyr.o)
                0x00010fa8                _isatty_r
 .text.__sflush_r
                0x00010fc8      0x108 /Applications/MCUXpressoIDE_11.10.0_3148/ide/plugins/com.nxp.mcuxpresso.tools.macosx_11.10.0.202311280810/tools/bin/../lib/gcc/arm-none-eabi/13.2.1/../../../../arm-none-eabi/lib/thumb/v8-m.main+fp/hard/libc_nano.a(libc_a-fflush.o)
                0x00010fc8                __sflush_r
 .text._close_r
                0x000110d0       0x20 /Applications/MCUXpressoIDE_11.10.0_3148/ide/plugins/com.nxp.mcuxpresso.tools.macosx_11.10.0.202311280810/tools/bin/../lib/gcc/arm-none-eabi/13.2.1/../../../../arm-none-eabi/lib/thumb/v8-m.main+fp/hard/libc_nano.a(libc_a-closer.o)
                0x000110d0                _close_r
 .text._lseek_r
                0x000110f0       0x24 /Applications/MCUXpressoIDE_11.10.0_3148/ide/plugins/com.nxp.mcuxpresso.tools.macosx_11.10.0.202311280810/tools/bin/../lib/gcc/arm-none-eabi/13.2.1/../../../../arm-none-eabi/lib/thumb/v8-m.main+fp/hard/libc_nano.a(libc_a-lseekr.o)
                0x000110f0                _lseek_r
 .text._read_r  0x00011114       0x24 /Applications/MCUXpressoIDE_11.10.0_3148/ide/plugins/com.nxp.mcuxpresso.tools.macosx_11.10.0.202311280810/tools/bin/../lib/gcc/arm-none-eabi/13.2.1/../../../../arm-none-eabi/lib/thumb/v8-m.main+fp/hard/libc_nano.a(libc_a-readr.o)
                0x00011114                _read_r
 .text._write_r
                0x00011138       0x24 /Applications/MCUXpressoIDE_11.10.0_3148/ide/plugins/com.nxp.mcuxpresso.tools.macosx_11.10.0.202311280810/tools/bin/../lib/gcc/arm-none-eabi/13.2.1/../../../../arm-none-eabi/lib/thumb/v8-m.main+fp/hard/libc_nano.a(libc_a-writer.o)
                0x00011138                _write_r
 .text._sbrk    0x0001115c       0x3c /Applications/MCUXpressoIDE_11.10.0_3148/ide/plugins/com.nxp.mcuxpresso.tools.macosx_11.10.0.202311280810/tools/bin/../lib/gcc/arm-none-eabi/13.2.1/../../../../arm-none-eabi/lib/thumb/v8-m.main+fp/hard/libcr_newlib_semihost.a(_cr_sbrk.o)
                0x0001115c                _sbrk
 .text.initialise_monitor_handles.part.0
                0x00011198       0xa4 /Applications/MCUXpressoIDE_11.10.0_3148/ide/plugins/com.nxp.mcuxpresso.tools.macosx_11.10.0.202311280810/tools/bin/../lib/gcc/arm-none-eabi/13.2.1/../../../../arm-none-eabi/lib/thumb/v8-m.main+fp/hard/libcr_newlib_semihost.a(syscalls.o)
 .text.findslot
                0x0001123c       0x30 /Applications/MCUXpressoIDE_11.10.0_3148/ide/plugins/com.nxp.mcuxpresso.tools.macosx_11.10.0.202311280810/tools/bin/../lib/gcc/arm-none-eabi/13.2.1/../../../../arm-none-eabi/lib/thumb/v8-m.main+fp/hard/libcr_newlib_semihost.a(syscalls.o)
 .text._close   0x0001126c       0x4c /Applications/MCUXpressoIDE_11.10.0_3148/ide/plugins/com.nxp.mcuxpresso.tools.macosx_11.10.0.202311280810/tools/bin/../lib/gcc/arm-none-eabi/13.2.1/../../../../arm-none-eabi/lib/thumb/v8-m.main+fp/hard/libcr_newlib_semihost.a(syscalls.o)
                0x0001126c                _close
 .text.__check_heap_overflow
                0x000112b8       0x18 /Applications/MCUXpressoIDE_11.10.0_3148/ide/plugins/com.nxp.mcuxpresso.tools.macosx_11.10.0.202311280810/tools/bin/../lib/gcc/arm-none-eabi/13.2.1/../../../../arm-none-eabi/lib/thumb/v8-m.main+fp/hard/libcr_newlib_semihost.a(_cr_check_heap.o)
                0x000112b8                __check_heap_overflow
 .text.fsl_assert_hook
                0x000112d0       0x1a ./utilities/fsl_assert.o
                0x000112d0                fsl_assert_hook
 .text.WDT_BOD_IRQHandler
                0x000112ea        0x8 ./startup/startup_lpc55s69_cm33_core0.o
                0x000112ea                WDT_BOD_IRQHandler
 .text.DMA0_IRQHandler
                0x000112f2        0x8 ./startup/startup_lpc55s69_cm33_core0.o
                0x000112f2                DMA0_IRQHandler
 .text.GINT0_IRQHandler
                0x000112fa        0x8 ./startup/startup_lpc55s69_cm33_core0.o
                0x000112fa                GINT0_IRQHandler
 .text.GINT1_IRQHandler
                0x00011302        0x8 ./startup/startup_lpc55s69_cm33_core0.o
                0x00011302                GINT1_IRQHandler
 .text.PIN_INT0_IRQHandler
                0x0001130a        0x8 ./startup/startup_lpc55s69_cm33_core0.o
                0x0001130a                PIN_INT0_IRQHandler
 .text.PIN_INT1_IRQHandler
                0x00011312        0x8 ./startup/startup_lpc55s69_cm33_core0.o
                0x00011312                PIN_INT1_IRQHandler
 .text.PIN_INT2_IRQHandler
                0x0001131a        0x8 ./startup/startup_lpc55s69_cm33_core0.o
                0x0001131a                PIN_INT2_IRQHandler
 .text.PIN_INT3_IRQHandler
                0x00011322        0x8 ./startup/startup_lpc55s69_cm33_core0.o
                0x00011322                PIN_INT3_IRQHandler
 .text.UTICK0_IRQHandler
                0x0001132a        0x8 ./startup/startup_lpc55s69_cm33_core0.o
                0x0001132a                UTICK0_IRQHandler
 .text.MRT0_IRQHandler
                0x00011332        0x8 ./startup/startup_lpc55s69_cm33_core0.o
                0x00011332                MRT0_IRQHandler
 .text.CTIMER0_IRQHandler
                0x0001133a        0x8 ./startup/startup_lpc55s69_cm33_core0.o
                0x0001133a                CTIMER0_IRQHandler
 .text.CTIMER1_IRQHandler
                0x00011342        0x8 ./startup/startup_lpc55s69_cm33_core0.o
                0x00011342                CTIMER1_IRQHandler
 .text.SCT0_IRQHandler
                0x0001134a        0x8 ./startup/startup_lpc55s69_cm33_core0.o
                0x0001134a                SCT0_IRQHandler
 .text.CTIMER3_IRQHandler
                0x00011352        0x8 ./startup/startup_lpc55s69_cm33_core0.o
                0x00011352                CTIMER3_IRQHandler
 .text.FLEXCOMM0_IRQHandler
                0x0001135a        0x8 ./startup/startup_lpc55s69_cm33_core0.o
                0x0001135a                FLEXCOMM0_IRQHandler
 .text.FLEXCOMM1_IRQHandler
                0x00011362        0x8 ./startup/startup_lpc55s69_cm33_core0.o
                0x00011362                FLEXCOMM1_IRQHandler
 .text.FLEXCOMM2_IRQHandler
                0x0001136a        0x8 ./startup/startup_lpc55s69_cm33_core0.o
                0x0001136a                FLEXCOMM2_IRQHandler
 .text.FLEXCOMM3_IRQHandler
                0x00011372        0x8 ./startup/startup_lpc55s69_cm33_core0.o
                0x00011372                FLEXCOMM3_IRQHandler
 .text.FLEXCOMM4_IRQHandler
                0x0001137a        0x8 ./startup/startup_lpc55s69_cm33_core0.o
                0x0001137a                FLEXCOMM4_IRQHandler
 .text.FLEXCOMM5_IRQHandler
                0x00011382        0x8 ./startup/startup_lpc55s69_cm33_core0.o
                0x00011382                FLEXCOMM5_IRQHandler
 .text.FLEXCOMM6_IRQHandler
                0x0001138a        0x8 ./startup/startup_lpc55s69_cm33_core0.o
                0x0001138a                FLEXCOMM6_IRQHandler
 .text.FLEXCOMM7_IRQHandler
                0x00011392        0x8 ./startup/startup_lpc55s69_cm33_core0.o
                0x00011392                FLEXCOMM7_IRQHandler
 .text.ADC0_IRQHandler
                0x0001139a        0x8 ./startup/startup_lpc55s69_cm33_core0.o
                0x0001139a                ADC0_IRQHandler
 .text.Reserved39_IRQHandler
                0x000113a2        0x8 ./startup/startup_lpc55s69_cm33_core0.o
                0x000113a2                Reserved39_IRQHandler
 .text.ACMP_IRQHandler
                0x000113aa        0x8 ./startup/startup_lpc55s69_cm33_core0.o
                0x000113aa                ACMP_IRQHandler
 .text.Reserved41_IRQHandler
                0x000113b2        0x8 ./startup/startup_lpc55s69_cm33_core0.o
                0x000113b2                Reserved41_IRQHandler
 .text.Reserved42_IRQHandler
                0x000113ba        0x8 ./startup/startup_lpc55s69_cm33_core0.o
                0x000113ba                Reserved42_IRQHandler
 .text.USB0_NEEDCLK_IRQHandler
                0x000113c2        0x8 ./startup/startup_lpc55s69_cm33_core0.o
                0x000113c2                USB0_NEEDCLK_IRQHandler
 .text.USB0_IRQHandler
                0x000113ca        0x8 ./startup/startup_lpc55s69_cm33_core0.o
                0x000113ca                USB0_IRQHandler
 .text.RTC_IRQHandler
                0x000113d2        0x8 ./startup/startup_lpc55s69_cm33_core0.o
                0x000113d2                RTC_IRQHandler
 .text.Reserved46_IRQHandler
                0x000113da        0x8 ./startup/startup_lpc55s69_cm33_core0.o
                0x000113da                Reserved46_IRQHandler
 .text.MAILBOX_IRQHandler
                0x000113e2        0x8 ./startup/startup_lpc55s69_cm33_core0.o
                0x000113e2                MAILBOX_IRQHandler
 .text.PIN_INT4_IRQHandler
                0x000113ea        0x8 ./startup/startup_lpc55s69_cm33_core0.o
                0x000113ea                PIN_INT4_IRQHandler
 .text.PIN_INT5_IRQHandler
                0x000113f2        0x8 ./startup/startup_lpc55s69_cm33_core0.o
                0x000113f2                PIN_INT5_IRQHandler
 .text.PIN_INT6_IRQHandler
                0x000113fa        0x8 ./startup/startup_lpc55s69_cm33_core0.o
                0x000113fa                PIN_INT6_IRQHandler
 .text.PIN_INT7_IRQHandler
                0x00011402        0x8 ./startup/startup_lpc55s69_cm33_core0.o
                0x00011402                PIN_INT7_IRQHandler
 .text.CTIMER2_IRQHandler
                0x0001140a        0x8 ./startup/startup_lpc55s69_cm33_core0.o
                0x0001140a                CTIMER2_IRQHandler
 .text.CTIMER4_IRQHandler
                0x00011412        0x8 ./startup/startup_lpc55s69_cm33_core0.o
                0x00011412                CTIMER4_IRQHandler
 .text.OS_EVENT_IRQHandler
                0x0001141a        0x8 ./startup/startup_lpc55s69_cm33_core0.o
                0x0001141a                OS_EVENT_IRQHandler
 .text.Reserved55_IRQHandler
                0x00011422        0x8 ./startup/startup_lpc55s69_cm33_core0.o
                0x00011422                Reserved55_IRQHandler
 .text.Reserved56_IRQHandler
                0x0001142a        0x8 ./startup/startup_lpc55s69_cm33_core0.o
                0x0001142a                Reserved56_IRQHandler
 .text.Reserved57_IRQHandler
                0x00011432        0x8 ./startup/startup_lpc55s69_cm33_core0.o
                0x00011432                Reserved57_IRQHandler
 .text.SDIO_IRQHandler
                0x0001143a        0x8 ./startup/startup_lpc55s69_cm33_core0.o
                0x0001143a                SDIO_IRQHandler
 .text.Reserved59_IRQHandler
                0x00011442        0x8 ./startup/startup_lpc55s69_cm33_core0.o
                0x00011442                Reserved59_IRQHandler
 .text.Reserved60_IRQHandler
                0x0001144a        0x8 ./startup/startup_lpc55s69_cm33_core0.o
                0x0001144a                Reserved60_IRQHandler
 .text.Reserved61_IRQHandler
                0x00011452        0x8 ./startup/startup_lpc55s69_cm33_core0.o
                0x00011452                Reserved61_IRQHandler
 .text.USB1_PHY_IRQHandler
                0x0001145a        0x8 ./startup/startup_lpc55s69_cm33_core0.o
                0x0001145a                USB1_PHY_IRQHandler
 .text.USB1_IRQHandler
                0x00011462        0x8 ./startup/startup_lpc55s69_cm33_core0.o
                0x00011462                USB1_IRQHandler
 .text.USB1_NEEDCLK_IRQHandler
                0x0001146a        0x8 ./startup/startup_lpc55s69_cm33_core0.o
                0x0001146a                USB1_NEEDCLK_IRQHandler
 .text.SEC_HYPERVISOR_CALL_IRQHandler
                0x00011472        0x8 ./startup/startup_lpc55s69_cm33_core0.o
                0x00011472                SEC_HYPERVISOR_CALL_IRQHandler
 .text.SEC_GPIO_INT0_IRQ0_IRQHandler
                0x0001147a        0x8 ./startup/startup_lpc55s69_cm33_core0.o
                0x0001147a                SEC_GPIO_INT0_IRQ0_IRQHandler
 .text.SEC_GPIO_INT0_IRQ1_IRQHandler
                0x00011482        0x8 ./startup/startup_lpc55s69_cm33_core0.o
                0x00011482                SEC_GPIO_INT0_IRQ1_IRQHandler
 .text.PLU_IRQHandler
                0x0001148a        0x8 ./startup/startup_lpc55s69_cm33_core0.o
                0x0001148a                PLU_IRQHandler
 .text.SEC_VIO_IRQHandler
                0x00011492        0x8 ./startup/startup_lpc55s69_cm33_core0.o
                0x00011492                SEC_VIO_IRQHandler
 .text.HASHCRYPT_IRQHandler
                0x0001149a        0x8 ./startup/startup_lpc55s69_cm33_core0.o
                0x0001149a                HASHCRYPT_IRQHandler
 .text.CASER_IRQHandler
                0x000114a2        0x8 ./startup/startup_lpc55s69_cm33_core0.o
                0x000114a2                CASER_IRQHandler
 .text.PUF_IRQHandler
                0x000114aa        0x8 ./startup/startup_lpc55s69_cm33_core0.o
                0x000114aa                PUF_IRQHandler
 .text.PQ_IRQHandler
                0x000114b2        0x8 ./startup/startup_lpc55s69_cm33_core0.o
                0x000114b2                PQ_IRQHandler
 .text.DMA1_IRQHandler
                0x000114ba        0x8 ./startup/startup_lpc55s69_cm33_core0.o
                0x000114ba                DMA1_IRQHandler
 .text.FLEXCOMM8_IRQHandler
                0x000114c2        0x8 ./startup/startup_lpc55s69_cm33_core0.o
                0x000114c2                FLEXCOMM8_IRQHandler
 .text.SystemInit
                0x000114ca        0xe ./source/hello_world_ns.o
                0x000114ca                SystemInit
 .text.memset   0x000114d8       0x10 /Applications/MCUXpressoIDE_11.10.0_3148/ide/plugins/com.nxp.mcuxpresso.tools.macosx_11.10.0.202311280810/tools/bin/../lib/gcc/arm-none-eabi/13.2.1/../../../../arm-none-eabi/lib/thumb/v8-m.main+fp/hard/libc_nano.a(libc_a-memset.o)
                0x000114d8                memset
 .text.__retarget_lock_init_recursive
                0x000114e8        0x2 /Applications/MCUXpressoIDE_11.10.0_3148/ide/plugins/com.nxp.mcuxpresso.tools.macosx_11.10.0.202311280810/tools/bin/../lib/gcc/arm-none-eabi/13.2.1/../../../../arm-none-eabi/lib/thumb/v8-m.main+fp/hard/libc_nano.a(libc_a-lock.o)
                0x000114e8                __retarget_lock_init_recursive
 .text.__retarget_lock_acquire_recursive
                0x000114ea        0x2 /Applications/MCUXpressoIDE_11.10.0_3148/ide/plugins/com.nxp.mcuxpresso.tools.macosx_11.10.0.202311280810/tools/bin/../lib/gcc/arm-none-eabi/13.2.1/../../../../arm-none-eabi/lib/thumb/v8-m.main+fp/hard/libc_nano.a(libc_a-lock.o)
                0x000114ea                __retarget_lock_acquire_recursive
 .text.__retarget_lock_release_recursive
                0x000114ec        0x2 /Applications/MCUXpressoIDE_11.10.0_3148/ide/plugins/com.nxp.mcuxpresso.tools.macosx_11.10.0.202311280810/tools/bin/../lib/gcc/arm-none-eabi/13.2.1/../../../../arm-none-eabi/lib/thumb/v8-m.main+fp/hard/libc_nano.a(libc_a-lock.o)
                0x000114ec                __retarget_lock_release_recursive
 .text          0x000114ee       0x14 /Applications/MCUXpressoIDE_11.10.0_3148/ide/plugins/com.nxp.mcuxpresso.tools.macosx_11.10.0.202311280810/tools/bin/../lib/gcc/arm-none-eabi/13.2.1/../../../../arm-none-eabi/lib/thumb/v8-m.main+fp/hard/libc_nano.a(libc_a-strcmp.o)
                0x000114ee                strcmp
 .text.__sfputc_r
                0x00011502       0x2e /Applications/MCUXpressoIDE_11.10.0_3148/ide/plugins/com.nxp.mcuxpresso.tools.macosx_11.10.0.202311280810/tools/bin/../lib/gcc/arm-none-eabi/13.2.1/../../../../arm-none-eabi/lib/thumb/v8-m.main+fp/hard/libc_nano.a(libc_a-nano-vfprintf.o)
 .text.__sfputs_r
                0x00011530       0x24 /Applications/MCUXpressoIDE_11.10.0_3148/ide/plugins/com.nxp.mcuxpresso.tools.macosx_11.10.0.202311280810/tools/bin/../lib/gcc/arm-none-eabi/13.2.1/../../../../arm-none-eabi/lib/thumb/v8-m.main+fp/hard/libc_nano.a(libc_a-nano-vfprintf.o)
                0x00011530                __sfputs_r
 .text._printf_common
                0x00011554       0xe4 /Applications/MCUXpressoIDE_11.10.0_3148/ide/plugins/com.nxp.mcuxpresso.tools.macosx_11.10.0.202311280810/tools/bin/../lib/gcc/arm-none-eabi/13.2.1/../../../../arm-none-eabi/lib/thumb/v8-m.main+fp/hard/libc_nano.a(libc_a-nano-vfprintf_i.o)
                0x00011554                _printf_common
 .text._fwalk_sglue
                0x00011638       0x3c /Applications/MCUXpressoIDE_11.10.0_3148/ide/plugins/com.nxp.mcuxpresso.tools.macosx_11.10.0.202311280810/tools/bin/../lib/gcc/arm-none-eabi/13.2.1/../../../../arm-none-eabi/lib/thumb/v8-m.main+fp/hard/libc_nano.a(libc_a-fwalk.o)
                0x00011638                _fwalk_sglue
 .text.__swbuf_r
                0x00011674       0x7c /Applications/MCUXpressoIDE_11.10.0_3148/ide/plugins/com.nxp.mcuxpresso.tools.macosx_11.10.0.202311280810/tools/bin/../lib/gcc/arm-none-eabi/13.2.1/../../../../arm-none-eabi/lib/thumb/v8-m.main+fp/hard/libc_nano.a(libc_a-wbuf.o)
                0x00011674                __swbuf_r
 .text.__swhatbuf_r
                0x000116f0       0x4a /Applications/MCUXpressoIDE_11.10.0_3148/ide/plugins/com.nxp.mcuxpresso.tools.macosx_11.10.0.202311280810/tools/bin/../lib/gcc/arm-none-eabi/13.2.1/../../../../arm-none-eabi/lib/thumb/v8-m.main+fp/hard/libc_nano.a(libc_a-makebuf.o)
                0x000116f0                __swhatbuf_r
 .text.__smakebuf_r
                0x0001173a       0x78 /Applications/MCUXpressoIDE_11.10.0_3148/ide/plugins/com.nxp.mcuxpresso.tools.macosx_11.10.0.202311280810/tools/bin/../lib/gcc/arm-none-eabi/13.2.1/../../../../arm-none-eabi/lib/thumb/v8-m.main+fp/hard/libc_nano.a(libc_a-makebuf.o)
                0x0001173a                __smakebuf_r
 .text.memchr   0x000117b2       0x1c /Applications/MCUXpressoIDE_11.10.0_3148/ide/plugins/com.nxp.mcuxpresso.tools.macosx_11.10.0.202311280810/tools/bin/../lib/gcc/arm-none-eabi/13.2.1/../../../../arm-none-eabi/lib/thumb/v8-m.main+fp/hard/libc_nano.a(libc_a-memchr-stub.o)
                0x000117b2                memchr
 .text._fflush_r
                0x000117ce       0x50 /Applications/MCUXpressoIDE_11.10.0_3148/ide/plugins/com.nxp.mcuxpresso.tools.macosx_11.10.0.202311280810/tools/bin/../lib/gcc/arm-none-eabi/13.2.1/../../../../arm-none-eabi/lib/thumb/v8-m.main+fp/hard/libc_nano.a(libc_a-fflush.o)
                0x000117ce                _fflush_r
 .text.__sread  0x0001181e       0x22 /Applications/MCUXpressoIDE_11.10.0_3148/ide/plugins/com.nxp.mcuxpresso.tools.macosx_11.10.0.202311280810/tools/bin/../lib/gcc/arm-none-eabi/13.2.1/../../../../arm-none-eabi/lib/thumb/v8-m.main+fp/hard/libc_nano.a(libc_a-stdio.o)
                0x0001181e                __sread
 .text.__swrite
                0x00011840       0x38 /Applications/MCUXpressoIDE_11.10.0_3148/ide/plugins/com.nxp.mcuxpresso.tools.macosx_11.10.0.202311280810/tools/bin/../lib/gcc/arm-none-eabi/13.2.1/../../../../arm-none-eabi/lib/thumb/v8-m.main+fp/hard/libc_nano.a(libc_a-stdio.o)
                0x00011840                __swrite
 .text.__sseek  0x00011878       0x24 /Applications/MCUXpressoIDE_11.10.0_3148/ide/plugins/com.nxp.mcuxpresso.tools.macosx_11.10.0.202311280810/tools/bin/../lib/gcc/arm-none-eabi/13.2.1/../../../../arm-none-eabi/lib/thumb/v8-m.main+fp/hard/libc_nano.a(libc_a-stdio.o)
                0x00011878                __sseek
 .text.__sclose
                0x0001189c        0x8 /Applications/MCUXpressoIDE_11.10.0_3148/ide/plugins/com.nxp.mcuxpresso.tools.macosx_11.10.0.202311280810/tools/bin/../lib/gcc/arm-none-eabi/13.2.1/../../../../arm-none-eabi/lib/thumb/v8-m.main+fp/hard/libc_nano.a(libc_a-stdio.o)
                0x0001189c                __sclose
 .text.error    0x000118a4       0x1c /Applications/MCUXpressoIDE_11.10.0_3148/ide/plugins/com.nxp.mcuxpresso.tools.macosx_11.10.0.202311280810/tools/bin/../lib/gcc/arm-none-eabi/13.2.1/../../../../arm-none-eabi/lib/thumb/v8-m.main+fp/hard/libcr_newlib_semihost.a(syscalls.o)
 .text.checkerror
                0x000118c0        0xa /Applications/MCUXpressoIDE_11.10.0_3148/ide/plugins/com.nxp.mcuxpresso.tools.macosx_11.10.0.202311280810/tools/bin/../lib/gcc/arm-none-eabi/13.2.1/../../../../arm-none-eabi/lib/thumb/v8-m.main+fp/hard/libcr_newlib_semihost.a(syscalls.o)
 .text._swiread
                0x000118ca       0x20 /Applications/MCUXpressoIDE_11.10.0_3148/ide/plugins/com.nxp.mcuxpresso.tools.macosx_11.10.0.202311280810/tools/bin/../lib/gcc/arm-none-eabi/13.2.1/../../../../arm-none-eabi/lib/thumb/v8-m.main+fp/hard/libcr_newlib_semihost.a(syscalls.o)
                0x000118ca                _swiread
 .text._read    0x000118ea       0x34 /Applications/MCUXpressoIDE_11.10.0_3148/ide/plugins/com.nxp.mcuxpresso.tools.macosx_11.10.0.202311280810/tools/bin/../lib/gcc/arm-none-eabi/13.2.1/../../../../arm-none-eabi/lib/thumb/v8-m.main+fp/hard/libcr_newlib_semihost.a(syscalls.o)
                0x000118ea                _read
 .text._swilseek
                0x0001191e       0x78 /Applications/MCUXpressoIDE_11.10.0_3148/ide/plugins/com.nxp.mcuxpresso.tools.macosx_11.10.0.202311280810/tools/bin/../lib/gcc/arm-none-eabi/13.2.1/../../../../arm-none-eabi/lib/thumb/v8-m.main+fp/hard/libcr_newlib_semihost.a(syscalls.o)
                0x0001191e                _swilseek
 .text._lseek   0x00011996        0x4 /Applications/MCUXpressoIDE_11.10.0_3148/ide/plugins/com.nxp.mcuxpresso.tools.macosx_11.10.0.202311280810/tools/bin/../lib/gcc/arm-none-eabi/13.2.1/../../../../arm-none-eabi/lib/thumb/v8-m.main+fp/hard/libcr_newlib_semihost.a(syscalls.o)
                0x00011996                _lseek
 .text._swiwrite
                0x0001199a       0x20 /Applications/MCUXpressoIDE_11.10.0_3148/ide/plugins/com.nxp.mcuxpresso.tools.macosx_11.10.0.202311280810/tools/bin/../lib/gcc/arm-none-eabi/13.2.1/../../../../arm-none-eabi/lib/thumb/v8-m.main+fp/hard/libcr_newlib_semihost.a(syscalls.o)
                0x0001199a                _swiwrite
 .text._write   0x000119ba       0x40 /Applications/MCUXpressoIDE_11.10.0_3148/ide/plugins/com.nxp.mcuxpresso.tools.macosx_11.10.0.202311280810/tools/bin/../lib/gcc/arm-none-eabi/13.2.1/../../../../arm-none-eabi/lib/thumb/v8-m.main+fp/hard/libcr_newlib_semihost.a(syscalls.o)
                0x000119ba                _write
 .text._swiclose
                0x000119fa       0x1a /Applications/MCUXpressoIDE_11.10.0_3148/ide/plugins/com.nxp.mcuxpresso.tools.macosx_11.10.0.202311280810/tools/bin/../lib/gcc/arm-none-eabi/13.2.1/../../../../arm-none-eabi/lib/thumb/v8-m.main+fp/hard/libcr_newlib_semihost.a(syscalls.o)
                0x000119fa                _swiclose
 .text._swistat
                0x00011a14       0x42 /Applications/MCUXpressoIDE_11.10.0_3148/ide/plugins/com.nxp.mcuxpresso.tools.macosx_11.10.0.202311280810/tools/bin/../lib/gcc/arm-none-eabi/13.2.1/../../../../arm-none-eabi/lib/thumb/v8-m.main+fp/hard/libcr_newlib_semihost.a(syscalls.o)
                0x00011a14                _swistat
 .text._fstat   0x00011a56       0x1c /Applications/MCUXpressoIDE_11.10.0_3148/ide/plugins/com.nxp.mcuxpresso.tools.macosx_11.10.0.202311280810/tools/bin/../lib/gcc/arm-none-eabi/13.2.1/../../../../arm-none-eabi/lib/thumb/v8-m.main+fp/hard/libcr_newlib_semihost.a(syscalls.o)
                0x00011a56                _fstat
 .text._isatty  0x00011a72       0x2a /Applications/MCUXpressoIDE_11.10.0_3148/ide/plugins/com.nxp.mcuxpresso.tools.macosx_11.10.0.202311280810/tools/bin/../lib/gcc/arm-none-eabi/13.2.1/../../../../arm-none-eabi/lib/thumb/v8-m.main+fp/hard/libcr_newlib_semihost.a(syscalls.o)
                0x00011a72                _isatty
 *fill*         0x00011a9c        0x4 ff
 .text._isatty.__stub
                0x00011aa0       0x10 linker stubs
 *(SORT_BY_ALIGNMENT(.rodata) SORT_BY_ALIGNMENT(.rodata.*) SORT_BY_ALIGNMENT(.constdata) SORT_BY_ALIGNMENT(.constdata.*))
 .rodata.__assert_func.str1.4
                0x00011ab0      0x13f ./utilities/fsl_assert.o
                                 0x3e (size before relaxing)
 .rodata.main.str1.4
                0x00011bef       0x92 ./source/hello_world_ns.o
 *fill*         0x00011bef        0x1 ff
 .rodata.s_flexcommBaseAddrs
                0x00011bf0       0x24 ./drivers/fsl_flexcomm.o
 .rodata.FLEXCOMM_GetInstance.str1.4
                0x00011c14       0x3f ./drivers/fsl_flexcomm.o
 .rodata.FLEXCOMM0_DriverIRQHandler.str1.4
                0x00011c14       0x27 ./drivers/fsl_flexcomm.o
 .rodata.__func__.9
                0x00011c14       0x15 ./drivers/fsl_flexcomm.o
 *fill*         0x00011c29        0x3 ff
 .rodata.__func__.8
                0x00011c2c       0x1b ./drivers/fsl_flexcomm.o
 *fill*         0x00011c47        0x1 ff
 .rodata.__func__.7
                0x00011c48       0x1b ./drivers/fsl_flexcomm.o
 *fill*         0x00011c63        0x1 ff
 .rodata.__func__.6
                0x00011c64       0x1b ./drivers/fsl_flexcomm.o
 *fill*         0x00011c7f        0x1 ff
 .rodata.__func__.5
                0x00011c80       0x1b ./drivers/fsl_flexcomm.o
 *fill*         0x00011c9b        0x1 ff
 .rodata.__func__.4
                0x00011c9c       0x1b ./drivers/fsl_flexcomm.o
 *fill*         0x00011cb7        0x1 ff
 .rodata.__func__.3
                0x00011cb8       0x1b ./drivers/fsl_flexcomm.o
 *fill*         0x00011cd3        0x1 ff
 .rodata.__func__.2
                0x00011cd4       0x1b ./drivers/fsl_flexcomm.o
 *fill*         0x00011cef        0x1 ff
 .rodata.__func__.1
                0x00011cf0       0x1b ./drivers/fsl_flexcomm.o
 *fill*         0x00011d0b        0x1 ff
 .rodata.__func__.0
                0x00011d0c       0x1b ./drivers/fsl_flexcomm.o
 .rodata._vfprintf_r.str1.1
                0x00011d27       0x37 /Applications/MCUXpressoIDE_11.10.0_3148/ide/plugins/com.nxp.mcuxpresso.tools.macosx_11.10.0.202311280810/tools/bin/../lib/gcc/arm-none-eabi/13.2.1/../../../../arm-none-eabi/lib/thumb/v8-m.main+fp/hard/libc_nano.a(libc_a-nano-vfprintf.o)
                                 0x11 (size before relaxing)
 .rodata._printf_i.str1.1
                0x00011d5e       0x22 /Applications/MCUXpressoIDE_11.10.0_3148/ide/plugins/com.nxp.mcuxpresso.tools.macosx_11.10.0.202311280810/tools/bin/../lib/gcc/arm-none-eabi/13.2.1/../../../../arm-none-eabi/lib/thumb/v8-m.main+fp/hard/libc_nano.a(libc_a-nano-vfprintf_i.o)
 .rodata.initialise_monitor_handles.part.0.str1.1
                0x00011d5e        0x4 /Applications/MCUXpressoIDE_11.10.0_3148/ide/plugins/com.nxp.mcuxpresso.tools.macosx_11.10.0.202311280810/tools/bin/../lib/gcc/arm-none-eabi/13.2.1/../../../../arm-none-eabi/lib/thumb/v8-m.main+fp/hard/libcr_newlib_semihost.a(syscalls.o)
                0x00011d80                        . = ALIGN (0x4)
 *fill*         0x00011d5e        0x2 ff

.glue_7         0x00011d60        0x0
 .glue_7        0x00011d60        0x0 linker stubs

.glue_7t        0x00011d60        0x0
 .glue_7t       0x00011d60        0x0 linker stubs

.vfp11_veneer   0x00011d60        0x0
 .vfp11_veneer  0x00011d60        0x0 linker stubs

.v4_bx          0x00011d60        0x0
 .v4_bx         0x00011d60        0x0 linker stubs

.iplt           0x00011d60        0x0
 .iplt          0x00011d60        0x0 ./utilities/fsl_assert.o

.ARM.extab
 *(SORT_BY_ALIGNMENT(.ARM.extab*) SORT_BY_ALIGNMENT(.gnu.linkonce.armextab.*))

.ARM.exidx      0x00011d60        0x8
                0x00011d60                        __exidx_start = .
 *(SORT_BY_ALIGNMENT(.ARM.exidx*) SORT_BY_ALIGNMENT(.gnu.linkonce.armexidx.*))
 .ARM.exidx     0x00011d60        0x8 /Applications/MCUXpressoIDE_11.10.0_3148/ide/plugins/com.nxp.mcuxpresso.tools.macosx_11.10.0.202311280810/tools/bin/../lib/gcc/arm-none-eabi/13.2.1/../../../../arm-none-eabi/lib/thumb/v8-m.main+fp/hard/libc_nano.a(libc_a-strcmp.o)
                0x00011d68                        __exidx_end = .
                0x00011d68                        _etext = .

.rel.dyn        0x00011d68        0x0
 .rel.iplt      0x00011d68        0x0 ./utilities/fsl_assert.o

.uninit_RESERVED
                0x20008000        0x0
                0x20008000                        _start_uninit_RESERVED = .
 *(SORT_BY_ALIGNMENT(.bss.$RESERVED*))
                0x20008000                        . = ALIGN (0x4)
                0x20008000                        _end_uninit_RESERVED = .

.data           0x20008000       0x5c load address 0x00011d68
 FILL mask 0xff
                0x20008000                        _data = .
                [!provide]                        PROVIDE (__start_data_RAM = .)
                [!provide]                        PROVIDE (__start_data_Ram0 = .)
 *(SORT_BY_ALIGNMENT(vtable))
 *(SORT_BY_ALIGNMENT(.ramfunc*))
 *(SORT_BY_ALIGNMENT(CodeQuickAccess))
 *(SORT_BY_ALIGNMENT(DataQuickAccess))
 *(SORT_BY_ALIGNMENT(RamFunction))
 *(SORT_BY_ALIGNMENT(.data*))
 .data._impure_ptr
                0x20008000        0x4 /Applications/MCUXpressoIDE_11.10.0_3148/ide/plugins/com.nxp.mcuxpresso.tools.macosx_11.10.0.202311280810/tools/bin/../lib/gcc/arm-none-eabi/13.2.1/../../../../arm-none-eabi/lib/thumb/v8-m.main+fp/hard/libc_nano.a(libc_a-impure.o)
                0x20008000                _impure_ptr
 .data._impure_data
                0x20008004       0x4c /Applications/MCUXpressoIDE_11.10.0_3148/ide/plugins/com.nxp.mcuxpresso.tools.macosx_11.10.0.202311280810/tools/bin/../lib/gcc/arm-none-eabi/13.2.1/../../../../arm-none-eabi/lib/thumb/v8-m.main+fp/hard/libc_nano.a(libc_a-impure.o)
                0x20008004                _impure_data
 .data.__sglue  0x20008050        0xc /Applications/MCUXpressoIDE_11.10.0_3148/ide/plugins/com.nxp.mcuxpresso.tools.macosx_11.10.0.202311280810/tools/bin/../lib/gcc/arm-none-eabi/13.2.1/../../../../arm-none-eabi/lib/thumb/v8-m.main+fp/hard/libc_nano.a(libc_a-findfp.o)
                0x20008050                __sglue
                0x2000805c                        . = ALIGN (0x4)
                0x2000805c                        _edata = .
                [!provide]                        PROVIDE (__end_data_RAM = .)
                [!provide]                        PROVIDE (__end_data_Ram0 = .)

.igot.plt       0x2000805c        0x0 load address 0x00011dc4
 .igot.plt      0x2000805c        0x0 ./utilities/fsl_assert.o

.bss            0x2000805c      0x1d0
                0x2000805c                        _bss = .
                [!provide]                        PROVIDE (__start_bss_RAM = .)
                [!provide]                        PROVIDE (__start_bss_Ram0 = .)
 *(SORT_BY_ALIGNMENT(.bss*))
 .bss.s_flexcommIrqHandler
                0x2000805c       0x24 ./drivers/fsl_flexcomm.o
 .bss.s_flexcommHandle
                0x20008080       0x24 ./drivers/fsl_flexcomm.o
 .bss.__malloc_sbrk_start
                0x200080a4        0x4 /Applications/MCUXpressoIDE_11.10.0_3148/ide/plugins/com.nxp.mcuxpresso.tools.macosx_11.10.0.202311280810/tools/bin/../lib/gcc/arm-none-eabi/13.2.1/../../../../arm-none-eabi/lib/thumb/v8-m.main+fp/hard/libc_nano.a(libc_a-mallocr.o)
                0x200080a4                __malloc_sbrk_start
 .bss.__malloc_free_list
                0x200080a8        0x4 /Applications/MCUXpressoIDE_11.10.0_3148/ide/plugins/com.nxp.mcuxpresso.tools.macosx_11.10.0.202311280810/tools/bin/../lib/gcc/arm-none-eabi/13.2.1/../../../../arm-none-eabi/lib/thumb/v8-m.main+fp/hard/libc_nano.a(libc_a-mallocr.o)
                0x200080a8                __malloc_free_list
 .bss.__sf      0x200080ac      0x138 /Applications/MCUXpressoIDE_11.10.0_3148/ide/plugins/com.nxp.mcuxpresso.tools.macosx_11.10.0.202311280810/tools/bin/../lib/gcc/arm-none-eabi/13.2.1/../../../../arm-none-eabi/lib/thumb/v8-m.main+fp/hard/libc_nano.a(libc_a-findfp.o)
                0x200080ac                __sf
 .bss.__stdio_exit_handler
                0x200081e4        0x4 /Applications/MCUXpressoIDE_11.10.0_3148/ide/plugins/com.nxp.mcuxpresso.tools.macosx_11.10.0.202311280810/tools/bin/../lib/gcc/arm-none-eabi/13.2.1/../../../../arm-none-eabi/lib/thumb/v8-m.main+fp/hard/libc_nano.a(libc_a-findfp.o)
                0x200081e4                __stdio_exit_handler
 .bss.errno     0x200081e8        0x4 /Applications/MCUXpressoIDE_11.10.0_3148/ide/plugins/com.nxp.mcuxpresso.tools.macosx_11.10.0.202311280810/tools/bin/../lib/gcc/arm-none-eabi/13.2.1/../../../../arm-none-eabi/lib/thumb/v8-m.main+fp/hard/libc_nano.a(libc_a-reent.o)
                0x200081e8                errno
 .bss.__end_of_heap
                0x200081ec        0x4 /Applications/MCUXpressoIDE_11.10.0_3148/ide/plugins/com.nxp.mcuxpresso.tools.macosx_11.10.0.202311280810/tools/bin/../lib/gcc/arm-none-eabi/13.2.1/../../../../arm-none-eabi/lib/thumb/v8-m.main+fp/hard/libcr_newlib_semihost.a(_cr_sbrk.o)
                0x200081ec                __end_of_heap
 .bss.initialized.0
                0x200081f0        0x4 /Applications/MCUXpressoIDE_11.10.0_3148/ide/plugins/com.nxp.mcuxpresso.tools.macosx_11.10.0.202311280810/tools/bin/../lib/gcc/arm-none-eabi/13.2.1/../../../../arm-none-eabi/lib/thumb/v8-m.main+fp/hard/libcr_newlib_semihost.a(syscalls.o)
 .bss.monitor_stderr
                0x200081f4        0x4 /Applications/MCUXpressoIDE_11.10.0_3148/ide/plugins/com.nxp.mcuxpresso.tools.macosx_11.10.0.202311280810/tools/bin/../lib/gcc/arm-none-eabi/13.2.1/../../../../arm-none-eabi/lib/thumb/v8-m.main+fp/hard/libcr_newlib_semihost.a(syscalls.o)
 .bss.monitor_stdout
                0x200081f8        0x4 /Applications/MCUXpressoIDE_11.10.0_3148/ide/plugins/com.nxp.mcuxpresso.tools.macosx_11.10.0.202311280810/tools/bin/../lib/gcc/arm-none-eabi/13.2.1/../../../../arm-none-eabi/lib/thumb/v8-m.main+fp/hard/libcr_newlib_semihost.a(syscalls.o)
 .bss.monitor_stdin
                0x200081fc        0x4 /Applications/MCUXpressoIDE_11.10.0_3148/ide/plugins/com.nxp.mcuxpresso.tools.macosx_11.10.0.202311280810/tools/bin/../lib/gcc/arm-none-eabi/13.2.1/../../../../arm-none-eabi/lib/thumb/v8-m.main+fp/hard/libcr_newlib_semihost.a(syscalls.o)
 .bss.openfiles
                0x20008200       0x28 /Applications/MCUXpressoIDE_11.10.0_3148/ide/plugins/com.nxp.mcuxpresso.tools.macosx_11.10.0.202311280810/tools/bin/../lib/gcc/arm-none-eabi/13.2.1/../../../../arm-none-eabi/lib/thumb/v8-m.main+fp/hard/libcr_newlib_semihost.a(syscalls.o)
 .bss.__lock___malloc_recursive_mutex
                0x20008228        0x1 /Applications/MCUXpressoIDE_11.10.0_3148/ide/plugins/com.nxp.mcuxpresso.tools.macosx_11.10.0.202311280810/tools/bin/../lib/gcc/arm-none-eabi/13.2.1/../../../../arm-none-eabi/lib/thumb/v8-m.main+fp/hard/libc_nano.a(libc_a-lock.o)
                0x20008228                __lock___malloc_recursive_mutex
 .bss.__lock___sfp_recursive_mutex
                0x20008229        0x1 /Applications/MCUXpressoIDE_11.10.0_3148/ide/plugins/com.nxp.mcuxpresso.tools.macosx_11.10.0.202311280810/tools/bin/../lib/gcc/arm-none-eabi/13.2.1/../../../../arm-none-eabi/lib/thumb/v8-m.main+fp/hard/libc_nano.a(libc_a-lock.o)
                0x20008229                __lock___sfp_recursive_mutex
 *(SORT_BY_ALIGNMENT(COMMON))
                0x2000822c                        . = ALIGN (0x4)
 *fill*         0x2000822a        0x2 
                0x2000822c                        _ebss = .
                [!provide]                        PROVIDE (__end_bss_RAM = .)
                [!provide]                        PROVIDE (__end_bss_Ram0 = .)
                [!provide]                        PROVIDE (end = .)

.noinit         0x2000822c        0x0
                0x2000822c                        _noinit = .
                [!provide]                        PROVIDE (__start_noinit_RAM = .)
                [!provide]                        PROVIDE (__start_noinit_Ram0 = .)
 *(SORT_BY_ALIGNMENT(.noinit*))
                0x2000822c                        . = ALIGN (0x4)
                0x2000822c                        _end_noinit = .
                [!provide]                        PROVIDE (__end_noinit_RAM = .)
                [!provide]                        PROVIDE (__end_noinit_Ram0 = .)
                0x00001000                        _HeapSize = 0x1000

.heap           0x2000822c     0x1000
                0x2000822c                        _pvHeapStart = .
                0x2000922c                        . = (. + _HeapSize)
 *fill*         0x2000822c     0x1000 
                0x2000922c                        . = ALIGN (0x4)
                0x2000922c                        _pvHeapLimit = .
                0x00001000                        _StackSize = 0x1000

.heap2stackfill
                0x2000922c     0x1000
                0x2000a22c                        . = (. + _StackSize)
 *fill*         0x2000922c     0x1000 

.stack          0x20032000        0x0
                0x20032000                        _vStackBase = .
                0x20032000                        . = ALIGN (0x4)
                0x20033000                        _vStackTop = (. + _StackSize)
                [!provide]                        PROVIDE (__valid_user_code_checksum = (0x0 - ((((((_vStackTop + (ResetISR + 0x1)) + (NMI_Handler + 0x1)) + (HardFault_Handler + 0x1)) + (DEFINED (MemManage_Handler)?MemManage_Handler:0x0 + 0x1)) + (DEFINED (BusFault_Handler)?BusFault_Handler:0x0 + 0x1)) + (DEFINED (UsageFault_Handler)?UsageFault_Handler:0x0 + 0x1))))
                0x00010000                        _image_start = LOADADDR (.text)
                0x00011dc4                        _image_end = (LOADADDR (.data) + SIZEOF (.data))
                0x00001dc4                        _image_size = (_image_end - _image_start)
OUTPUT(Test_hello_world_ns.axf elf32-littlearm)
LOAD linker stubs

.debug_info     0x00000000     0x2c48
 .debug_info    0x00000000      0x13c ./utilities/fsl_assert.o
 .debug_info    0x0000013c      0x9db ./startup/startup_lpc55s69_cm33_core0.o
 .debug_info    0x00000b17      0x4ff ./source/hello_world_ns.o
 .debug_info    0x00001016     0x1c32 ./drivers/fsl_flexcomm.o

.debug_abbrev   0x00000000      0x647
 .debug_abbrev  0x00000000       0xb3 ./utilities/fsl_assert.o
 .debug_abbrev  0x000000b3      0x167 ./startup/startup_lpc55s69_cm33_core0.o
 .debug_abbrev  0x0000021a      0x162 ./source/hello_world_ns.o
 .debug_abbrev  0x0000037c      0x2cb ./drivers/fsl_flexcomm.o

.debug_aranges  0x00000000      0x350
 .debug_aranges
                0x00000000       0x28 ./utilities/fsl_assert.o
 .debug_aranges
                0x00000028      0x268 ./startup/startup_lpc55s69_cm33_core0.o
 .debug_aranges
                0x00000290       0x30 ./source/hello_world_ns.o
 .debug_aranges
                0x000002c0       0x90 ./drivers/fsl_flexcomm.o

.debug_ranges   0x00000000      0x310
 .debug_ranges  0x00000000       0x18 ./utilities/fsl_assert.o
 .debug_ranges  0x00000018      0x258 ./startup/startup_lpc55s69_cm33_core0.o
 .debug_ranges  0x00000270       0x20 ./source/hello_world_ns.o
 .debug_ranges  0x00000290       0x80 ./drivers/fsl_flexcomm.o

.debug_macro    0x00000000    0x16455
 .debug_macro   0x00000000      0x274 ./utilities/fsl_assert.o
 .debug_macro   0x00000274      0xb14 ./utilities/fsl_assert.o
 .debug_macro   0x00000d88       0x22 ./utilities/fsl_assert.o
 .debug_macro   0x00000daa       0x5b ./utilities/fsl_assert.o
 .debug_macro   0x00000e05       0x2a ./utilities/fsl_assert.o
 .debug_macro   0x00000e2f       0x94 ./utilities/fsl_assert.o
 .debug_macro   0x00000ec3       0x43 ./utilities/fsl_assert.o
 .debug_macro   0x00000f06       0x34 ./utilities/fsl_assert.o
 .debug_macro   0x00000f3a       0x16 ./utilities/fsl_assert.o
 .debug_macro   0x00000f50       0x22 ./utilities/fsl_assert.o
 .debug_macro   0x00000f72       0x57 ./utilities/fsl_assert.o
 .debug_macro   0x00000fc9      0x103 ./utilities/fsl_assert.o
 .debug_macro   0x000010cc       0x6a ./utilities/fsl_assert.o
 .debug_macro   0x00001136      0x1df ./utilities/fsl_assert.o
 .debug_macro   0x00001315      0x189 ./utilities/fsl_assert.o
 .debug_macro   0x0000149e      0x38c ./utilities/fsl_assert.o
 .debug_macro   0x0000182a       0x16 ./utilities/fsl_assert.o
 .debug_macro   0x00001840       0x4a ./utilities/fsl_assert.o
 .debug_macro   0x0000188a       0x34 ./utilities/fsl_assert.o
 .debug_macro   0x000018be       0x10 ./utilities/fsl_assert.o
 .debug_macro   0x000018ce       0x58 ./utilities/fsl_assert.o
 .debug_macro   0x00001926       0x8e ./utilities/fsl_assert.o
 .debug_macro   0x000019b4       0x10 ./utilities/fsl_assert.o
 .debug_macro   0x000019c4      0x177 ./utilities/fsl_assert.o
 .debug_macro   0x00001b3b       0x10 ./utilities/fsl_assert.o
 .debug_macro   0x00001b4b       0x3c ./utilities/fsl_assert.o
 .debug_macro   0x00001b87       0x16 ./utilities/fsl_assert.o
 .debug_macro   0x00001b9d       0x16 ./utilities/fsl_assert.o
 .debug_macro   0x00001bb3       0x29 ./utilities/fsl_assert.o
 .debug_macro   0x00001bdc       0x10 ./utilities/fsl_assert.o
 .debug_macro   0x00001bec       0x46 ./utilities/fsl_assert.o
 .debug_macro   0x00001c32       0x1c ./utilities/fsl_assert.o
 .debug_macro   0x00001c4e       0x29 ./utilities/fsl_assert.o
 .debug_macro   0x00001c77       0xfb ./utilities/fsl_assert.o
 .debug_macro   0x00001d72     0x1685 ./utilities/fsl_assert.o
 .debug_macro   0x000033f7       0x5e ./utilities/fsl_assert.o
 .debug_macro   0x00003455       0x2e ./utilities/fsl_assert.o
 .debug_macro   0x00003483    0x116e8 ./utilities/fsl_assert.o
 .debug_macro   0x00014b6b      0x4f1 ./utilities/fsl_assert.o
 .debug_macro   0x0001505c       0x88 ./utilities/fsl_assert.o
 .debug_macro   0x000150e4       0xaf ./utilities/fsl_assert.o
 .debug_macro   0x00015193      0x2ca ./utilities/fsl_assert.o
 .debug_macro   0x0001545d      0x11f ./utilities/fsl_assert.o
 .debug_macro   0x0001557c       0x1c ./utilities/fsl_assert.o
 .debug_macro   0x00015598       0x1c ./utilities/fsl_assert.o
 .debug_macro   0x000155b4       0x10 ./utilities/fsl_assert.o
 .debug_macro   0x000155c4       0x1c ./utilities/fsl_assert.o
 .debug_macro   0x000155e0       0x16 ./utilities/fsl_assert.o
 .debug_macro   0x000155f6      0x146 ./utilities/fsl_assert.o
 .debug_macro   0x0001573c       0x3a ./utilities/fsl_assert.o
 .debug_macro   0x00015776       0x29 ./startup/startup_lpc55s69_cm33_core0.o
 .debug_macro   0x0001579f      0x2ca ./source/hello_world_ns.o
 .debug_macro   0x00015a69       0x8e ./source/hello_world_ns.o
 .debug_macro   0x00015af7       0x51 ./source/hello_world_ns.o
 .debug_macro   0x00015b48       0x61 ./source/hello_world_ns.o
 .debug_macro   0x00015ba9       0x2e ./source/hello_world_ns.o
 .debug_macro   0x00015bd7       0x35 ./source/hello_world_ns.o
 .debug_macro   0x00015c0c       0x10 ./source/hello_world_ns.o
 .debug_macro   0x00015c1c       0xfe ./source/hello_world_ns.o
 .debug_macro   0x00015d1a      0x1f0 ./source/hello_world_ns.o
 .debug_macro   0x00015f0a      0x304 ./source/hello_world_ns.o
 .debug_macro   0x0001620e      0x237 ./drivers/fsl_flexcomm.o
 .debug_macro   0x00016445       0x10 ./drivers/fsl_flexcomm.o

.debug_line     0x00000000     0x201f
 .debug_line    0x00000000      0x6f0 ./utilities/fsl_assert.o
 .debug_line    0x000006f0      0x794 ./startup/startup_lpc55s69_cm33_core0.o
 .debug_line    0x00000e84      0x8b3 ./source/hello_world_ns.o
 .debug_line    0x00001737      0x8e8 ./drivers/fsl_flexcomm.o

.debug_str      0x00000000    0xbc054
 .debug_str     0x00000000    0xbc054 ./utilities/fsl_assert.o
                              0xb6937 (size before relaxing)
 .debug_str     0x000bc054     0x36a1 ./startup/startup_lpc55s69_cm33_core0.o
 .debug_str     0x000bc054    0xb972e ./source/hello_world_ns.o
 .debug_str     0x000bc054    0xb878a ./drivers/fsl_flexcomm.o

.comment        0x00000000       0x44
 .comment       0x00000000       0x44 ./utilities/fsl_assert.o
                                 0x45 (size before relaxing)
 .comment       0x00000044       0x45 ./startup/startup_lpc55s69_cm33_core0.o
 .comment       0x00000044       0x45 ./source/hello_world_ns.o
 .comment       0x00000044       0x45 ./drivers/fsl_flexcomm.o
 .comment       0x00000044       0x45 /Applications/MCUXpressoIDE_11.10.0_3148/ide/plugins/com.nxp.mcuxpresso.tools.macosx_11.10.0.202311280810/tools/bin/../lib/gcc/arm-none-eabi/13.2.1/../../../../arm-none-eabi/lib/thumb/v8-m.main+fp/hard/libcr_newlib_semihost.a(_cr_sbrk.o)
 .comment       0x00000044       0x45 /Applications/MCUXpressoIDE_11.10.0_3148/ide/plugins/com.nxp.mcuxpresso.tools.macosx_11.10.0.202311280810/tools/bin/../lib/gcc/arm-none-eabi/13.2.1/../../../../arm-none-eabi/lib/thumb/v8-m.main+fp/hard/libcr_newlib_semihost.a(syscalls.o)
 .comment       0x00000044       0x45 /Applications/MCUXpressoIDE_11.10.0_3148/ide/plugins/com.nxp.mcuxpresso.tools.macosx_11.10.0.202311280810/tools/bin/../lib/gcc/arm-none-eabi/13.2.1/../../../../arm-none-eabi/lib/thumb/v8-m.main+fp/hard/libcr_newlib_semihost.a(_cr_check_heap.o)

.ARM.attributes
                0x00000000       0x38
 .ARM.attributes
                0x00000000       0x3a ./utilities/fsl_assert.o
 .ARM.attributes
                0x0000003a       0x3a ./startup/startup_lpc55s69_cm33_core0.o
 .ARM.attributes
                0x00000074       0x3a ./source/hello_world_ns.o
 .ARM.attributes
                0x000000ae       0x3a ./drivers/fsl_flexcomm.o
 .ARM.attributes
                0x000000e8       0x38 /Applications/MCUXpressoIDE_11.10.0_3148/ide/plugins/com.nxp.mcuxpresso.tools.macosx_11.10.0.202311280810/tools/bin/../lib/gcc/arm-none-eabi/13.2.1/../../../../arm-none-eabi/lib/thumb/v8-m.main+fp/hard/libc_nano.a(libc_a-mallocr.o)
 .ARM.attributes
                0x00000120       0x38 /Applications/MCUXpressoIDE_11.10.0_3148/ide/plugins/com.nxp.mcuxpresso.tools.macosx_11.10.0.202311280810/tools/bin/../lib/gcc/arm-none-eabi/13.2.1/../../../../arm-none-eabi/lib/thumb/v8-m.main+fp/hard/libc_nano.a(libc_a-mlock.o)
 .ARM.attributes
                0x00000158       0x38 /Applications/MCUXpressoIDE_11.10.0_3148/ide/plugins/com.nxp.mcuxpresso.tools.macosx_11.10.0.202311280810/tools/bin/../lib/gcc/arm-none-eabi/13.2.1/../../../../arm-none-eabi/lib/thumb/v8-m.main+fp/hard/libc_nano.a(libc_a-printf.o)
 .ARM.attributes
                0x00000190       0x38 /Applications/MCUXpressoIDE_11.10.0_3148/ide/plugins/com.nxp.mcuxpresso.tools.macosx_11.10.0.202311280810/tools/bin/../lib/gcc/arm-none-eabi/13.2.1/../../../../arm-none-eabi/lib/thumb/v8-m.main+fp/hard/libc_nano.a(libc_a-memset.o)
 .ARM.attributes
                0x000001c8       0x38 /Applications/MCUXpressoIDE_11.10.0_3148/ide/plugins/com.nxp.mcuxpresso.tools.macosx_11.10.0.202311280810/tools/bin/../lib/gcc/arm-none-eabi/13.2.1/../../../../arm-none-eabi/lib/thumb/v8-m.main+fp/hard/libc_nano.a(libc_a-impure.o)
 .ARM.attributes
                0x00000200       0x38 /Applications/MCUXpressoIDE_11.10.0_3148/ide/plugins/com.nxp.mcuxpresso.tools.macosx_11.10.0.202311280810/tools/bin/../lib/gcc/arm-none-eabi/13.2.1/../../../../arm-none-eabi/lib/thumb/v8-m.main+fp/hard/libc_nano.a(libc_a-sbrkr.o)
 .ARM.attributes
                0x00000238       0x38 /Applications/MCUXpressoIDE_11.10.0_3148/ide/plugins/com.nxp.mcuxpresso.tools.macosx_11.10.0.202311280810/tools/bin/../lib/gcc/arm-none-eabi/13.2.1/../../../../arm-none-eabi/lib/thumb/v8-m.main+fp/hard/libc_nano.a(libc_a-errno.o)
 .ARM.attributes
                0x00000270       0x38 /Applications/MCUXpressoIDE_11.10.0_3148/ide/plugins/com.nxp.mcuxpresso.tools.macosx_11.10.0.202311280810/tools/bin/../lib/gcc/arm-none-eabi/13.2.1/../../../../arm-none-eabi/lib/thumb/v8-m.main+fp/hard/libc_nano.a(libc_a-lock.o)
 .ARM.attributes
                0x000002a8       0x24 /Applications/MCUXpressoIDE_11.10.0_3148/ide/plugins/com.nxp.mcuxpresso.tools.macosx_11.10.0.202311280810/tools/bin/../lib/gcc/arm-none-eabi/13.2.1/../../../../arm-none-eabi/lib/thumb/v8-m.main+fp/hard/libc_nano.a(libc_a-strcmp.o)
 .ARM.attributes
                0x000002cc       0x38 /Applications/MCUXpressoIDE_11.10.0_3148/ide/plugins/com.nxp.mcuxpresso.tools.macosx_11.10.0.202311280810/tools/bin/../lib/gcc/arm-none-eabi/13.2.1/../../../../arm-none-eabi/lib/thumb/v8-m.main+fp/hard/libc_nano.a(libc_a-freer.o)
 .ARM.attributes
                0x00000304       0x38 /Applications/MCUXpressoIDE_11.10.0_3148/ide/plugins/com.nxp.mcuxpresso.tools.macosx_11.10.0.202311280810/tools/bin/../lib/gcc/arm-none-eabi/13.2.1/../../../../arm-none-eabi/lib/thumb/v8-m.main+fp/hard/libc_nano.a(libc_a-nano-vfprintf.o)
 .ARM.attributes
                0x0000033c       0x38 /Applications/MCUXpressoIDE_11.10.0_3148/ide/plugins/com.nxp.mcuxpresso.tools.macosx_11.10.0.202311280810/tools/bin/../lib/gcc/arm-none-eabi/13.2.1/../../../../arm-none-eabi/lib/thumb/v8-m.main+fp/hard/libc_nano.a(libc_a-nano-vfprintf_i.o)
 .ARM.attributes
                0x00000374       0x38 /Applications/MCUXpressoIDE_11.10.0_3148/ide/plugins/com.nxp.mcuxpresso.tools.macosx_11.10.0.202311280810/tools/bin/../lib/gcc/arm-none-eabi/13.2.1/../../../../arm-none-eabi/lib/thumb/v8-m.main+fp/hard/libc_nano.a(libc_a-findfp.o)
 .ARM.attributes
                0x000003ac       0x38 /Applications/MCUXpressoIDE_11.10.0_3148/ide/plugins/com.nxp.mcuxpresso.tools.macosx_11.10.0.202311280810/tools/bin/../lib/gcc/arm-none-eabi/13.2.1/../../../../arm-none-eabi/lib/thumb/v8-m.main+fp/hard/libc_nano.a(libc_a-fwalk.o)
 .ARM.attributes
                0x000003e4       0x38 /Applications/MCUXpressoIDE_11.10.0_3148/ide/plugins/com.nxp.mcuxpresso.tools.macosx_11.10.0.202311280810/tools/bin/../lib/gcc/arm-none-eabi/13.2.1/../../../../arm-none-eabi/lib/thumb/v8-m.main+fp/hard/libc_nano.a(libc_a-wbuf.o)
 .ARM.attributes
                0x0000041c       0x38 /Applications/MCUXpressoIDE_11.10.0_3148/ide/plugins/com.nxp.mcuxpresso.tools.macosx_11.10.0.202311280810/tools/bin/../lib/gcc/arm-none-eabi/13.2.1/../../../../arm-none-eabi/lib/thumb/v8-m.main+fp/hard/libc_nano.a(libc_a-wsetup.o)
 .ARM.attributes
                0x00000454       0x38 /Applications/MCUXpressoIDE_11.10.0_3148/ide/plugins/com.nxp.mcuxpresso.tools.macosx_11.10.0.202311280810/tools/bin/../lib/gcc/arm-none-eabi/13.2.1/../../../../arm-none-eabi/lib/thumb/v8-m.main+fp/hard/libc_nano.a(libc_a-makebuf.o)
 .ARM.attributes
                0x0000048c       0x38 /Applications/MCUXpressoIDE_11.10.0_3148/ide/plugins/com.nxp.mcuxpresso.tools.macosx_11.10.0.202311280810/tools/bin/../lib/gcc/arm-none-eabi/13.2.1/../../../../arm-none-eabi/lib/thumb/v8-m.main+fp/hard/libc_nano.a(libc_a-reent.o)
 .ARM.attributes
                0x000004c4       0x38 /Applications/MCUXpressoIDE_11.10.0_3148/ide/plugins/com.nxp.mcuxpresso.tools.macosx_11.10.0.202311280810/tools/bin/../lib/gcc/arm-none-eabi/13.2.1/../../../../arm-none-eabi/lib/thumb/v8-m.main+fp/hard/libc_nano.a(libc_a-fstatr.o)
 .ARM.attributes
                0x000004fc       0x38 /Applications/MCUXpressoIDE_11.10.0_3148/ide/plugins/com.nxp.mcuxpresso.tools.macosx_11.10.0.202311280810/tools/bin/../lib/gcc/arm-none-eabi/13.2.1/../../../../arm-none-eabi/lib/thumb/v8-m.main+fp/hard/libc_nano.a(libc_a-isattyr.o)
 .ARM.attributes
                0x00000534       0x38 /Applications/MCUXpressoIDE_11.10.0_3148/ide/plugins/com.nxp.mcuxpresso.tools.macosx_11.10.0.202311280810/tools/bin/../lib/gcc/arm-none-eabi/13.2.1/../../../../arm-none-eabi/lib/thumb/v8-m.main+fp/hard/libc_nano.a(libc_a-memchr-stub.o)
 .ARM.attributes
                0x0000056c       0x38 /Applications/MCUXpressoIDE_11.10.0_3148/ide/plugins/com.nxp.mcuxpresso.tools.macosx_11.10.0.202311280810/tools/bin/../lib/gcc/arm-none-eabi/13.2.1/../../../../arm-none-eabi/lib/thumb/v8-m.main+fp/hard/libc_nano.a(libc_a-fflush.o)
 .ARM.attributes
                0x000005a4       0x38 /Applications/MCUXpressoIDE_11.10.0_3148/ide/plugins/com.nxp.mcuxpresso.tools.macosx_11.10.0.202311280810/tools/bin/../lib/gcc/arm-none-eabi/13.2.1/../../../../arm-none-eabi/lib/thumb/v8-m.main+fp/hard/libc_nano.a(libc_a-stdio.o)
 .ARM.attributes
                0x000005dc       0x38 /Applications/MCUXpressoIDE_11.10.0_3148/ide/plugins/com.nxp.mcuxpresso.tools.macosx_11.10.0.202311280810/tools/bin/../lib/gcc/arm-none-eabi/13.2.1/../../../../arm-none-eabi/lib/thumb/v8-m.main+fp/hard/libc_nano.a(libc_a-closer.o)
 .ARM.attributes
                0x00000614       0x38 /Applications/MCUXpressoIDE_11.10.0_3148/ide/plugins/com.nxp.mcuxpresso.tools.macosx_11.10.0.202311280810/tools/bin/../lib/gcc/arm-none-eabi/13.2.1/../../../../arm-none-eabi/lib/thumb/v8-m.main+fp/hard/libc_nano.a(libc_a-lseekr.o)
 .ARM.attributes
                0x0000064c       0x38 /Applications/MCUXpressoIDE_11.10.0_3148/ide/plugins/com.nxp.mcuxpresso.tools.macosx_11.10.0.202311280810/tools/bin/../lib/gcc/arm-none-eabi/13.2.1/../../../../arm-none-eabi/lib/thumb/v8-m.main+fp/hard/libc_nano.a(libc_a-readr.o)
 .ARM.attributes
                0x00000684       0x38 /Applications/MCUXpressoIDE_11.10.0_3148/ide/plugins/com.nxp.mcuxpresso.tools.macosx_11.10.0.202311280810/tools/bin/../lib/gcc/arm-none-eabi/13.2.1/../../../../arm-none-eabi/lib/thumb/v8-m.main+fp/hard/libc_nano.a(libc_a-writer.o)
 .ARM.attributes
                0x000006bc       0x38 /Applications/MCUXpressoIDE_11.10.0_3148/ide/plugins/com.nxp.mcuxpresso.tools.macosx_11.10.0.202311280810/tools/bin/../lib/gcc/arm-none-eabi/13.2.1/../../../../arm-none-eabi/lib/thumb/v8-m.main+fp/hard/libcr_newlib_semihost.a(_cr_sbrk.o)
 .ARM.attributes
                0x000006f4       0x38 /Applications/MCUXpressoIDE_11.10.0_3148/ide/plugins/com.nxp.mcuxpresso.tools.macosx_11.10.0.202311280810/tools/bin/../lib/gcc/arm-none-eabi/13.2.1/../../../../arm-none-eabi/lib/thumb/v8-m.main+fp/hard/libcr_newlib_semihost.a(syscalls.o)
 .ARM.attributes
                0x0000072c       0x38 /Applications/MCUXpressoIDE_11.10.0_3148/ide/plugins/com.nxp.mcuxpresso.tools.macosx_11.10.0.202311280810/tools/bin/../lib/gcc/arm-none-eabi/13.2.1/../../../../arm-none-eabi/lib/thumb/v8-m.main+fp/hard/libcr_newlib_semihost.a(_cr_check_heap.o)

.debug_frame    0x00000000     0x1190
 .debug_frame   0x00000000       0x58 ./utilities/fsl_assert.o
 .debug_frame   0x00000058      0x69c ./startup/startup_lpc55s69_cm33_core0.o
 .debug_frame   0x000006f4       0x78 ./source/hello_world_ns.o
 .debug_frame   0x0000076c      0x234 ./drivers/fsl_flexcomm.o
 .debug_frame   0x000009a0       0x50 /Applications/MCUXpressoIDE_11.10.0_3148/ide/plugins/com.nxp.mcuxpresso.tools.macosx_11.10.0.202311280810/tools/bin/../lib/gcc/arm-none-eabi/13.2.1/../../../../arm-none-eabi/lib/thumb/v8-m.main+fp/hard/libc_nano.a(libc_a-mallocr.o)
 .debug_frame   0x000009f0       0x30 /Applications/MCUXpressoIDE_11.10.0_3148/ide/plugins/com.nxp.mcuxpresso.tools.macosx_11.10.0.202311280810/tools/bin/../lib/gcc/arm-none-eabi/13.2.1/../../../../arm-none-eabi/lib/thumb/v8-m.main+fp/hard/libc_nano.a(libc_a-mlock.o)
 .debug_frame   0x00000a20       0x6c /Applications/MCUXpressoIDE_11.10.0_3148/ide/plugins/com.nxp.mcuxpresso.tools.macosx_11.10.0.202311280810/tools/bin/../lib/gcc/arm-none-eabi/13.2.1/../../../../arm-none-eabi/lib/thumb/v8-m.main+fp/hard/libc_nano.a(libc_a-printf.o)
 .debug_frame   0x00000a8c       0x20 /Applications/MCUXpressoIDE_11.10.0_3148/ide/plugins/com.nxp.mcuxpresso.tools.macosx_11.10.0.202311280810/tools/bin/../lib/gcc/arm-none-eabi/13.2.1/../../../../arm-none-eabi/lib/thumb/v8-m.main+fp/hard/libc_nano.a(libc_a-memset.o)
 .debug_frame   0x00000aac       0x2c /Applications/MCUXpressoIDE_11.10.0_3148/ide/plugins/com.nxp.mcuxpresso.tools.macosx_11.10.0.202311280810/tools/bin/../lib/gcc/arm-none-eabi/13.2.1/../../../../arm-none-eabi/lib/thumb/v8-m.main+fp/hard/libc_nano.a(libc_a-sbrkr.o)
 .debug_frame   0x00000ad8       0x20 /Applications/MCUXpressoIDE_11.10.0_3148/ide/plugins/com.nxp.mcuxpresso.tools.macosx_11.10.0.202311280810/tools/bin/../lib/gcc/arm-none-eabi/13.2.1/../../../../arm-none-eabi/lib/thumb/v8-m.main+fp/hard/libc_nano.a(libc_a-errno.o)
 .debug_frame   0x00000af8       0xb0 /Applications/MCUXpressoIDE_11.10.0_3148/ide/plugins/com.nxp.mcuxpresso.tools.macosx_11.10.0.202311280810/tools/bin/../lib/gcc/arm-none-eabi/13.2.1/../../../../arm-none-eabi/lib/thumb/v8-m.main+fp/hard/libc_nano.a(libc_a-lock.o)
 .debug_frame   0x00000ba8       0x20 /Applications/MCUXpressoIDE_11.10.0_3148/ide/plugins/com.nxp.mcuxpresso.tools.macosx_11.10.0.202311280810/tools/bin/../lib/gcc/arm-none-eabi/13.2.1/../../../../arm-none-eabi/lib/thumb/v8-m.main+fp/hard/libc_nano.a(libc_a-strcmp.o)
 .debug_frame   0x00000bc8       0x38 /Applications/MCUXpressoIDE_11.10.0_3148/ide/plugins/com.nxp.mcuxpresso.tools.macosx_11.10.0.202311280810/tools/bin/../lib/gcc/arm-none-eabi/13.2.1/../../../../arm-none-eabi/lib/thumb/v8-m.main+fp/hard/libc_nano.a(libc_a-freer.o)
 .debug_frame   0x00000c00       0xa8 /Applications/MCUXpressoIDE_11.10.0_3148/ide/plugins/com.nxp.mcuxpresso.tools.macosx_11.10.0.202311280810/tools/bin/../lib/gcc/arm-none-eabi/13.2.1/../../../../arm-none-eabi/lib/thumb/v8-m.main+fp/hard/libc_nano.a(libc_a-nano-vfprintf.o)
 .debug_frame   0x00000ca8       0x60 /Applications/MCUXpressoIDE_11.10.0_3148/ide/plugins/com.nxp.mcuxpresso.tools.macosx_11.10.0.202311280810/tools/bin/../lib/gcc/arm-none-eabi/13.2.1/../../../../arm-none-eabi/lib/thumb/v8-m.main+fp/hard/libc_nano.a(libc_a-nano-vfprintf_i.o)
 .debug_frame   0x00000d08      0x144 /Applications/MCUXpressoIDE_11.10.0_3148/ide/plugins/com.nxp.mcuxpresso.tools.macosx_11.10.0.202311280810/tools/bin/../lib/gcc/arm-none-eabi/13.2.1/../../../../arm-none-eabi/lib/thumb/v8-m.main+fp/hard/libc_nano.a(libc_a-findfp.o)
 .debug_frame   0x00000e4c       0x34 /Applications/MCUXpressoIDE_11.10.0_3148/ide/plugins/com.nxp.mcuxpresso.tools.macosx_11.10.0.202311280810/tools/bin/../lib/gcc/arm-none-eabi/13.2.1/../../../../arm-none-eabi/lib/thumb/v8-m.main+fp/hard/libc_nano.a(libc_a-fwalk.o)
 .debug_frame   0x00000e80       0x40 /Applications/MCUXpressoIDE_11.10.0_3148/ide/plugins/com.nxp.mcuxpresso.tools.macosx_11.10.0.202311280810/tools/bin/../lib/gcc/arm-none-eabi/13.2.1/../../../../arm-none-eabi/lib/thumb/v8-m.main+fp/hard/libc_nano.a(libc_a-wbuf.o)
 .debug_frame   0x00000ec0       0x2c /Applications/MCUXpressoIDE_11.10.0_3148/ide/plugins/com.nxp.mcuxpresso.tools.macosx_11.10.0.202311280810/tools/bin/../lib/gcc/arm-none-eabi/13.2.1/../../../../arm-none-eabi/lib/thumb/v8-m.main+fp/hard/libc_nano.a(libc_a-wsetup.o)
 .debug_frame   0x00000eec       0x58 /Applications/MCUXpressoIDE_11.10.0_3148/ide/plugins/com.nxp.mcuxpresso.tools.macosx_11.10.0.202311280810/tools/bin/../lib/gcc/arm-none-eabi/13.2.1/../../../../arm-none-eabi/lib/thumb/v8-m.main+fp/hard/libc_nano.a(libc_a-makebuf.o)
 .debug_frame   0x00000f44       0x38 /Applications/MCUXpressoIDE_11.10.0_3148/ide/plugins/com.nxp.mcuxpresso.tools.macosx_11.10.0.202311280810/tools/bin/../lib/gcc/arm-none-eabi/13.2.1/../../../../arm-none-eabi/lib/thumb/v8-m.main+fp/hard/libc_nano.a(libc_a-reent.o)
 .debug_frame   0x00000f7c       0x2c /Applications/MCUXpressoIDE_11.10.0_3148/ide/plugins/com.nxp.mcuxpresso.tools.macosx_11.10.0.202311280810/tools/bin/../lib/gcc/arm-none-eabi/13.2.1/../../../../arm-none-eabi/lib/thumb/v8-m.main+fp/hard/libc_nano.a(libc_a-fstatr.o)
 .debug_frame   0x00000fa8       0x2c /Applications/MCUXpressoIDE_11.10.0_3148/ide/plugins/com.nxp.mcuxpresso.tools.macosx_11.10.0.202311280810/tools/bin/../lib/gcc/arm-none-eabi/13.2.1/../../../../arm-none-eabi/lib/thumb/v8-m.main+fp/hard/libc_nano.a(libc_a-isattyr.o)
 .debug_frame   0x00000fd4       0x28 /Applications/MCUXpressoIDE_11.10.0_3148/ide/plugins/com.nxp.mcuxpresso.tools.macosx_11.10.0.202311280810/tools/bin/../lib/gcc/arm-none-eabi/13.2.1/../../../../arm-none-eabi/lib/thumb/v8-m.main+fp/hard/libc_nano.a(libc_a-memchr-stub.o)
 .debug_frame   0x00000ffc       0x5c /Applications/MCUXpressoIDE_11.10.0_3148/ide/plugins/com.nxp.mcuxpresso.tools.macosx_11.10.0.202311280810/tools/bin/../lib/gcc/arm-none-eabi/13.2.1/../../../../arm-none-eabi/lib/thumb/v8-m.main+fp/hard/libc_nano.a(libc_a-fflush.o)
 .debug_frame   0x00001058       0x88 /Applications/MCUXpressoIDE_11.10.0_3148/ide/plugins/com.nxp.mcuxpresso.tools.macosx_11.10.0.202311280810/tools/bin/../lib/gcc/arm-none-eabi/13.2.1/../../../../arm-none-eabi/lib/thumb/v8-m.main+fp/hard/libc_nano.a(libc_a-stdio.o)
 .debug_frame   0x000010e0       0x2c /Applications/MCUXpressoIDE_11.10.0_3148/ide/plugins/com.nxp.mcuxpresso.tools.macosx_11.10.0.202311280810/tools/bin/../lib/gcc/arm-none-eabi/13.2.1/../../../../arm-none-eabi/lib/thumb/v8-m.main+fp/hard/libc_nano.a(libc_a-closer.o)
 .debug_frame   0x0000110c       0x2c /Applications/MCUXpressoIDE_11.10.0_3148/ide/plugins/com.nxp.mcuxpresso.tools.macosx_11.10.0.202311280810/tools/bin/../lib/gcc/arm-none-eabi/13.2.1/../../../../arm-none-eabi/lib/thumb/v8-m.main+fp/hard/libc_nano.a(libc_a-lseekr.o)
 .debug_frame   0x00001138       0x2c /Applications/MCUXpressoIDE_11.10.0_3148/ide/plugins/com.nxp.mcuxpresso.tools.macosx_11.10.0.202311280810/tools/bin/../lib/gcc/arm-none-eabi/13.2.1/../../../../arm-none-eabi/lib/thumb/v8-m.main+fp/hard/libc_nano.a(libc_a-readr.o)
 .debug_frame   0x00001164       0x2c /Applications/MCUXpressoIDE_11.10.0_3148/ide/plugins/com.nxp.mcuxpresso.tools.macosx_11.10.0.202311280810/tools/bin/../lib/gcc/arm-none-eabi/13.2.1/../../../../arm-none-eabi/lib/thumb/v8-m.main+fp/hard/libc_nano.a(libc_a-writer.o)

.debug_loc      0x00000000      0x1f9
 .debug_loc     0x00000000      0x1f9 ./startup/startup_lpc55s69_cm33_core0.o

.debug_line_str
                0x00000000       0xf7
 .debug_line_str
                0x00000000       0xf7 /Applications/MCUXpressoIDE_11.10.0_3148/ide/plugins/com.nxp.mcuxpresso.tools.macosx_11.10.0.202311280810/tools/bin/../lib/gcc/arm-none-eabi/13.2.1/../../../../arm-none-eabi/lib/thumb/v8-m.main+fp/hard/libc_nano.a(libc_a-strcmp.o)

Cross Reference Table

Symbol                                            File
ACMP_DriverIRQHandler                             ./startup/startup_lpc55s69_cm33_core0.o
ACMP_IRQHandler                                   ./startup/startup_lpc55s69_cm33_core0.o
ADC0_DriverIRQHandler                             ./startup/startup_lpc55s69_cm33_core0.o
ADC0_IRQHandler                                   ./startup/startup_lpc55s69_cm33_core0.o
BOARD_BootClockFRO12M                             ./board/clock_config.o
BOARD_BootClockFROHF96M                           ./board/clock_config.o
BOARD_BootClockPLL100M                            ./board/clock_config.o
BOARD_BootClockPLL150M                            ./board/clock_config.o
BOARD_BootClockPLL1_150M                          ./board/clock_config.o
BOARD_InitBootClocks                              ./board/clock_config.o
BOARD_InitBootPins                                ./board/pin_mux.o
BOARD_InitDebugConsole                            ./board/board.o
BOARD_InitDebugConsole_Core1                      ./board/board.o
BOARD_InitPins                                    ./board/pin_mux.o
BusFault_Handler                                  ./startup/startup_lpc55s69_cm33_core0.o
CASER_DriverIRQHandler                            ./startup/startup_lpc55s69_cm33_core0.o
CASER_IRQHandler                                  ./startup/startup_lpc55s69_cm33_core0.o
CLOCK_AttachClk                                   ./drivers/fsl_clock.o
                                                  ./board/clock_config.o
                                                  ./board/board.o
                                                  ./drivers/fsl_power.o
CLOCK_EnableOstimer32kClock                       ./drivers/fsl_clock.o
CLOCK_EnableUsbfs0DeviceClock                     ./drivers/fsl_clock.o
CLOCK_EnableUsbfs0HostClock                       ./drivers/fsl_clock.o
CLOCK_EnableUsbhs0DeviceClock                     ./drivers/fsl_clock.o
CLOCK_EnableUsbhs0HostClock                       ./drivers/fsl_clock.o
CLOCK_EnableUsbhs0PhyPllClock                     ./drivers/fsl_clock.o
CLOCK_GetAdcClkFreq                               ./drivers/fsl_clock.o
CLOCK_GetCTimerClkFreq                            ./drivers/fsl_clock.o
CLOCK_GetClockAttachId                            ./drivers/fsl_clock.o
CLOCK_GetClockOutClkFreq                          ./drivers/fsl_clock.o
CLOCK_GetCoreSysClkFreq                           ./drivers/fsl_clock.o
CLOCK_GetExtClkFreq                               ./drivers/fsl_clock.o
CLOCK_GetFlexCommClkFreq                          ./drivers/fsl_clock.o
CLOCK_GetFlexCommInputClock                       ./drivers/fsl_clock.o
CLOCK_GetFreq                                     ./drivers/fsl_clock.o
CLOCK_GetFro12MFreq                               ./drivers/fsl_clock.o
CLOCK_GetFro1MFreq                                ./drivers/fsl_clock.o
CLOCK_GetFroHfFreq                                ./drivers/fsl_clock.o
CLOCK_GetHsLspiClkFreq                            ./drivers/fsl_clock.o
CLOCK_GetI2SMClkFreq                              ./drivers/fsl_clock.o
CLOCK_GetMclkClkFreq                              ./drivers/fsl_clock.o
CLOCK_GetOsc32KFreq                               ./drivers/fsl_clock.o
CLOCK_GetPLL0InClockRate                          ./drivers/fsl_clock.o
CLOCK_GetPLL0OutClockRate                         ./drivers/fsl_clock.o
CLOCK_GetPLL0OutFromSetup                         ./drivers/fsl_clock.o
CLOCK_GetPLL1InClockRate                          ./drivers/fsl_clock.o
CLOCK_GetPLUClkInFreq                             ./drivers/fsl_clock.o
CLOCK_GetPll0OutFreq                              ./drivers/fsl_clock.o
CLOCK_GetPll1OutFreq                              ./drivers/fsl_clock.o
CLOCK_GetSctClkFreq                               ./drivers/fsl_clock.o
CLOCK_GetSdioClkFreq                              ./drivers/fsl_clock.o
CLOCK_GetSystickClkFreq                           ./drivers/fsl_clock.o
CLOCK_GetUsb0ClkFreq                              ./drivers/fsl_clock.o
CLOCK_GetUsb1ClkFreq                              ./drivers/fsl_clock.o
CLOCK_GetWdtClkFreq                               ./drivers/fsl_clock.o
CLOCK_SetClkDiv                                   ./drivers/fsl_clock.o
                                                  ./board/clock_config.o
                                                  ./drivers/fsl_power.o
CLOCK_SetFLASHAccessCyclesForFreq                 ./drivers/fsl_clock.o
                                                  ./board/clock_config.o
CLOCK_SetFlexCommClock                            ./drivers/fsl_clock.o
CLOCK_SetPLL0Freq                                 ./drivers/fsl_clock.o
                                                  ./board/clock_config.o
CLOCK_SetPLL1Freq                                 ./drivers/fsl_clock.o
                                                  ./board/clock_config.o
CLOCK_SetRtc1hzClkDiv                             ./drivers/fsl_clock.o
CLOCK_SetRtc1khzClkDiv                            ./drivers/fsl_clock.o
CLOCK_SetStoredPLL0ClockRate                      ./drivers/fsl_clock.o
CLOCK_SetupExtClocking                            ./drivers/fsl_clock.o
                                                  ./board/clock_config.o
CLOCK_SetupFROClocking                            ./drivers/fsl_clock.o
                                                  ./board/clock_config.o
CLOCK_SetupI2SMClkClocking                        ./drivers/fsl_clock.o
CLOCK_SetupPLL0Data                               ./drivers/fsl_clock.o
CLOCK_SetupPLL0Mult                               ./drivers/fsl_clock.o
CLOCK_SetupPLL0Prec                               ./drivers/fsl_clock.o
CLOCK_SetupPLUClkInClocking                       ./drivers/fsl_clock.o
CTIMER0_DriverIRQHandler                          ./startup/startup_lpc55s69_cm33_core0.o
CTIMER0_IRQHandler                                ./startup/startup_lpc55s69_cm33_core0.o
CTIMER1_DriverIRQHandler                          ./startup/startup_lpc55s69_cm33_core0.o
CTIMER1_IRQHandler                                ./startup/startup_lpc55s69_cm33_core0.o
CTIMER2_DriverIRQHandler                          ./startup/startup_lpc55s69_cm33_core0.o
CTIMER2_IRQHandler                                ./startup/startup_lpc55s69_cm33_core0.o
CTIMER3_DriverIRQHandler                          ./startup/startup_lpc55s69_cm33_core0.o
CTIMER3_IRQHandler                                ./startup/startup_lpc55s69_cm33_core0.o
CTIMER4_DriverIRQHandler                          ./startup/startup_lpc55s69_cm33_core0.o
CTIMER4_IRQHandler                                ./startup/startup_lpc55s69_cm33_core0.o
DMA0_DriverIRQHandler                             ./startup/startup_lpc55s69_cm33_core0.o
DMA0_IRQHandler                                   ./startup/startup_lpc55s69_cm33_core0.o
DMA1_DriverIRQHandler                             ./startup/startup_lpc55s69_cm33_core0.o
DMA1_IRQHandler                                   ./startup/startup_lpc55s69_cm33_core0.o
DbgConsole_Printf_NSE                             /Users/shreybirmiwal/Documents/MCUXpressoIDE_11.10.0_3148/workspace/Test_hello_world_s/Debug/Test_hello_world_s_CMSE_lib.o
                                                  ./source/hello_world_ns.o
DebugMon_Handler                                  ./startup/startup_lpc55s69_cm33_core0.o
FLEXCOMM0_DriverIRQHandler                        ./drivers/fsl_flexcomm.o
                                                  ./startup/startup_lpc55s69_cm33_core0.o
FLEXCOMM0_IRQHandler                              ./startup/startup_lpc55s69_cm33_core0.o
FLEXCOMM1_DriverIRQHandler                        ./drivers/fsl_flexcomm.o
                                                  ./startup/startup_lpc55s69_cm33_core0.o
FLEXCOMM1_IRQHandler                              ./startup/startup_lpc55s69_cm33_core0.o
FLEXCOMM2_DriverIRQHandler                        ./drivers/fsl_flexcomm.o
                                                  ./startup/startup_lpc55s69_cm33_core0.o
FLEXCOMM2_IRQHandler                              ./startup/startup_lpc55s69_cm33_core0.o
FLEXCOMM3_DriverIRQHandler                        ./drivers/fsl_flexcomm.o
                                                  ./startup/startup_lpc55s69_cm33_core0.o
FLEXCOMM3_IRQHandler                              ./startup/startup_lpc55s69_cm33_core0.o
FLEXCOMM4_DriverIRQHandler                        ./drivers/fsl_flexcomm.o
                                                  ./startup/startup_lpc55s69_cm33_core0.o
FLEXCOMM4_IRQHandler                              ./startup/startup_lpc55s69_cm33_core0.o
FLEXCOMM5_DriverIRQHandler                        ./drivers/fsl_flexcomm.o
                                                  ./startup/startup_lpc55s69_cm33_core0.o
FLEXCOMM5_IRQHandler                              ./startup/startup_lpc55s69_cm33_core0.o
FLEXCOMM6_DriverIRQHandler                        ./drivers/fsl_flexcomm.o
                                                  ./startup/startup_lpc55s69_cm33_core0.o
FLEXCOMM6_IRQHandler                              ./startup/startup_lpc55s69_cm33_core0.o
FLEXCOMM7_DriverIRQHandler                        ./drivers/fsl_flexcomm.o
                                                  ./startup/startup_lpc55s69_cm33_core0.o
FLEXCOMM7_IRQHandler                              ./startup/startup_lpc55s69_cm33_core0.o
FLEXCOMM8_DriverIRQHandler                        ./drivers/fsl_flexcomm.o
                                                  ./startup/startup_lpc55s69_cm33_core0.o
FLEXCOMM8_IRQHandler                              ./startup/startup_lpc55s69_cm33_core0.o
FLEXCOMM_GetInstance                              ./drivers/fsl_flexcomm.o
FLEXCOMM_Init                                     ./drivers/fsl_flexcomm.o
                                                  ./drivers/fsl_usart.o
FLEXCOMM_SetIRQHandler                            ./drivers/fsl_flexcomm.o
                                                  ./drivers/fsl_usart.o
GINT0_DriverIRQHandler                            ./startup/startup_lpc55s69_cm33_core0.o
GINT0_IRQHandler                                  ./startup/startup_lpc55s69_cm33_core0.o
GINT1_DriverIRQHandler                            ./startup/startup_lpc55s69_cm33_core0.o
GINT1_IRQHandler                                  ./startup/startup_lpc55s69_cm33_core0.o
GPIO_PinInit                                      ./drivers/fsl_gpio.o
GPIO_PortInit                                     ./drivers/fsl_gpio.o
HAL_UartDeinit                                    ./component/uart/fsl_adapter_usart.o
HAL_UartEnterLowpower                             ./component/uart/fsl_adapter_usart.o
HAL_UartExitLowpower                              ./component/uart/fsl_adapter_usart.o
HAL_UartInit                                      ./component/uart/fsl_adapter_usart.o
HAL_UartReceiveBlocking                           ./component/uart/fsl_adapter_usart.o
HAL_UartSendBlocking                              ./component/uart/fsl_adapter_usart.o
HASHCRYPT_DriverIRQHandler                        ./startup/startup_lpc55s69_cm33_core0.o
HASHCRYPT_IRQHandler                              ./startup/startup_lpc55s69_cm33_core0.o
HardFault_Handler                                 ./startup/startup_lpc55s69_cm33_core0.o
IntDefaultHandler                                 ./startup/startup_lpc55s69_cm33_core0.o
LIST_AddHead                                      ./component/lists/fsl_component_generic_list.o
LIST_AddPrevElement                               ./component/lists/fsl_component_generic_list.o
LIST_AddTail                                      ./component/lists/fsl_component_generic_list.o
LIST_GetAvailableSize                             ./component/lists/fsl_component_generic_list.o
LIST_GetHead                                      ./component/lists/fsl_component_generic_list.o
LIST_GetList                                      ./component/lists/fsl_component_generic_list.o
LIST_GetNext                                      ./component/lists/fsl_component_generic_list.o
LIST_GetPrev                                      ./component/lists/fsl_component_generic_list.o
LIST_GetSize                                      ./component/lists/fsl_component_generic_list.o
LIST_Init                                         ./component/lists/fsl_component_generic_list.o
LIST_RemoveElement                                ./component/lists/fsl_component_generic_list.o
LIST_RemoveHead                                   ./component/lists/fsl_component_generic_list.o
MAILBOX_DriverIRQHandler                          ./startup/startup_lpc55s69_cm33_core0.o
MAILBOX_IRQHandler                                ./startup/startup_lpc55s69_cm33_core0.o
MRT0_DriverIRQHandler                             ./startup/startup_lpc55s69_cm33_core0.o
MRT0_IRQHandler                                   ./startup/startup_lpc55s69_cm33_core0.o
MSDK_EnableCpuCycleCounter                        ./drivers/fsl_common_arm.o
MSDK_GetCpuCycleCount                             ./drivers/fsl_common_arm.o
MemManage_Handler                                 ./startup/startup_lpc55s69_cm33_core0.o
NMI_Handler                                       ./startup/startup_lpc55s69_cm33_core0.o
OS_EVENT_DriverIRQHandler                         ./startup/startup_lpc55s69_cm33_core0.o
OS_EVENT_IRQHandler                               ./startup/startup_lpc55s69_cm33_core0.o
PIN_INT0_DriverIRQHandler                         ./startup/startup_lpc55s69_cm33_core0.o
PIN_INT0_IRQHandler                               ./startup/startup_lpc55s69_cm33_core0.o
PIN_INT1_DriverIRQHandler                         ./startup/startup_lpc55s69_cm33_core0.o
PIN_INT1_IRQHandler                               ./startup/startup_lpc55s69_cm33_core0.o
PIN_INT2_DriverIRQHandler                         ./startup/startup_lpc55s69_cm33_core0.o
PIN_INT2_IRQHandler                               ./startup/startup_lpc55s69_cm33_core0.o
PIN_INT3_DriverIRQHandler                         ./startup/startup_lpc55s69_cm33_core0.o
PIN_INT3_IRQHandler                               ./startup/startup_lpc55s69_cm33_core0.o
PIN_INT4_DriverIRQHandler                         ./startup/startup_lpc55s69_cm33_core0.o
PIN_INT4_IRQHandler                               ./startup/startup_lpc55s69_cm33_core0.o
PIN_INT5_DriverIRQHandler                         ./startup/startup_lpc55s69_cm33_core0.o
PIN_INT5_IRQHandler                               ./startup/startup_lpc55s69_cm33_core0.o
PIN_INT6_DriverIRQHandler                         ./startup/startup_lpc55s69_cm33_core0.o
PIN_INT6_IRQHandler                               ./startup/startup_lpc55s69_cm33_core0.o
PIN_INT7_DriverIRQHandler                         ./startup/startup_lpc55s69_cm33_core0.o
PIN_INT7_IRQHandler                               ./startup/startup_lpc55s69_cm33_core0.o
PLU_DriverIRQHandler                              ./startup/startup_lpc55s69_cm33_core0.o
PLU_IRQHandler                                    ./startup/startup_lpc55s69_cm33_core0.o
POWER_CycleCpuAndFlash                            ./drivers/fsl_power.o
POWER_EnterDeepPowerDown                          ./drivers/fsl_power.o
POWER_EnterDeepSleep                              ./drivers/fsl_power.o
POWER_EnterPowerDown                              ./drivers/fsl_power.o
POWER_EnterSleep                                  ./drivers/fsl_power.o
POWER_GetWakeUpCause                              ./drivers/fsl_power.o
POWER_SetVoltageForFreq                           ./drivers/fsl_power.o
                                                  ./board/clock_config.o
                                                  ./drivers/fsl_clock.o
POWER_SetXtal16mhzLdo                             ./drivers/fsl_power.o
POWER_Xtal16mhzCapabankTrim                       ./drivers/fsl_power.o
POWER_Xtal32khzCapabankTrim                       ./drivers/fsl_power.o
PQ_DriverIRQHandler                               ./startup/startup_lpc55s69_cm33_core0.o
PQ_IRQHandler                                     ./startup/startup_lpc55s69_cm33_core0.o
PUF_DriverIRQHandler                              ./startup/startup_lpc55s69_cm33_core0.o