/Users/shreybirmiwal/Documents/MCUXpressoIDE_11.10.0_3148/workspace/Run_hello_world_s/CMSIS/core_cm33.h:2390:22:__NVIC_EnableIRQ	16	static
../drivers/fsl_clock.h:983:20:CLOCK_EnableClock	24	static
../drivers/fsl_clock.h:993:20:CLOCK_DisableClock	24	static
../drivers/fsl_common_arm.h:570:24:EnableIRQ	24	static
../drivers/fsl_hashcrypt.c:102:13:ctrIncrement	24	static
../drivers/fsl_hashcrypt.c:136:24:hashcrypt_get_word_from_unaligned	16	static
../drivers/fsl_hashcrypt.c:182:17:hashcrypt_get_key_from_unaligned_src	40	static
../drivers/fsl_hashcrypt.c:242:22:hashcrypt_load_data	64	static
../drivers/fsl_hashcrypt.c:283:17:hashcrypt_check_need_key	24	static
../drivers/fsl_hashcrypt.c:318:17:hashcrypt_get_data	72	static
../drivers/fsl_hashcrypt.c:358:13:hashcrypt_engine_init	16	static
../drivers/fsl_hashcrypt.c:373:20:hashcrypt_engine_deinit	16	static
../drivers/fsl_hashcrypt.c:386:13:hashcrypt_aes_load_userKey	24	static
../drivers/fsl_hashcrypt.c:422:17:hashcrypt_aes_one_block_aligned	40	static
../drivers/fsl_hashcrypt.c:467:17:hashcrypt_aes_one_block_unaligned	320	static
../drivers/fsl_hashcrypt.c:525:17:hashcrypt_aes_one_block	48	static
../drivers/fsl_hashcrypt.c:588:17:hashcrypt_sha_check_input_alg	16	static
../drivers/fsl_hashcrypt.c:608:17:hashcrypt_sha_check_input_args	24	static
../drivers/fsl_hashcrypt.c:632:17:hashcrypt_sha_check_context	16	static
../drivers/fsl_hashcrypt.c:650:13:hashcrypt_sha_one_block	96	static
../drivers/fsl_hashcrypt.c:695:17:hashcrypt_sha_process_message_data	48	static
../drivers/fsl_hashcrypt.c:799:17:hashcrypt_sha_finalize	96	static
../drivers/fsl_hashcrypt.c:848:17:hashcrypt_save_running_hash	16	static
../drivers/fsl_hashcrypt.c:877:13:hashcrypt_restore_running_hash	16	static
../drivers/fsl_hashcrypt.c:903:13:hashcrypt_seed_prng	16	static
../drivers/fsl_hashcrypt.c:918:10:HASHCRYPT_SHA	120	static
../drivers/fsl_hashcrypt.c:945:10:HASHCRYPT_SHA_Init	32	static
../drivers/fsl_hashcrypt.c:974:10:HASHCRYPT_SHA_Update	40	static
../drivers/fsl_hashcrypt.c:1033:10:HASHCRYPT_SHA_Finish	40	static
../drivers/fsl_hashcrypt.c:1118:6:HASHCRYPT_SHA_SetCallback	32	static
../drivers/fsl_hashcrypt.c:1133:10:HASHCRYPT_SHA_UpdateNonBlocking	48	static
../drivers/fsl_hashcrypt.c:1201:10:HASHCRYPT_AES_SetKey	32	static
../drivers/fsl_hashcrypt.c:1243:10:HASHCRYPT_AES_EncryptEcb	32	static
../drivers/fsl_hashcrypt.c:1284:10:HASHCRYPT_AES_DecryptEcb	32	static
../drivers/fsl_hashcrypt.c:1325:10:HASHCRYPT_AES_EncryptCbc	32	static
../drivers/fsl_hashcrypt.c:1373:10:HASHCRYPT_AES_DecryptCbc	32	static
../drivers/fsl_hashcrypt.c:1421:10:HASHCRYPT_AES_CryptCtr	64	static
../drivers/fsl_hashcrypt.c:1531:10:HASHCRYPT_AES_CryptOfb	72	static
../drivers/fsl_hashcrypt.c:1617:10:HASHCRYPT_AES_EncryptCfb	72	static
../drivers/fsl_hashcrypt.c:1702:10:HASHCRYPT_AES_DecryptCfb	72	static
../drivers/fsl_hashcrypt.c:1788:6:HASHCRYPT_DriverIRQHandler	32	static
../drivers/fsl_hashcrypt.c:1831:6:HASHCRYPT_Init	16	static
../drivers/fsl_hashcrypt.c:1839:6:HASHCRYPT_Deinit	16	static
