../mbedtls/port/ksdk/ecp_alt.c:568:31:mbedtls_ecp_curve_list	4	static
../mbedtls/port/ksdk/ecp_alt.c:576:29:mbedtls_ecp_grp_id_list	16	static
../mbedtls/port/ksdk/ecp_alt.c:600:31:mbedtls_ecp_curve_info_from_grp_id	24	static
../mbedtls/port/ksdk/ecp_alt.c:618:31:mbedtls_ecp_curve_info_from_tls_id	24	static
../mbedtls/port/ksdk/ecp_alt.c:636:31:mbedtls_ecp_curve_info_from_name	24	static
../mbedtls/port/ksdk/ecp_alt.c:658:24:mbedtls_ecp_get_type	16	static
../mbedtls/port/ksdk/ecp_alt.c:674:6:mbedtls_ecp_point_init	16	static
../mbedtls/port/ksdk/ecp_alt.c:686:6:mbedtls_ecp_group_init	16	static
../mbedtls/port/ksdk/ecp_alt.c:710:6:mbedtls_ecp_keypair_init	16	static
../mbedtls/port/ksdk/ecp_alt.c:722:6:mbedtls_ecp_point_free	16	static
../mbedtls/port/ksdk/ecp_alt.c:736:6:mbedtls_ecp_group_free	24	static
../mbedtls/port/ksdk/ecp_alt.c:765:6:mbedtls_ecp_keypair_free_o	16	static
../mbedtls/port/ksdk/ecp_alt.c:792:6:mbedtls_ecp_keypair_free	16	static
../mbedtls/port/ksdk/ecp_alt.c:801:5:mbedtls_ecp_copy	24	static
../mbedtls/port/ksdk/ecp_alt.c:818:5:mbedtls_ecp_group_copy	16	static
../mbedtls/port/ksdk/ecp_alt.c:829:5:mbedtls_ecp_set_zero	24	static
../mbedtls/port/ksdk/ecp_alt.c:845:5:mbedtls_ecp_is_zero	16	static
../mbedtls/port/ksdk/ecp_alt.c:855:5:mbedtls_ecp_point_cmp	16	static
../mbedtls/port/ksdk/ecp_alt.c:873:5:mbedtls_ecp_point_read_string	32	static
../mbedtls/port/ksdk/ecp_alt.c:892:5:mbedtls_ecp_point_write_binary	32	static
../mbedtls/port/ksdk/ecp_alt.c:965:5:mbedtls_ecp_point_read_binary	32	static
../mbedtls/port/ksdk/ecp_alt.c:1033:5:mbedtls_ecp_tls_read_point	32	static
../mbedtls/port/ksdk/ecp_alt.c:1071:5:mbedtls_ecp_tls_write_point	40	static
../mbedtls/port/ksdk/ecp_alt.c:1107:5:mbedtls_ecp_tls_read_group_o	32	static
../mbedtls/port/ksdk/ecp_alt.c:1137:5:mbedtls_ecp_tls_read_group	32	static
../mbedtls/port/ksdk/ecp_alt.c:1148:5:mbedtls_ecp_tls_read_group_id	32	static
../mbedtls/port/ksdk/ecp_alt.c:1190:5:mbedtls_ecp_tls_write_group	32	static
../mbedtls/port/ksdk/ecp_alt.c:1229:12:ecp_modp	24	static
../mbedtls/port/ksdk/ecp_alt.c:1285:19:mbedtls_mpi_mul_mod	32	static
../mbedtls/port/ksdk/ecp_alt.c:1312:19:mbedtls_mpi_sub_mod	32	static
../mbedtls/port/ksdk/ecp_alt.c:1334:19:mbedtls_mpi_add_mod	32	static
../mbedtls/port/ksdk/ecp_alt.c:1350:19:mbedtls_mpi_shift_l_mod	32	static
../mbedtls/port/ksdk/ecp_alt.c:1377:12:ecp_normalize_jac	48	static
../mbedtls/port/ksdk/ecp_alt.c:1568:12:ecp_double_jac	80	static
../mbedtls/port/ksdk/ecp_alt.c:1667:12:ecp_add_mixed	112	static
../mbedtls/port/ksdk/ecp_alt.c:2757:5:mbedtls_ecp_mul_restartable	48	static
../mbedtls/port/ksdk/ecp_alt.c:2831:5:mbedtls_ecp_mul	40	static
../mbedtls/port/ksdk/ecp_alt.c:2847:12:ecp_check_pubkey_sw	48	static
../mbedtls/port/ksdk/ecp_alt.c:2928:5:ecp_add	32	static
../mbedtls/port/ksdk/ecp_alt.c:3196:5:mbedtls_ecp_check_pubkey	16	static
../mbedtls/port/ksdk/ecp_alt.c:3223:5:mbedtls_ecp_check_privkey	16	static
../mbedtls/port/ksdk/ecp_alt.c:3295:12:mbedtls_ecp_gen_privkey_sw	40	static
../mbedtls/port/ksdk/ecp_alt.c:3312:5:mbedtls_ecp_gen_privkey	24	static
../mbedtls/port/ksdk/ecp_alt.c:3339:5:mbedtls_ecp_gen_keypair_base	40	static
../mbedtls/port/ksdk/ecp_alt.c:3362:5:mbedtls_ecp_gen_keypair	32	static
../mbedtls/port/ksdk/ecp_alt.c:3378:5:mbedtls_ecp_gen_key	40	static
../mbedtls/port/ksdk/ecp_alt.c:3396:5:mbedtls_ecp_read_key	32	static
../mbedtls/port/ksdk/ecp_alt.c:3464:5:mbedtls_ecp_write_key	32	static
../mbedtls/port/ksdk/ecp_alt.c:3501:5:mbedtls_ecp_check_pub_priv	200	static
../mbedtls/port/ksdk/ecp_alt.c:3545:12:self_test_adjust_exponent	24	static
../mbedtls/port/ksdk/ecp_alt.c:3579:12:self_test_point	56	static
../mbedtls/port/ksdk/ecp_alt.c:3632:5:mbedtls_ecp_self_test	280	static
