../mbedtls/library/common.h:66:30:mbedtls_buffer_offset	16	static
/Users/shreybirmiwal/Documents/MCUXpressoIDE_11.10.0_3148/workspace/Run_hello_world_s/mbedtls/include/psa/crypto_values.h:2164:19:mbedtls_svc_key_id_is_null	16	static
/Users/shreybirmiwal/Documents/MCUXpressoIDE_11.10.0_3148/workspace/Run_hello_world_s/mbedtls/include/psa/crypto_struct.h:335:36:psa_get_key_id	16	static
/Users/shreybirmiwal/Documents/MCUXpressoIDE_11.10.0_3148/workspace/Run_hello_world_s/mbedtls/include/psa/crypto_struct.h:362:34:psa_get_key_lifetime	16	static
/Users/shreybirmiwal/Documents/MCUXpressoIDE_11.10.0_3148/workspace/Run_hello_world_s/mbedtls/include/psa/crypto_struct.h:368:20:psa_extend_key_usage_flags	16	static
/Users/shreybirmiwal/Documents/MCUXpressoIDE_11.10.0_3148/workspace/Run_hello_world_s/mbedtls/include/psa/crypto_struct.h:379:20:psa_set_key_usage_flags	16	static
/Users/shreybirmiwal/Documents/MCUXpressoIDE_11.10.0_3148/workspace/Run_hello_world_s/mbedtls/include/psa/crypto_struct.h:411:20:psa_set_key_type	16	static
/Users/shreybirmiwal/Documents/MCUXpressoIDE_11.10.0_3148/workspace/Run_hello_world_s/mbedtls/include/psa/crypto_struct.h:426:30:psa_get_key_type	16	static
/Users/shreybirmiwal/Documents/MCUXpressoIDE_11.10.0_3148/workspace/Run_hello_world_s/mbedtls/include/psa/crypto_struct.h:432:20:psa_set_key_bits	16	static
/Users/shreybirmiwal/Documents/MCUXpressoIDE_11.10.0_3148/workspace/Run_hello_world_s/mbedtls/include/psa/crypto_struct.h:442:22:psa_get_key_bits	16	static
/Users/shreybirmiwal/Documents/MCUXpressoIDE_11.10.0_3148/workspace/Run_hello_world_s/mbedtls/include/psa/crypto_extra.h:574:32:mbedtls_ecc_group_to_psa	16	static
../mbedtls/library/psa_crypto_core.h:29:19:mbedtls_psa_safer_memcmp	32	static
../mbedtls/library/psa_crypto_slot_management.h:169:19:psa_key_lifetime_is_external	16	static
../mbedtls/library/psa_crypto_random_impl.h:80:20:mbedtls_psa_drbg_init	16	static
../mbedtls/library/psa_crypto_random_impl.h:93:20:mbedtls_psa_drbg_free	16	static
../mbedtls/library/psa_crypto_random_impl.h:170:19:mbedtls_psa_drbg_seed	32	static
../mbedtls/library/psa_crypto.c:82:12:key_type_is_raw_bytes	16	static
../mbedtls/library/psa_crypto.c:220:14:mbedtls_to_psa_error	24	static
../mbedtls/library/psa_crypto.c:485:22:mbedtls_ecc_group_of_psa	24	static
../mbedtls/library/psa_crypto.c:582:21:validate_unstructured_key_bit_size	16	static
../mbedtls/library/psa_crypto.c:657:38:psa_mac_key_can_do	16	static
../mbedtls/library/psa_crypto.c:683:14:psa_allocate_buffer_to_slot	16	static
../mbedtls/library/psa_crypto.c:699:14:psa_copy_key_material_into_slot	32	static
../mbedtls/library/psa_crypto.c:713:14:psa_import_key_into_slot	48	static
../mbedtls/library/psa_crypto.c:784:24:psa_key_policy_algorithm_intersection	48	static
../mbedtls/library/psa_crypto.c:883:12:psa_key_algorithm_permits	32	static
../mbedtls/library/psa_crypto.c:981:21:psa_key_policy_permits	24	static
../mbedtls/library/psa_crypto.c:1021:21:psa_restrict_key_policy	32	static
../mbedtls/library/psa_crypto.c:1057:21:psa_get_and_lock_key_slot_with_policy	32	static
../mbedtls/library/psa_crypto.c:1117:21:psa_get_and_lock_transparent_key_slot_with_policy	32	static
../mbedtls/library/psa_crypto.c:1138:14:psa_remove_key_data_from_memory	16	static
../mbedtls/library/psa_crypto.c:1155:14:psa_wipe_key_slot	24	static
../mbedtls/library/psa_crypto.c:1185:14:psa_destroy_key	32	static
../mbedtls/library/psa_crypto.c:1304:21:psa_get_rsa_public_exponent	48	static
../mbedtls/library/psa_crypto.c:1349:14:psa_get_key_attributes	40	static
../mbedtls/library/psa_crypto.c:1431:21:psa_export_key_buffer_internal	24	static
../mbedtls/library/psa_crypto.c:1447:14:psa_export_key_internal	40	static
../mbedtls/library/psa_crypto.c:1468:14:psa_export_key	120	static
../mbedtls/library/psa_crypto.c:1518:14:psa_export_public_key_internal	40	static
../mbedtls/library/psa_crypto.c:1573:14:psa_export_public_key	184	static
../mbedtls/library/psa_crypto.c:1637:21:psa_validate_key_policy	16	static
../mbedtls/library/psa_crypto.c:1667:21:psa_validate_key_attributes	32	static
../mbedtls/library/psa_crypto.c:1746:21:psa_start_key_creation	48	static
../mbedtls/library/psa_crypto.c:1875:21:psa_finish_key_creation	32	static
../mbedtls/library/psa_crypto.c:1952:13:psa_fail_key_creation	16	static
../mbedtls/library/psa_crypto.c:1990:21:psa_validate_optional_attributes	64	static
../mbedtls/library/psa_crypto.c:2058:14:psa_import_key	80	static
../mbedtls/library/psa_crypto.c:2168:21:psa_copy_key_material	24	static
../mbedtls/library/psa_crypto.c:2184:14:psa_copy_key	88	static
../mbedtls/library/psa_crypto.c:2262:14:psa_hash_abort	24	static
../mbedtls/library/psa_crypto.c:2275:14:psa_hash_setup	24	static
../mbedtls/library/psa_crypto.c:2305:14:psa_hash_update	48	static
../mbedtls/library/psa_crypto.c:2335:21:psa_hash_finish_internal	32	static
../mbedtls/library/psa_crypto.c:2354:14:psa_hash_finish	64	static
../mbedtls/library/psa_crypto.c:2372:14:psa_hash_verify	120	static
../mbedtls/library/psa_crypto.c:2409:14:psa_hash_compute	88	static
../mbedtls/library/psa_crypto.c:2436:14:psa_hash_compare	144	static
../mbedtls/library/psa_crypto.c:2479:14:psa_hash_clone	24	static
../mbedtls/library/psa_crypto.c:2501:14:psa_mac_abort	24	static
../mbedtls/library/psa_crypto.c:2516:21:psa_mac_finalize_alg_and_key_validation	40	static
../mbedtls/library/psa_crypto.c:2569:21:psa_mac_setup	152	static
../mbedtls/library/psa_crypto.c:2630:14:psa_mac_sign_setup	24	static
../mbedtls/library/psa_crypto.c:2637:14:psa_mac_verify_setup	24	static
../mbedtls/library/psa_crypto.c:2644:14:psa_mac_update	48	static
../mbedtls/library/psa_crypto.c:2678:14:psa_mac_sign_finish	64	static
../mbedtls/library/psa_crypto.c:2737:14:psa_mac_verify_finish	56	static
../mbedtls/library/psa_crypto.c:2771:21:psa_mac_compute_internal	176	static
../mbedtls/library/psa_crypto.c:2837:14:psa_mac_compute	96	static
../mbedtls/library/psa_crypto.c:2864:14:psa_mac_verify	152	static
../mbedtls/library/psa_crypto.c:2909:21:psa_sign_verify_check_alg	16	static
../mbedtls/library/psa_crypto.c:2931:21:psa_sign_internal	168	static
../mbedtls/library/psa_crypto.c:3012:21:psa_verify_internal	96	static
../mbedtls/library/psa_crypto.c:3061:14:psa_sign_message_builtin	120	static
../mbedtls/library/psa_crypto.c:3096:14:psa_sign_message	96	static
../mbedtls/library/psa_crypto.c:3121:14:psa_verify_message_builtin	112	static
../mbedtls/library/psa_crypto.c:3155:14:psa_verify_message	88	static
../mbedtls/library/psa_crypto.c:3180:14:psa_sign_hash_builtin	48	static
../mbedtls/library/psa_crypto.c:3228:14:psa_sign_hash	96	static
../mbedtls/library/psa_crypto.c:3254:14:psa_verify_hash_builtin	40	static
../mbedtls/library/psa_crypto.c:3301:14:psa_verify_hash	88	static
../mbedtls/library/psa_crypto.c:3327:13:psa_rsa_oaep_set_padding_mode	32	static
../mbedtls/library/psa_crypto.c:3337:14:psa_asymmetric_encrypt	136	static
../mbedtls/library/psa_crypto.c:3455:14:psa_asymmetric_decrypt	136	static
../mbedtls/library/psa_crypto.c:3571:21:psa_generate_random_internal	32	static
../mbedtls/library/psa_crypto.c:3623:21:psa_cipher_setup	160	static
../mbedtls/library/psa_crypto.c:3695:14:psa_cipher_encrypt_setup	24	static
../mbedtls/library/psa_crypto.c:3702:14:psa_cipher_decrypt_setup	24	static
../mbedtls/library/psa_crypto.c:3709:14:psa_cipher_generate_iv	64	static
../mbedtls/library/psa_crypto.c:3766:14:psa_cipher_set_iv	48	static
../mbedtls/library/psa_crypto.c:3807:14:psa_cipher_update	88	static
../mbedtls/library/psa_crypto.c:3850:14:psa_cipher_finish	64	static
../mbedtls/library/psa_crypto.c:3889:14:psa_cipher_abort	16	static
../mbedtls/library/psa_crypto.c:3907:14:psa_cipher_encrypt	248	static
../mbedtls/library/psa_crypto.c:3989:14:psa_cipher_decrypt	224	static
../mbedtls/library/psa_crypto.c:4055:14:psa_aead_encrypt	208	static
../mbedtls/library/psa_crypto.c:4122:14:psa_aead_decrypt	208	static
../mbedtls/library/psa_crypto.c:4203:21:psa_key_derivation_start_hmac	72	static
../mbedtls/library/psa_crypto.c:4233:24:psa_key_derivation_get_kdf_alg	16	static
../mbedtls/library/psa_crypto.c:4243:14:psa_key_derivation_abort	24	static
../mbedtls/library/psa_crypto.c:4295:14:psa_key_derivation_get_capacity	16	static
../mbedtls/library/psa_crypto.c:4307:14:psa_key_derivation_set_capacity	16	static
../mbedtls/library/psa_crypto.c:4323:21:psa_key_derivation_hkdf_read	40	static
../mbedtls/library/psa_crypto.c:4405:21:psa_key_derivation_tls12_prf_generate_next_block	424	static
../mbedtls/library/psa_crypto.c:4525:21:psa_key_derivation_tls12_prf_read	40	static
../mbedtls/library/psa_crypto.c:4576:14:psa_key_derivation_output_bytes	80	static
../mbedtls/library/psa_crypto.c:4655:13:psa_des_set_key_parity	16	static
../mbedtls/library/psa_crypto.c:4669:21:psa_generate_derived_key_internal	160	static
../mbedtls/library/psa_crypto.c:4724:14:psa_key_derivation_output_key	40	static
../mbedtls/library/psa_crypto.c:4778:12:is_kdf_alg_supported	16	static
../mbedtls/library/psa_crypto.c:4798:21:psa_hash_try_support	256	static
../mbedtls/library/psa_crypto.c:4806:21:psa_key_derivation_set_maximum_capacity	32	static
../mbedtls/library/psa_crypto.c:4851:21:psa_key_derivation_setup_kdf	24	static
../mbedtls/library/psa_crypto.c:4868:21:psa_key_agreement_try_support	16	static
../mbedtls/library/psa_crypto.c:4880:14:psa_key_derivation_setup	32	static
../mbedtls/library/psa_crypto.c:4920:21:psa_hkdf_input	32	static
../mbedtls/library/psa_crypto.c:4996:21:psa_tls12_prf_set_seed	24	static
../mbedtls/library/psa_crypto.c:5019:21:psa_tls12_prf_set_key	24	static
../mbedtls/library/psa_crypto.c:5042:21:psa_tls12_prf_set_label	24	static
../mbedtls/library/psa_crypto.c:5065:21:psa_tls12_prf_input	24	static
../mbedtls/library/psa_crypto.c:5085:21:psa_tls12_prf_psk_to_ms_set_key	296	static
../mbedtls/library/psa_crypto.c:5120:21:psa_tls12_prf_psk_to_ms_input	24	static
../mbedtls/library/psa_crypto.c:5144:12:psa_key_derivation_check_input_type	16	static
../mbedtls/library/psa_crypto.c:5172:21:psa_key_derivation_input_internal	40	static
../mbedtls/library/psa_crypto.c:5221:14:psa_key_derivation_input_bytes	56	static
../mbedtls/library/psa_crypto.c:5242:14:psa_key_derivation_input_key	48	static
../mbedtls/library/psa_crypto.c:5281:21:psa_key_agreement_ecdh	280	static
../mbedtls/library/psa_crypto.c:5343:21:psa_key_agreement_raw_internal	48	static
../mbedtls/library/psa_crypto.c:5393:21:psa_key_agreement_internal	120	static
../mbedtls/library/psa_crypto.c:5428:14:psa_key_derivation_key_agreement	64	static
../mbedtls/library/psa_crypto.c:5472:14:psa_raw_key_agreement	112	static
../mbedtls/library/psa_crypto.c:5557:13:mbedtls_psa_random_init	16	static
../mbedtls/library/psa_crypto.c:5589:13:mbedtls_psa_random_free	16	static
../mbedtls/library/psa_crypto.c:5601:21:mbedtls_psa_random_seed	24	static
../mbedtls/library/psa_crypto.c:5615:14:psa_generate_random	56	static
../mbedtls/library/psa_crypto.c:5696:21:psa_validate_key_type_and_size_for_key_generation	24	static
../mbedtls/library/psa_crypto.c:5734:14:psa_generate_key_internal	32	static
../mbedtls/library/psa_crypto.c:5786:14:psa_generate_key	32	static
../mbedtls/library/psa_crypto.c:5866:14:mbedtls_psa_crypto_configure_entropy_sources	16	static
../mbedtls/library/psa_crypto.c:5879:6:mbedtls_psa_crypto_free	8	static
../mbedtls/library/psa_crypto.c:5919:14:psa_crypto_init	16	static
../mbedtls/library/psa_crypto.c:5996:14:psa_crypto_copy_input	24	static
../mbedtls/library/psa_crypto.c:6035:14:psa_crypto_copy_output	24	static
../mbedtls/library/psa_crypto.c:6061:14:psa_crypto_local_input_alloc	40	static
../mbedtls/library/psa_crypto.c:6097:6:psa_crypto_local_input_free	16	static
../mbedtls/library/psa_crypto.c:6104:14:psa_crypto_local_output_alloc	40	static
../mbedtls/library/psa_crypto.c:6124:14:psa_crypto_local_output_free	24	static
