09:13:59 **** Incremental Build of configuration Debug for project lpcxpresso55s69_mbedtls_selftest ****
make -r -j12 all 
make[1]: Nothing to be done for 'main-build'.
Performing post-build steps
arm-none-eabi-size "lpcxpresso55s69_mbedtls_selftest.axf"; # arm-none-eabi-objcopy -v -O binary "lpcxpresso55s69_mbedtls_selftest.axf" "lpcxpresso55s69_mbedtls_selftest.bin" ; # checksum -p LPC55S69 -d "lpcxpresso55s69_mbedtls_selftest.bin";
   text	   data	    bss	    dec	    hex	filename
 207924	   3600	  41272	 252796	  3db7c	lpcxpresso55s69_mbedtls_selftest.axf
 

09:14:00 Build Finished. 0 errors, 0 warnings. (took 1s.28ms)

