17:02:59 **** Incremental Build of configuration Debug for project lpcxpresso55s69-1_hello_world ****
make -r -j7 all 
make[1]: Nothing to be done for 'main-build'.
Performing post-build steps
arm-none-eabi-size "lpcxpresso55s69-1_hello_world.axf"; # arm-none-eabi-objcopy -v -O binary "lpcxpresso55s69-1_hello_world.axf" "lpcxpresso55s69-1_hello_world.bin" ; # checksum -p LPC55S69 -d "lpcxpresso55s69-1_hello_world.bin";
   text	   data	    bss	    dec	    hex	filename
  12636	      8	   8460	  21104	   5270	lpcxpresso55s69-1_hello_world.axf
 

17:03:00 Build Finished. 0 errors, 0 warnings. (took 590ms)

