16:35:35 **** Build of configuration Debug for project lpcxpresso55s69_hello_world ****
make -r -j7 all 
Building target: lpcxpresso55s69_hello_world.axf
Invoking: MCU Linker
arm-none-eabi-gcc -nostdlib -Xlinker -no-warn-rwx-segments -Xlinker -Map="lpcxpresso55s69_hello_world.map" -Xlinker --gc-sections -Xlinker -print-memory-usage -Xlinker --sort-section=alignment -Xlinker --cref -mcpu=cortex-m33 -mfpu=fpv5-sp-d16 -mfloat-abi=hard -mthumb -T lpcxpresso55s69_hello_world_Debug.ld -o "lpcxpresso55s69_hello_world.axf" ./utilities/fsl_assert.o ./utilities/fsl_debug_console.o ./utilities/fsl_memcpy.o ./utilities/fsl_str.o  ./startup/boot_multicore_slave.o ./startup/startup_lpc55s69_cm33_core0.o  ./source/hello_world.o ./source/semihost_hardfault.o  ./drivers/fsl_clock.o ./drivers/fsl_common.o ./drivers/fsl_common_arm.o ./drivers/fsl_flexcomm.o ./drivers/fsl_gpio.o ./drivers/fsl_power.o ./drivers/fsl_reset.o ./drivers/fsl_usart.o  ./device/system_LPC55S69_cm33_core0.o  ./component/uart/fsl_adapter_usart.o  ./component/lists/fsl_component_generic_list.o  ./board/board.o ./board/clock_config.o ./board/pin_mux.o   
Memory region         Used Size  Region Size  %age Used
   PROGRAM_FLASH:       12692 B       630 KB      1.97%
            SRAM:        8468 B       256 KB      3.23%
           SRAMX:          0 GB        32 KB      0.00%
         USB_RAM:          0 GB        16 KB      0.00%
           SRAM4:          0 GB        16 KB      0.00%
Finished building target: lpcxpresso55s69_hello_world.axf
 
Performing post-build steps
arm-none-eabi-size "lpcxpresso55s69_hello_world.axf"; # arm-none-eabi-objcopy -v -O binary "lpcxpresso55s69_hello_world.axf" "lpcxpresso55s69_hello_world.bin" ; # checksum -p LPC55S69 -d "lpcxpresso55s69_hello_world.bin";
   text	   data	    bss	    dec	    hex	filename
  12684	      8	   8460	  21152	   52a0	lpcxpresso55s69_hello_world.axf
 

16:35:36 Build Finished. 0 errors, 0 warnings. (took 526ms)

