17:58:57 **** Incremental Build of configuration Debug for project Run_hello_world_ns ****
make -r -j7 all 
Building target: Run_hello_world_ns.axf
Invoking: MCU Linker
arm-none-eabi-gcc -nostdlib -Xlinker -no-warn-rwx-segments -Xlinker -Map="Run_hello_world_ns.map" -Xlinker --gc-sections -Xlinker -print-memory-usage -Xlinker --sort-section=alignment -Xlinker --cref -mcpu=cortex-m33 -mfpu=fpv5-sp-d16 -mfloat-abi=hard -mthumb -T Run_hello_world_ns_Debug.ld -o "Run_hello_world_ns.axf" ./utilities/fsl_assert.o ./utilities/fsl_debug_console.o ./utilities/fsl_memcpy.o ./utilities/fsl_str.o  ./startup/boot_multicore_slave.o ./startup/startup_lpc55s69_cm33_core0.o  ./source/hello_world_ns.o ./source/semihost_hardfault.o  ./drivers/fsl_clock.o ./drivers/fsl_common.o ./drivers/fsl_common_arm.o ./drivers/fsl_flexcomm.o ./drivers/fsl_gpio.o ./drivers/fsl_power.o ./drivers/fsl_reset.o ./drivers/fsl_usart.o  ./device/system_LPC55S69_cm33_core0.o  ./component/uart/fsl_adapter_usart.o  ./component/lists/fsl_component_generic_list.o  ./board/board.o ./board/clock_config.o ./board/pin_mux.o    "/Users/shreybirmiwal/Documents/MCUXpressoIDE_11.10.0_3148/workspace/Run_hello_world_s/Debug/Run_hello_world_s_CMSE_lib.o"
Memory region         Used Size  Region Size  %age Used
   PROGRAM_FLASH:        7348 B       456 KB      1.57%
            Ram0:        8748 B       172 KB      4.97%
Finished building target: Run_hello_world_ns.axf
 
Performing post-build steps
arm-none-eabi-size "Run_hello_world_ns.axf"; # arm-none-eabi-objcopy -v -O binary "Run_hello_world_ns.axf" "Run_hello_world_ns.bin" ; # checksum -p LPC55S69 -d "Run_hello_world_ns.bin";
   text	   data	    bss	    dec	    hex	filename
   7256	     92	   8656	  16004	   3e84	Run_hello_world_ns.axf
 

17:58:58 Build Finished. 0 errors, 0 warnings. (took 618ms)

