12:02:47 **** Build of configuration Debug for project Test_hello_world_ns ****
make -r -j7 all 
Building file: ../utilities/fsl_memcpy.S
Building file: ../utilities/fsl_debug_console.c
Building file: ../utilities/fsl_assert.c
Building file: ../startup/boot_multicore_slave.c
Building file: ../utilities/fsl_str.c
Building file: ../startup/startup_lpc55s69_cm33_core0.c
Building file: ../source/hello_world_ns.c
Invoking: MCU C Compiler
arm-none-eabi-gcc -std=gnu99 -DCPU_LPC55S69JBD100_cm33_core0 -DMCUXPRESSO_SDK -DCPU_LPC55S69JBD100 -DCPU_LPC55S69JBD100_cm33 -DSDK_DEBUGCONSOLE=0 -DCR_INTEGER_PRINTF -D__MCUXPRESSO -D__USE_CMSIS -DDEBUG -D__NEWLIB__ -I"/Users/shreybirmiwal/Documents/MCUXpressoIDE_11.10.0_3148/workspace/Test_hello_world_ns/source" -I"/Users/shreybirmiwal/Documents/MCUXpressoIDE_11.10.0_3148/workspace/Test_hello_world_ns/utilities" -I"/Users/shreybirmiwal/Documents/MCUXpressoIDE_11.10.0_3148/workspace/Test_hello_world_ns/drivers" -I"/Users/shreybirmiwal/Documents/MCUXpressoIDE_11.10.0_3148/workspace/Test_hello_world_ns/device" -I"/Users/shreybirmiwal/Documents/MCUXpressoIDE_11.10.0_3148/workspace/Test_hello_world_ns/startup" -I"/Users/shreybirmiwal/Documents/MCUXpressoIDE_11.10.0_3148/workspace/Test_hello_world_ns/component/uart" -I"/Users/shreybirmiwal/Documents/MCUXpressoIDE_11.10.0_3148/workspace/Test_hello_world_ns/component/lists" -I"/Users/shreybirmiwal/Documents/MCUXpressoIDE_11.10.0_3148/workspace/Test_hello_world_ns/CMSIS" -I"/Users/shreybirmiwal/Documents/MCUXpressoIDE_11.10.0_3148/workspace/Test_hello_world_ns/board" -I"/Users/shreybirmiwal/Documents/MCUXpressoIDE_11.10.0_3148/workspace/Test_hello_world_ns/trustzone" -O0 -fno-common -g3 -gdwarf-4 -D __SEMIHOST_HARDFAULT_DISABLE -mcpu=cortex-m33 -c -ffunction-sections -fdata-sections -fno-builtin -fmerge-constants -fmacro-prefix-map="../utilities/"= -mcpu=cortex-m33 -mfpu=fpv5-sp-d16 -mfloat-abi=hard -mthumb -D__NEWLIB__ -fstack-usage -specs=nano.specs -MMD -MP -MF"utilities/fsl_debug_console.d" -MT"utilities/fsl_debug_console.o" -MT"utilities/fsl_debug_console.d" -o "utilities/fsl_debug_console.o" "../utilities/fsl_debug_console.c"
Invoking: MCU Assembler
Invoking: MCU C Compiler
arm-none-eabi-gcc -std=gnu99 -DCPU_LPC55S69JBD100_cm33_core0 -DMCUXPRESSO_SDK -DCPU_LPC55S69JBD100 -DCPU_LPC55S69JBD100_cm33 -DSDK_DEBUGCONSOLE=0 -DCR_INTEGER_PRINTF -D__MCUXPRESSO -D__USE_CMSIS -DDEBUG -D__NEWLIB__ -I"/Users/shreybirmiwal/Documents/MCUXpressoIDE_11.10.0_3148/workspace/Test_hello_world_ns/source" -I"/Users/shreybirmiwal/Documents/MCUXpressoIDE_11.10.0_3148/workspace/Test_hello_world_ns/utilities" -I"/Users/shreybirmiwal/Documents/MCUXpressoIDE_11.10.0_3148/workspace/Test_hello_world_ns/drivers" -I"/Users/shreybirmiwal/Documents/MCUXpressoIDE_11.10.0_3148/workspace/Test_hello_world_ns/device" -I"/Users/shreybirmiwal/Documents/MCUXpressoIDE_11.10.0_3148/workspace/Test_hello_world_ns/startup" -I"/Users/shreybirmiwal/Documents/MCUXpressoIDE_11.10.0_3148/workspace/Test_hello_world_ns/component/uart" -I"/Users/shreybirmiwal/Documents/MCUXpressoIDE_11.10.0_3148/workspace/Test_hello_world_ns/component/lists" -I"/Users/shreybirmiwal/Documents/MCUXpressoIDE_11.10.0_3148/workspace/Test_hello_world_ns/CMSIS" -I"/Users/shreybirmiwal/Documents/MCUXpressoIDE_11.10.0_3148/workspace/Test_hello_world_ns/board" -I"/Users/shreybirmiwal/Documents/MCUXpressoIDE_11.10.0_3148/workspace/Test_hello_world_ns/trustzone" -O0 -fno-common -g3 -gdwarf-4 -D __SEMIHOST_HARDFAULT_DISABLE -mcpu=cortex-m33 -c -ffunction-sections -fdata-sections -fno-builtin -fmerge-constants -fmacro-prefix-map="../utilities/"= -mcpu=cortex-m33 -mfpu=fpv5-sp-d16 -mfloat-abi=hard -mthumb -D__NEWLIB__ -fstack-usage -specs=nano.specs -MMD -MP -MF"utilities/fsl_assert.d" -MT"utilities/fsl_assert.o" -MT"utilities/fsl_assert.d" -o "utilities/fsl_assert.o" "../utilities/fsl_assert.c"
Invoking: MCU C Compiler
arm-none-eabi-gcc -c -x assembler-with-cpp -D__NEWLIB__ -I"/Users/shreybirmiwal/Documents/MCUXpressoIDE_11.10.0_3148/workspace/Test_hello_world_ns/source" -g3 -gdwarf-4 -mcpu=cortex-m33 -mfpu=fpv5-sp-d16 -mfloat-abi=hard -mthumb -D__NEWLIB__ -specs=nano.specs -o "utilities/fsl_memcpy.o" "../utilities/fsl_memcpy.S"
Invoking: MCU C Compiler
arm-none-eabi-gcc -std=gnu99 -DCPU_LPC55S69JBD100_cm33_core0 -DMCUXPRESSO_SDK -DCPU_LPC55S69JBD100 -DCPU_LPC55S69JBD100_cm33 -DSDK_DEBUGCONSOLE=0 -DCR_INTEGER_PRINTF -D__MCUXPRESSO -D__USE_CMSIS -DDEBUG -D__NEWLIB__ -I"/Users/shreybirmiwal/Documents/MCUXpressoIDE_11.10.0_3148/workspace/Test_hello_world_ns/source" -I"/Users/shreybirmiwal/Documents/MCUXpressoIDE_11.10.0_3148/workspace/Test_hello_world_ns/utilities" -I"/Users/shreybirmiwal/Documents/MCUXpressoIDE_11.10.0_3148/workspace/Test_hello_world_ns/drivers" -I"/Users/shreybirmiwal/Documents/MCUXpressoIDE_11.10.0_3148/workspace/Test_hello_world_ns/device" -I"/Users/shreybirmiwal/Documents/MCUXpressoIDE_11.10.0_3148/workspace/Test_hello_world_ns/startup" -I"/Users/shreybirmiwal/Documents/MCUXpressoIDE_11.10.0_3148/workspace/Test_hello_world_ns/component/uart" -I"/Users/shreybirmiwal/Documents/MCUXpressoIDE_11.10.0_3148/workspace/Test_hello_world_ns/component/lists" -I"/Users/shreybirmiwal/Documents/MCUXpressoIDE_11.10.0_3148/workspace/Test_hello_world_ns/CMSIS" -I"/Users/shreybirmiwal/Documents/MCUXpressoIDE_11.10.0_3148/workspace/Test_hello_world_ns/board" -I"/Users/shreybirmiwal/Documents/MCUXpressoIDE_11.10.0_3148/workspace/Test_hello_world_ns/trustzone" -O0 -fno-common -g3 -gdwarf-4 -D __SEMIHOST_HARDFAULT_DISABLE -mcpu=cortex-m33 -c -ffunction-sections -fdata-sections -fno-builtin -fmerge-constants -fmacro-prefix-map="../utilities/"= -mcpu=cortex-m33 -mfpu=fpv5-sp-d16 -mfloat-abi=hard -mthumb -D__NEWLIB__ -fstack-usage -specs=nano.specs -MMD -MP -MF"utilities/fsl_str.d" -MT"utilities/fsl_str.o" -MT"utilities/fsl_str.d" -o "utilities/fsl_str.o" "../utilities/fsl_str.c"
arm-none-eabi-gcc -std=gnu99 -DCPU_LPC55S69JBD100_cm33_core0 -DMCUXPRESSO_SDK -DCPU_LPC55S69JBD100 -DCPU_LPC55S69JBD100_cm33 -DSDK_DEBUGCONSOLE=0 -DCR_INTEGER_PRINTF -D__MCUXPRESSO -D__USE_CMSIS -DDEBUG -D__NEWLIB__ -I"/Users/shreybirmiwal/Documents/MCUXpressoIDE_11.10.0_3148/workspace/Test_hello_world_ns/source" -I"/Users/shreybirmiwal/Documents/MCUXpressoIDE_11.10.0_3148/workspace/Test_hello_world_ns/utilities" -I"/Users/shreybirmiwal/Documents/MCUXpressoIDE_11.10.0_3148/workspace/Test_hello_world_ns/drivers" -I"/Users/shreybirmiwal/Documents/MCUXpressoIDE_11.10.0_3148/workspace/Test_hello_world_ns/device" -I"/Users/shreybirmiwal/Documents/MCUXpressoIDE_11.10.0_3148/workspace/Test_hello_world_ns/startup" -I"/Users/shreybirmiwal/Documents/MCUXpressoIDE_11.10.0_3148/workspace/Test_hello_world_ns/component/uart" -I"/Users/shreybirmiwal/Documents/MCUXpressoIDE_11.10.0_3148/workspace/Test_hello_world_ns/component/lists" -I"/Users/shreybirmiwal/Documents/MCUXpressoIDE_11.10.0_3148/workspace/Test_hello_world_ns/CMSIS" -I"/Users/shreybirmiwal/Documents/MCUXpressoIDE_11.10.0_3148/workspace/Test_hello_world_ns/board" -I"/Users/shreybirmiwal/Documents/MCUXpressoIDE_11.10.0_3148/workspace/Test_hello_world_ns/trustzone" -O0 -fno-common -g3 -gdwarf-4 -D __SEMIHOST_HARDFAULT_DISABLE -mcpu=cortex-m33 -c -ffunction-sections -fdata-sections -fno-builtin -fmerge-constants -fmacro-prefix-map="../startup/"= -mcpu=cortex-m33 -mfpu=fpv5-sp-d16 -mfloat-abi=hard -mthumb -D__NEWLIB__ -fstack-usage -specs=nano.specs -MMD -MP -MF"startup/boot_multicore_slave.d" -MT"startup/boot_multicore_slave.o" -MT"startup/boot_multicore_slave.d" -o "startup/boot_multicore_slave.o" "../startup/boot_multicore_slave.c"
Invoking: MCU C Compiler
Invoking: MCU C Compiler
arm-none-eabi-gcc -std=gnu99 -DCPU_LPC55S69JBD100_cm33_core0 -DMCUXPRESSO_SDK -DCPU_LPC55S69JBD100 -DCPU_LPC55S69JBD100_cm33 -DSDK_DEBUGCONSOLE=0 -DCR_INTEGER_PRINTF -D__MCUXPRESSO -D__USE_CMSIS -DDEBUG -D__NEWLIB__ -I"/Users/shreybirmiwal/Documents/MCUXpressoIDE_11.10.0_3148/workspace/Test_hello_world_ns/source" -I"/Users/shreybirmiwal/Documents/MCUXpressoIDE_11.10.0_3148/workspace/Test_hello_world_ns/utilities" -I"/Users/shreybirmiwal/Documents/MCUXpressoIDE_11.10.0_3148/workspace/Test_hello_world_ns/drivers" -I"/Users/shreybirmiwal/Documents/MCUXpressoIDE_11.10.0_3148/workspace/Test_hello_world_ns/device" -I"/Users/shreybirmiwal/Documents/MCUXpressoIDE_11.10.0_3148/workspace/Test_hello_world_ns/startup" -I"/Users/shreybirmiwal/Documents/MCUXpressoIDE_11.10.0_3148/workspace/Test_hello_world_ns/component/uart" -I"/Users/shreybirmiwal/Documents/MCUXpressoIDE_11.10.0_3148/workspace/Test_hello_world_ns/component/lists" -I"/Users/shreybirmiwal/Documents/MCUXpressoIDE_11.10.0_3148/workspace/Test_hello_world_ns/CMSIS" -I"/Users/shreybirmiwal/Documents/MCUXpressoIDE_11.10.0_3148/workspace/Test_hello_world_ns/board" -I"/Users/shreybirmiwal/Documents/MCUXpressoIDE_11.10.0_3148/workspace/Test_hello_world_ns/trustzone" -O0 -fno-common -g3 -gdwarf-4 -D __SEMIHOST_HARDFAULT_DISABLE -mcpu=cortex-m33 -c -ffunction-sections -fdata-sections -fno-builtin -fmerge-constants -fmacro-prefix-map="../startup/"= -mcpu=cortex-m33 -mfpu=fpv5-sp-d16 -mfloat-abi=hard -mthumb -D__NEWLIB__ -fstack-usage -specs=nano.specs -MMD -MP -MF"startup/startup_lpc55s69_cm33_core0.d" -MT"startup/startup_lpc55s69_cm33_core0.o" -MT"startup/startup_lpc55s69_cm33_core0.d" -o "startup/startup_lpc55s69_cm33_core0.o" "../startup/startup_lpc55s69_cm33_core0.c"
arm-none-eabi-gcc -std=gnu99 -DCPU_LPC55S69JBD100_cm33_core0 -DMCUXPRESSO_SDK -DCPU_LPC55S69JBD100 -DCPU_LPC55S69JBD100_cm33 -DSDK_DEBUGCONSOLE=0 -DCR_INTEGER_PRINTF -D__MCUXPRESSO -D__USE_CMSIS -DDEBUG -D__NEWLIB__ -I"/Users/shreybirmiwal/Documents/MCUXpressoIDE_11.10.0_3148/workspace/Test_hello_world_ns/source" -I"/Users/shreybirmiwal/Documents/MCUXpressoIDE_11.10.0_3148/workspace/Test_hello_world_ns/utilities" -I"/Users/shreybirmiwal/Documents/MCUXpressoIDE_11.10.0_3148/workspace/Test_hello_world_ns/drivers" -I"/Users/shreybirmiwal/Documents/MCUXpressoIDE_11.10.0_3148/workspace/Test_hello_world_ns/device" -I"/Users/shreybirmiwal/Documents/MCUXpressoIDE_11.10.0_3148/workspace/Test_hello_world_ns/startup" -I"/Users/shreybirmiwal/Documents/MCUXpressoIDE_11.10.0_3148/workspace/Test_hello_world_ns/component/uart" -I"/Users/shreybirmiwal/Documents/MCUXpressoIDE_11.10.0_3148/workspace/Test_hello_world_ns/component/lists" -I"/Users/shreybirmiwal/Documents/MCUXpressoIDE_11.10.0_3148/workspace/Test_hello_world_ns/CMSIS" -I"/Users/shreybirmiwal/Documents/MCUXpressoIDE_11.10.0_3148/workspace/Test_hello_world_ns/board" -I"/Users/shreybirmiwal/Documents/MCUXpressoIDE_11.10.0_3148/workspace/Test_hello_world_ns/trustzone" -O0 -fno-common -g3 -gdwarf-4 -D __SEMIHOST_HARDFAULT_DISABLE -mcpu=cortex-m33 -c -ffunction-sections -fdata-sections -fno-builtin -fmerge-constants -fmacro-prefix-map="../source/"= -mcpu=cortex-m33 -mfpu=fpv5-sp-d16 -mfloat-abi=hard -mthumb -D__NEWLIB__ -fstack-usage -specs=nano.specs -MMD -MP -MF"source/hello_world_ns.d" -MT"source/hello_world_ns.o" -MT"source/hello_world_ns.d" -o "source/hello_world_ns.o" "../source/hello_world_ns.c"
Finished building: ../startup/boot_multicore_slave.c
Finished building: ../utilities/fsl_memcpy.S
 
 
Building file: ../drivers/fsl_clock.c
Building file: ../source/semihost_hardfault.c
Invoking: MCU C Compiler
Invoking: MCU C Compiler
arm-none-eabi-gcc -std=gnu99 -DCPU_LPC55S69JBD100_cm33_core0 -DMCUXPRESSO_SDK -DCPU_LPC55S69JBD100 -DCPU_LPC55S69JBD100_cm33 -DSDK_DEBUGCONSOLE=0 -DCR_INTEGER_PRINTF -D__MCUXPRESSO -D__USE_CMSIS -DDEBUG -D__NEWLIB__ -I"/Users/shreybirmiwal/Documents/MCUXpressoIDE_11.10.0_3148/workspace/Test_hello_world_ns/source" -I"/Users/shreybirmiwal/Documents/MCUXpressoIDE_11.10.0_3148/workspace/Test_hello_world_ns/utilities" -I"/Users/shreybirmiwal/Documents/MCUXpressoIDE_11.10.0_3148/workspace/Test_hello_world_ns/drivers" -I"/Users/shreybirmiwal/Documents/MCUXpressoIDE_11.10.0_3148/workspace/Test_hello_world_ns/device" -I"/Users/shreybirmiwal/Documents/MCUXpressoIDE_11.10.0_3148/workspace/Test_hello_world_ns/startup" -I"/Users/shreybirmiwal/Documents/MCUXpressoIDE_11.10.0_3148/workspace/Test_hello_world_ns/component/uart" -I"/Users/shreybirmiwal/Documents/MCUXpressoIDE_11.10.0_3148/workspace/Test_hello_world_ns/component/lists" -I"/Users/shreybirmiwal/Documents/MCUXpressoIDE_11.10.0_3148/workspace/Test_hello_world_ns/CMSIS" -I"/Users/shreybirmiwal/Documents/MCUXpressoIDE_11.10.0_3148/workspace/Test_hello_world_ns/board" -I"/Users/shreybirmiwal/Documents/MCUXpressoIDE_11.10.0_3148/workspace/Test_hello_world_ns/trustzone" -O0 -fno-common -g3 -gdwarf-4 -D __SEMIHOST_HARDFAULT_DISABLE -mcpu=cortex-m33 -c -ffunction-sections -fdata-sections -fno-builtin -fmerge-constants -fmacro-prefix-map="../source/"= -mcpu=cortex-m33 -mfpu=fpv5-sp-d16 -mfloat-abi=hard -mthumb -D__NEWLIB__ -fstack-usage -specs=nano.specs -MMD -MP -MF"source/semihost_hardfault.d" -MT"source/semihost_hardfault.o" -MT"source/semihost_hardfault.d" -o "source/semihost_hardfault.o" "../source/semihost_hardfault.c"
arm-none-eabi-gcc -std=gnu99 -DCPU_LPC55S69JBD100_cm33_core0 -DMCUXPRESSO_SDK -DCPU_LPC55S69JBD100 -DCPU_LPC55S69JBD100_cm33 -DSDK_DEBUGCONSOLE=0 -DCR_INTEGER_PRINTF -D__MCUXPRESSO -D__USE_CMSIS -DDEBUG -D__NEWLIB__ -I"/Users/shreybirmiwal/Documents/MCUXpressoIDE_11.10.0_3148/workspace/Test_hello_world_ns/source" -I"/Users/shreybirmiwal/Documents/MCUXpressoIDE_11.10.0_3148/workspace/Test_hello_world_ns/utilities" -I"/Users/shreybirmiwal/Documents/MCUXpressoIDE_11.10.0_3148/workspace/Test_hello_world_ns/drivers" -I"/Users/shreybirmiwal/Documents/MCUXpressoIDE_11.10.0_3148/workspace/Test_hello_world_ns/device" -I"/Users/shreybirmiwal/Documents/MCUXpressoIDE_11.10.0_3148/workspace/Test_hello_world_ns/startup" -I"/Users/shreybirmiwal/Documents/MCUXpressoIDE_11.10.0_3148/workspace/Test_hello_world_ns/component/uart" -I"/Users/shreybirmiwal/Documents/MCUXpressoIDE_11.10.0_3148/workspace/Test_hello_world_ns/component/lists" -I"/Users/shreybirmiwal/Documents/MCUXpressoIDE_11.10.0_3148/workspace/Test_hello_world_ns/CMSIS" -I"/Users/shreybirmiwal/Documents/MCUXpressoIDE_11.10.0_3148/workspace/Test_hello_world_ns/board" -I"/Users/shreybirmiwal/Documents/MCUXpressoIDE_11.10.0_3148/workspace/Test_hello_world_ns/trustzone" -O0 -fno-common -g3 -gdwarf-4 -D __SEMIHOST_HARDFAULT_DISABLE -mcpu=cortex-m33 -c -ffunction-sections -fdata-sections -fno-builtin -fmerge-constants -fmacro-prefix-map="../drivers/"= -mcpu=cortex-m33 -mfpu=fpv5-sp-d16 -mfloat-abi=hard -mthumb -D__NEWLIB__ -fstack-usage -specs=nano.specs -MMD -MP -MF"drivers/fsl_clock.d" -MT"drivers/fsl_clock.o" -MT"drivers/fsl_clock.d" -o "drivers/fsl_clock.o" "../drivers/fsl_clock.c"
Finished building: ../source/semihost_hardfault.c
 
Building file: ../drivers/fsl_common.c
Invoking: MCU C Compiler
arm-none-eabi-gcc -std=gnu99 -DCPU_LPC55S69JBD100_cm33_core0 -DMCUXPRESSO_SDK -DCPU_LPC55S69JBD100 -DCPU_LPC55S69JBD100_cm33 -DSDK_DEBUGCONSOLE=0 -DCR_INTEGER_PRINTF -D__MCUXPRESSO -D__USE_CMSIS -DDEBUG -D__NEWLIB__ -I"/Users/shreybirmiwal/Documents/MCUXpressoIDE_11.10.0_3148/workspace/Test_hello_world_ns/source" -I"/Users/shreybirmiwal/Documents/MCUXpressoIDE_11.10.0_3148/workspace/Test_hello_world_ns/utilities" -I"/Users/shreybirmiwal/Documents/MCUXpressoIDE_11.10.0_3148/workspace/Test_hello_world_ns/drivers" -I"/Users/shreybirmiwal/Documents/MCUXpressoIDE_11.10.0_3148/workspace/Test_hello_world_ns/device" -I"/Users/shreybirmiwal/Documents/MCUXpressoIDE_11.10.0_3148/workspace/Test_hello_world_ns/startup" -I"/Users/shreybirmiwal/Documents/MCUXpressoIDE_11.10.0_3148/workspace/Test_hello_world_ns/component/uart" -I"/Users/shreybirmiwal/Documents/MCUXpressoIDE_11.10.0_3148/workspace/Test_hello_world_ns/component/lists" -I"/Users/shreybirmiwal/Documents/MCUXpressoIDE_11.10.0_3148/workspace/Test_hello_world_ns/CMSIS" -I"/Users/shreybirmiwal/Documents/MCUXpressoIDE_11.10.0_3148/workspace/Test_hello_world_ns/board" -I"/Users/shreybirmiwal/Documents/MCUXpressoIDE_11.10.0_3148/workspace/Test_hello_world_ns/trustzone" -O0 -fno-common -g3 -gdwarf-4 -D __SEMIHOST_HARDFAULT_DISABLE -mcpu=cortex-m33 -c -ffunction-sections -fdata-sections -fno-builtin -fmerge-constants -fmacro-prefix-map="../drivers/"= -mcpu=cortex-m33 -mfpu=fpv5-sp-d16 -mfloat-abi=hard -mthumb -D__NEWLIB__ -fstack-usage -specs=nano.specs -MMD -MP -MF"drivers/fsl_common.d" -MT"drivers/fsl_common.o" -MT"drivers/fsl_common.d" -o "drivers/fsl_common.o" "../drivers/fsl_common.c"
Finished building: ../startup/startup_lpc55s69_cm33_core0.c
 
Building file: ../drivers/fsl_common_arm.c
Invoking: MCU C Compiler
Finished building: ../utilities/fsl_debug_console.c
arm-none-eabi-gcc -std=gnu99 -DCPU_LPC55S69JBD100_cm33_core0 -DMCUXPRESSO_SDK -DCPU_LPC55S69JBD100 -DCPU_LPC55S69JBD100_cm33 -DSDK_DEBUGCONSOLE=0 -DCR_INTEGER_PRINTF -D__MCUXPRESSO -D__USE_CMSIS -DDEBUG -D__NEWLIB__ -I"/Users/shreybirmiwal/Documents/MCUXpressoIDE_11.10.0_3148/workspace/Test_hello_world_ns/source" -I"/Users/shreybirmiwal/Documents/MCUXpressoIDE_11.10.0_3148/workspace/Test_hello_world_ns/utilities" -I"/Users/shreybirmiwal/Documents/MCUXpressoIDE_11.10.0_3148/workspace/Test_hello_world_ns/drivers" -I"/Users/shreybirmiwal/Documents/MCUXpressoIDE_11.10.0_3148/workspace/Test_hello_world_ns/device" -I"/Users/shreybirmiwal/Documents/MCUXpressoIDE_11.10.0_3148/workspace/Test_hello_world_ns/startup" -I"/Users/shreybirmiwal/Documents/MCUXpressoIDE_11.10.0_3148/workspace/Test_hello_world_ns/component/uart" -I"/Users/shreybirmiwal/Documents/MCUXpressoIDE_11.10.0_3148/workspace/Test_hello_world_ns/component/lists" -I"/Users/shreybirmiwal/Documents/MCUXpressoIDE_11.10.0_3148/workspace/Test_hello_world_ns/CMSIS" -I"/Users/shreybirmiwal/Documents/MCUXpressoIDE_11.10.0_3148/workspace/Test_hello_world_ns/board" -I"/Users/shreybirmiwal/Documents/MCUXpressoIDE_11.10.0_3148/workspace/Test_hello_world_ns/trustzone" -O0 -fno-common -g3 -gdwarf-4 -D __SEMIHOST_HARDFAULT_DISABLE -mcpu=cortex-m33 -c -ffunction-sections -fdata-sections -fno-builtin -fmerge-constants -fmacro-prefix-map="../drivers/"= -mcpu=cortex-m33 -mfpu=fpv5-sp-d16 -mfloat-abi=hard -mthumb -D__NEWLIB__ -fstack-usage -specs=nano.specs -MMD -MP -MF"drivers/fsl_common_arm.d" -MT"drivers/fsl_common_arm.o" -MT"drivers/fsl_common_arm.d" -o "drivers/fsl_common_arm.o" "../drivers/fsl_common_arm.c"
 
Finished building: ../utilities/fsl_assert.c
Building file: ../drivers/fsl_flexcomm.c
 
Invoking: MCU C Compiler
arm-none-eabi-gcc -std=gnu99 -DCPU_LPC55S69JBD100_cm33_core0 -DMCUXPRESSO_SDK -DCPU_LPC55S69JBD100 -DCPU_LPC55S69JBD100_cm33 -DSDK_DEBUGCONSOLE=0 -DCR_INTEGER_PRINTF -D__MCUXPRESSO -D__USE_CMSIS -DDEBUG -D__NEWLIB__ -I"/Users/shreybirmiwal/Documents/MCUXpressoIDE_11.10.0_3148/workspace/Test_hello_world_ns/source" -I"/Users/shreybirmiwal/Documents/MCUXpressoIDE_11.10.0_3148/workspace/Test_hello_world_ns/utilities" -I"/Users/shreybirmiwal/Documents/MCUXpressoIDE_11.10.0_3148/workspace/Test_hello_world_ns/drivers" -I"/Users/shreybirmiwal/Documents/MCUXpressoIDE_11.10.0_3148/workspace/Test_hello_world_ns/device" -I"/Users/shreybirmiwal/Documents/MCUXpressoIDE_11.10.0_3148/workspace/Test_hello_world_ns/startup" -I"/Users/shreybirmiwal/Documents/MCUXpressoIDE_11.10.0_3148/workspace/Test_hello_world_ns/component/uart" -I"/Users/shreybirmiwal/Documents/MCUXpressoIDE_11.10.0_3148/workspace/Test_hello_world_ns/component/lists" -I"/Users/shreybirmiwal/Documents/MCUXpressoIDE_11.10.0_3148/workspace/Test_hello_world_ns/CMSIS" -I"/Users/shreybirmiwal/Documents/MCUXpressoIDE_11.10.0_3148/workspace/Test_hello_world_ns/board" -I"/Users/shreybirmiwal/Documents/MCUXpressoIDE_11.10.0_3148/workspace/Test_hello_world_ns/trustzone" -O0 -fno-common -g3 -gdwarf-4 -D __SEMIHOST_HARDFAULT_DISABLE -mcpu=cortex-m33 -c -ffunction-sections -fdata-sections -fno-builtin -fmerge-constants -fmacro-prefix-map="../drivers/"= -mcpu=cortex-m33 -mfpu=fpv5-sp-d16 -mfloat-abi=hard -mthumb -D__NEWLIB__ -fstack-usage -specs=nano.specs -MMD -MP -MF"drivers/fsl_flexcomm.d" -MT"drivers/fsl_flexcomm.o" -MT"drivers/fsl_flexcomm.d" -o "drivers/fsl_flexcomm.o" "../drivers/fsl_flexcomm.c"
Building file: ../drivers/fsl_gpio.c
Invoking: MCU C Compiler
arm-none-eabi-gcc -std=gnu99 -DCPU_LPC55S69JBD100_cm33_core0 -DMCUXPRESSO_SDK -DCPU_LPC55S69JBD100 -DCPU_LPC55S69JBD100_cm33 -DSDK_DEBUGCONSOLE=0 -DCR_INTEGER_PRINTF -D__MCUXPRESSO -D__USE_CMSIS -DDEBUG -D__NEWLIB__ -I"/Users/shreybirmiwal/Documents/MCUXpressoIDE_11.10.0_3148/workspace/Test_hello_world_ns/source" -I"/Users/shreybirmiwal/Documents/MCUXpressoIDE_11.10.0_3148/workspace/Test_hello_world_ns/utilities" -I"/Users/shreybirmiwal/Documents/MCUXpressoIDE_11.10.0_3148/workspace/Test_hello_world_ns/drivers" -I"/Users/shreybirmiwal/Documents/MCUXpressoIDE_11.10.0_3148/workspace/Test_hello_world_ns/device" -I"/Users/shreybirmiwal/Documents/MCUXpressoIDE_11.10.0_3148/workspace/Test_hello_world_ns/startup" -I"/Users/shreybirmiwal/Documents/MCUXpressoIDE_11.10.0_3148/workspace/Test_hello_world_ns/component/uart" -I"/Users/shreybirmiwal/Documents/MCUXpressoIDE_11.10.0_3148/workspace/Test_hello_world_ns/component/lists" -I"/Users/shreybirmiwal/Documents/MCUXpressoIDE_11.10.0_3148/workspace/Test_hello_world_ns/CMSIS" -I"/Users/shreybirmiwal/Documents/MCUXpressoIDE_11.10.0_3148/workspace/Test_hello_world_ns/board" -I"/Users/shreybirmiwal/Documents/MCUXpressoIDE_11.10.0_3148/workspace/Test_hello_world_ns/trustzone" -O0 -fno-common -g3 -gdwarf-4 -D __SEMIHOST_HARDFAULT_DISABLE -mcpu=cortex-m33 -c -ffunction-sections -fdata-sections -fno-builtin -fmerge-constants -fmacro-prefix-map="../drivers/"= -mcpu=cortex-m33 -mfpu=fpv5-sp-d16 -mfloat-abi=hard -mthumb -D__NEWLIB__ -fstack-usage -specs=nano.specs -MMD -MP -MF"drivers/fsl_gpio.d" -MT"drivers/fsl_gpio.o" -MT"drivers/fsl_gpio.d" -o "drivers/fsl_gpio.o" "../drivers/fsl_gpio.c"
Finished building: ../source/hello_world_ns.c
 
Building file: ../drivers/fsl_power.c
Finished building: ../utilities/fsl_str.c
Invoking: MCU C Compiler
arm-none-eabi-gcc -std=gnu99 -DCPU_LPC55S69JBD100_cm33_core0 -DMCUXPRESSO_SDK -DCPU_LPC55S69JBD100 -DCPU_LPC55S69JBD100_cm33 -DSDK_DEBUGCONSOLE=0 -DCR_INTEGER_PRINTF -D__MCUXPRESSO -D__USE_CMSIS -DDEBUG -D__NEWLIB__ -I"/Users/shreybirmiwal/Documents/MCUXpressoIDE_11.10.0_3148/workspace/Test_hello_world_ns/source" -I"/Users/shreybirmiwal/Documents/MCUXpressoIDE_11.10.0_3148/workspace/Test_hello_world_ns/utilities" -I"/Users/shreybirmiwal/Documents/MCUXpressoIDE_11.10.0_3148/workspace/Test_hello_world_ns/drivers" -I"/Users/shreybirmiwal/Documents/MCUXpressoIDE_11.10.0_3148/workspace/Test_hello_world_ns/device" -I"/Users/shreybirmiwal/Documents/MCUXpressoIDE_11.10.0_3148/workspace/Test_hello_world_ns/startup" -I"/Users/shreybirmiwal/Documents/MCUXpressoIDE_11.10.0_3148/workspace/Test_hello_world_ns/component/uart" -I"/Users/shreybirmiwal/Documents/MCUXpressoIDE_11.10.0_3148/workspace/Test_hello_world_ns/component/lists" -I"/Users/shreybirmiwal/Documents/MCUXpressoIDE_11.10.0_3148/workspace/Test_hello_world_ns/CMSIS" -I"/Users/shreybirmiwal/Documents/MCUXpressoIDE_11.10.0_3148/workspace/Test_hello_world_ns/board" -I"/Users/shreybirmiwal/Documents/MCUXpressoIDE_11.10.0_3148/workspace/Test_hello_world_ns/trustzone" -O0 -fno-common -g3 -gdwarf-4 -D __SEMIHOST_HARDFAULT_DISABLE -mcpu=cortex-m33 -c -ffunction-sections -fdata-sections -fno-builtin -fmerge-constants -fmacro-prefix-map="../drivers/"= -mcpu=cortex-m33 -mfpu=fpv5-sp-d16 -mfloat-abi=hard -mthumb -D__NEWLIB__ -fstack-usage -specs=nano.specs -MMD -MP -MF"drivers/fsl_power.d" -MT"drivers/fsl_power.o" -MT"drivers/fsl_power.d" -o "drivers/fsl_power.o" "../drivers/fsl_power.c"
 
Building file: ../drivers/fsl_reset.c
Invoking: MCU C Compiler
arm-none-eabi-gcc -std=gnu99 -DCPU_LPC55S69JBD100_cm33_core0 -DMCUXPRESSO_SDK -DCPU_LPC55S69JBD100 -DCPU_LPC55S69JBD100_cm33 -DSDK_DEBUGCONSOLE=0 -DCR_INTEGER_PRINTF -D__MCUXPRESSO -D__USE_CMSIS -DDEBUG -D__NEWLIB__ -I"/Users/shreybirmiwal/Documents/MCUXpressoIDE_11.10.0_3148/workspace/Test_hello_world_ns/source" -I"/Users/shreybirmiwal/Documents/MCUXpressoIDE_11.10.0_3148/workspace/Test_hello_world_ns/utilities" -I"/Users/shreybirmiwal/Documents/MCUXpressoIDE_11.10.0_3148/workspace/Test_hello_world_ns/drivers" -I"/Users/shreybirmiwal/Documents/MCUXpressoIDE_11.10.0_3148/workspace/Test_hello_world_ns/device" -I"/Users/shreybirmiwal/Documents/MCUXpressoIDE_11.10.0_3148/workspace/Test_hello_world_ns/startup" -I"/Users/shreybirmiwal/Documents/MCUXpressoIDE_11.10.0_3148/workspace/Test_hello_world_ns/component/uart" -I"/Users/shreybirmiwal/Documents/MCUXpressoIDE_11.10.0_3148/workspace/Test_hello_world_ns/component/lists" -I"/Users/shreybirmiwal/Documents/MCUXpressoIDE_11.10.0_3148/workspace/Test_hello_world_ns/CMSIS" -I"/Users/shreybirmiwal/Documents/MCUXpressoIDE_11.10.0_3148/workspace/Test_hello_world_ns/board" -I"/Users/shreybirmiwal/Documents/MCUXpressoIDE_11.10.0_3148/workspace/Test_hello_world_ns/trustzone" -O0 -fno-common -g3 -gdwarf-4 -D __SEMIHOST_HARDFAULT_DISABLE -mcpu=cortex-m33 -c -ffunction-sections -fdata-sections -fno-builtin -fmerge-constants -fmacro-prefix-map="../drivers/"= -mcpu=cortex-m33 -mfpu=fpv5-sp-d16 -mfloat-abi=hard -mthumb -D__NEWLIB__ -fstack-usage -specs=nano.specs -MMD -MP -MF"drivers/fsl_reset.d" -MT"drivers/fsl_reset.o" -MT"drivers/fsl_reset.d" -o "drivers/fsl_reset.o" "../drivers/fsl_reset.c"
Finished building: ../drivers/fsl_common.c
 
Building file: ../drivers/fsl_usart.c
Invoking: MCU C Compiler
arm-none-eabi-gcc -std=gnu99 -DCPU_LPC55S69JBD100_cm33_core0 -DMCUXPRESSO_SDK -DCPU_LPC55S69JBD100 -DCPU_LPC55S69JBD100_cm33 -DSDK_DEBUGCONSOLE=0 -DCR_INTEGER_PRINTF -D__MCUXPRESSO -D__USE_CMSIS -DDEBUG -D__NEWLIB__ -I"/Users/shreybirmiwal/Documents/MCUXpressoIDE_11.10.0_3148/workspace/Test_hello_world_ns/source" -I"/Users/shreybirmiwal/Documents/MCUXpressoIDE_11.10.0_3148/workspace/Test_hello_world_ns/utilities" -I"/Users/shreybirmiwal/Documents/MCUXpressoIDE_11.10.0_3148/workspace/Test_hello_world_ns/drivers" -I"/Users/shreybirmiwal/Documents/MCUXpressoIDE_11.10.0_3148/workspace/Test_hello_world_ns/device" -I"/Users/shreybirmiwal/Documents/MCUXpressoIDE_11.10.0_3148/workspace/Test_hello_world_ns/startup" -I"/Users/shreybirmiwal/Documents/MCUXpressoIDE_11.10.0_3148/workspace/Test_hello_world_ns/component/uart" -I"/Users/shreybirmiwal/Documents/MCUXpressoIDE_11.10.0_3148/workspace/Test_hello_world_ns/component/lists" -I"/Users/shreybirmiwal/Documents/MCUXpressoIDE_11.10.0_3148/workspace/Test_hello_world_ns/CMSIS" -I"/Users/shreybirmiwal/Documents/MCUXpressoIDE_11.10.0_3148/workspace/Test_hello_world_ns/board" -I"/Users/shreybirmiwal/Documents/MCUXpressoIDE_11.10.0_3148/workspace/Test_hello_world_ns/trustzone" -O0 -fno-common -g3 -gdwarf-4 -D __SEMIHOST_HARDFAULT_DISABLE -mcpu=cortex-m33 -c -ffunction-sections -fdata-sections -fno-builtin -fmerge-constants -fmacro-prefix-map="../drivers/"= -mcpu=cortex-m33 -mfpu=fpv5-sp-d16 -mfloat-abi=hard -mthumb -D__NEWLIB__ -fstack-usage -specs=nano.specs -MMD -MP -MF"drivers/fsl_usart.d" -MT"drivers/fsl_usart.o" -MT"drivers/fsl_usart.d" -o "drivers/fsl_usart.o" "../drivers/fsl_usart.c"
Finished building: ../drivers/fsl_common_arm.c
 
Finished building: ../drivers/fsl_clock.c
Building file: ../device/system_LPC55S69_cm33_core0.c
 
Invoking: MCU C Compiler
Building file: ../component/uart/fsl_adapter_usart.c
arm-none-eabi-gcc -std=gnu99 -DCPU_LPC55S69JBD100_cm33_core0 -DMCUXPRESSO_SDK -DCPU_LPC55S69JBD100 -DCPU_LPC55S69JBD100_cm33 -DSDK_DEBUGCONSOLE=0 -DCR_INTEGER_PRINTF -D__MCUXPRESSO -D__USE_CMSIS -DDEBUG -D__NEWLIB__ -I"/Users/shreybirmiwal/Documents/MCUXpressoIDE_11.10.0_3148/workspace/Test_hello_world_ns/source" -I"/Users/shreybirmiwal/Documents/MCUXpressoIDE_11.10.0_3148/workspace/Test_hello_world_ns/utilities" -I"/Users/shreybirmiwal/Documents/MCUXpressoIDE_11.10.0_3148/workspace/Test_hello_world_ns/drivers" -I"/Users/shreybirmiwal/Documents/MCUXpressoIDE_11.10.0_3148/workspace/Test_hello_world_ns/device" -I"/Users/shreybirmiwal/Documents/MCUXpressoIDE_11.10.0_3148/workspace/Test_hello_world_ns/startup" -I"/Users/shreybirmiwal/Documents/MCUXpressoIDE_11.10.0_3148/workspace/Test_hello_world_ns/component/uart" -I"/Users/shreybirmiwal/Documents/MCUXpressoIDE_11.10.0_3148/workspace/Test_hello_world_ns/component/lists" -I"/Users/shreybirmiwal/Documents/MCUXpressoIDE_11.10.0_3148/workspace/Test_hello_world_ns/CMSIS" -I"/Users/shreybirmiwal/Documents/MCUXpressoIDE_11.10.0_3148/workspace/Test_hello_world_ns/board" -I"/Users/shreybirmiwal/Documents/MCUXpressoIDE_11.10.0_3148/workspace/Test_hello_world_ns/trustzone" -O0 -fno-common -g3 -gdwarf-4 -D __SEMIHOST_HARDFAULT_DISABLE -mcpu=cortex-m33 -c -ffunction-sections -fdata-sections -fno-builtin -fmerge-constants -fmacro-prefix-map="../device/"= -mcpu=cortex-m33 -mfpu=fpv5-sp-d16 -mfloat-abi=hard -mthumb -D__NEWLIB__ -fstack-usage -specs=nano.specs -MMD -MP -MF"device/system_LPC55S69_cm33_core0.d" -MT"device/system_LPC55S69_cm33_core0.o" -MT"device/system_LPC55S69_cm33_core0.d" -o "device/system_LPC55S69_cm33_core0.o" "../device/system_LPC55S69_cm33_core0.c"
Finished building: ../drivers/fsl_gpio.c
Invoking: MCU C Compiler
arm-none-eabi-gcc -std=gnu99 -DCPU_LPC55S69JBD100_cm33_core0 -DMCUXPRESSO_SDK -DCPU_LPC55S69JBD100 -DCPU_LPC55S69JBD100_cm33 -DSDK_DEBUGCONSOLE=0 -DCR_INTEGER_PRINTF -D__MCUXPRESSO -D__USE_CMSIS -DDEBUG -D__NEWLIB__ -I"/Users/shreybirmiwal/Documents/MCUXpressoIDE_11.10.0_3148/workspace/Test_hello_world_ns/source" -I"/Users/shreybirmiwal/Documents/MCUXpressoIDE_11.10.0_3148/workspace/Test_hello_world_ns/utilities" -I"/Users/shreybirmiwal/Documents/MCUXpressoIDE_11.10.0_3148/workspace/Test_hello_world_ns/drivers" -I"/Users/shreybirmiwal/Documents/MCUXpressoIDE_11.10.0_3148/workspace/Test_hello_world_ns/device" -I"/Users/shreybirmiwal/Documents/MCUXpressoIDE_11.10.0_3148/workspace/Test_hello_world_ns/startup" -I"/Users/shreybirmiwal/Documents/MCUXpressoIDE_11.10.0_3148/workspace/Test_hello_world_ns/component/uart" -I"/Users/shreybirmiwal/Documents/MCUXpressoIDE_11.10.0_3148/workspace/Test_hello_world_ns/component/lists" -I"/Users/shreybirmiwal/Documents/MCUXpressoIDE_11.10.0_3148/workspace/Test_hello_world_ns/CMSIS" -I"/Users/shreybirmiwal/Documents/MCUXpressoIDE_11.10.0_3148/workspace/Test_hello_world_ns/board" -I"/Users/shreybirmiwal/Documents/MCUXpressoIDE_11.10.0_3148/workspace/Test_hello_world_ns/trustzone" -O0 -fno-common -g3 -gdwarf-4 -D __SEMIHOST_HARDFAULT_DISABLE -mcpu=cortex-m33 -c -ffunction-sections -fdata-sections -fno-builtin -fmerge-constants -fmacro-prefix-map="../component/uart/"= -mcpu=cortex-m33 -mfpu=fpv5-sp-d16 -mfloat-abi=hard -mthumb -D__NEWLIB__ -fstack-usage -specs=nano.specs -MMD -MP -MF"component/uart/fsl_adapter_usart.d" -MT"component/uart/fsl_adapter_usart.o" -MT"component/uart/fsl_adapter_usart.d" -o "component/uart/fsl_adapter_usart.o" "../component/uart/fsl_adapter_usart.c"
 
Building file: ../component/lists/fsl_component_generic_list.c
Finished building: ../drivers/fsl_reset.c
Finished building: ../drivers/fsl_flexcomm.c
 
Invoking: MCU C Compiler
 
arm-none-eabi-gcc -std=gnu99 -DCPU_LPC55S69JBD100_cm33_core0 -DMCUXPRESSO_SDK -DCPU_LPC55S69JBD100 -DCPU_LPC55S69JBD100_cm33 -DSDK_DEBUGCONSOLE=0 -DCR_INTEGER_PRINTF -D__MCUXPRESSO -D__USE_CMSIS -DDEBUG -D__NEWLIB__ -I"/Users/shreybirmiwal/Documents/MCUXpressoIDE_11.10.0_3148/workspace/Test_hello_world_ns/source" -I"/Users/shreybirmiwal/Documents/MCUXpressoIDE_11.10.0_3148/workspace/Test_hello_world_ns/utilities" -I"/Users/shreybirmiwal/Documents/MCUXpressoIDE_11.10.0_3148/workspace/Test_hello_world_ns/drivers" -I"/Users/shreybirmiwal/Documents/MCUXpressoIDE_11.10.0_3148/workspace/Test_hello_world_ns/device" -I"/Users/shreybirmiwal/Documents/MCUXpressoIDE_11.10.0_3148/workspace/Test_hello_world_ns/startup" -I"/Users/shreybirmiwal/Documents/MCUXpressoIDE_11.10.0_3148/workspace/Test_hello_world_ns/component/uart" -I"/Users/shreybirmiwal/Documents/MCUXpressoIDE_11.10.0_3148/workspace/Test_hello_world_ns/component/lists" -I"/Users/shreybirmiwal/Documents/MCUXpressoIDE_11.10.0_3148/workspace/Test_hello_world_ns/CMSIS" -I"/Users/shreybirmiwal/Documents/MCUXpressoIDE_11.10.0_3148/workspace/Test_hello_world_ns/board" -I"/Users/shreybirmiwal/Documents/MCUXpressoIDE_11.10.0_3148/workspace/Test_hello_world_ns/trustzone" -O0 -fno-common -g3 -gdwarf-4 -D __SEMIHOST_HARDFAULT_DISABLE -mcpu=cortex-m33 -c -ffunction-sections -fdata-sections -fno-builtin -fmerge-constants -fmacro-prefix-map="../component/lists/"= -mcpu=cortex-m33 -mfpu=fpv5-sp-d16 -mfloat-abi=hard -mthumb -D__NEWLIB__ -fstack-usage -specs=nano.specs -MMD -MP -MF"component/lists/fsl_component_generic_list.d" -MT"component/lists/fsl_component_generic_list.o" -MT"component/lists/fsl_component_generic_list.d" -o "component/lists/fsl_component_generic_list.o" "../component/lists/fsl_component_generic_list.c"
Building file: ../board/board.c
Building file: ../board/clock_config.c
Invoking: MCU C Compiler
arm-none-eabi-gcc -std=gnu99 -DCPU_LPC55S69JBD100_cm33_core0 -DMCUXPRESSO_SDK -DCPU_LPC55S69JBD100 -DCPU_LPC55S69JBD100_cm33 -DSDK_DEBUGCONSOLE=0 -DCR_INTEGER_PRINTF -D__MCUXPRESSO -D__USE_CMSIS -DDEBUG -D__NEWLIB__ -I"/Users/shreybirmiwal/Documents/MCUXpressoIDE_11.10.0_3148/workspace/Test_hello_world_ns/source" -I"/Users/shreybirmiwal/Documents/MCUXpressoIDE_11.10.0_3148/workspace/Test_hello_world_ns/utilities" -I"/Users/shreybirmiwal/Documents/MCUXpressoIDE_11.10.0_3148/workspace/Test_hello_world_ns/drivers" -I"/Users/shreybirmiwal/Documents/MCUXpressoIDE_11.10.0_3148/workspace/Test_hello_world_ns/device" -I"/Users/shreybirmiwal/Documents/MCUXpressoIDE_11.10.0_3148/workspace/Test_hello_world_ns/startup" -I"/Users/shreybirmiwal/Documents/MCUXpressoIDE_11.10.0_3148/workspace/Test_hello_world_ns/component/uart" -I"/Users/shreybirmiwal/Documents/MCUXpressoIDE_11.10.0_3148/workspace/Test_hello_world_ns/component/lists" -I"/Users/shreybirmiwal/Documents/MCUXpressoIDE_11.10.0_3148/workspace/Test_hello_world_ns/CMSIS" -I"/Users/shreybirmiwal/Documents/MCUXpressoIDE_11.10.0_3148/workspace/Test_hello_world_ns/board" -I"/Users/shreybirmiwal/Documents/MCUXpressoIDE_11.10.0_3148/workspace/Test_hello_world_ns/trustzone" -O0 -fno-common -g3 -gdwarf-4 -D __SEMIHOST_HARDFAULT_DISABLE -mcpu=cortex-m33 -c -ffunction-sections -fdata-sections -fno-builtin -fmerge-constants -fmacro-prefix-map="../board/"= -mcpu=cortex-m33 -mfpu=fpv5-sp-d16 -mfloat-abi=hard -mthumb -D__NEWLIB__ -fstack-usage -specs=nano.specs -MMD -MP -MF"board/board.d" -MT"board/board.o" -MT"board/board.d" -o "board/board.o" "../board/board.c"
Invoking: MCU C Compiler
arm-none-eabi-gcc -std=gnu99 -DCPU_LPC55S69JBD100_cm33_core0 -DMCUXPRESSO_SDK -DCPU_LPC55S69JBD100 -DCPU_LPC55S69JBD100_cm33 -DSDK_DEBUGCONSOLE=0 -DCR_INTEGER_PRINTF -D__MCUXPRESSO -D__USE_CMSIS -DDEBUG -D__NEWLIB__ -I"/Users/shreybirmiwal/Documents/MCUXpressoIDE_11.10.0_3148/workspace/Test_hello_world_ns/source" -I"/Users/shreybirmiwal/Documents/MCUXpressoIDE_11.10.0_3148/workspace/Test_hello_world_ns/utilities" -I"/Users/shreybirmiwal/Documents/MCUXpressoIDE_11.10.0_3148/workspace/Test_hello_world_ns/drivers" -I"/Users/shreybirmiwal/Documents/MCUXpressoIDE_11.10.0_3148/workspace/Test_hello_world_ns/device" -I"/Users/shreybirmiwal/Documents/MCUXpressoIDE_11.10.0_3148/workspace/Test_hello_world_ns/startup" -I"/Users/shreybirmiwal/Documents/MCUXpressoIDE_11.10.0_3148/workspace/Test_hello_world_ns/component/uart" -I"/Users/shreybirmiwal/Documents/MCUXpressoIDE_11.10.0_3148/workspace/Test_hello_world_ns/component/lists" -I"/Users/shreybirmiwal/Documents/MCUXpressoIDE_11.10.0_3148/workspace/Test_hello_world_ns/CMSIS" -I"/Users/shreybirmiwal/Documents/MCUXpressoIDE_11.10.0_3148/workspace/Test_hello_world_ns/board" -I"/Users/shreybirmiwal/Documents/MCUXpressoIDE_11.10.0_3148/workspace/Test_hello_world_ns/trustzone" -O0 -fno-common -g3 -gdwarf-4 -D __SEMIHOST_HARDFAULT_DISABLE -mcpu=cortex-m33 -c -ffunction-sections -fdata-sections -fno-builtin -fmerge-constants -fmacro-prefix-map="../board/"= -mcpu=cortex-m33 -mfpu=fpv5-sp-d16 -mfloat-abi=hard -mthumb -D__NEWLIB__ -fstack-usage -specs=nano.specs -MMD -MP -MF"board/clock_config.d" -MT"board/clock_config.o" -MT"board/clock_config.d" -o "board/clock_config.o" "../board/clock_config.c"
Finished building: ../drivers/fsl_power.c
 
Building file: ../board/pin_mux.c
Invoking: MCU C Compiler
arm-none-eabi-gcc -std=gnu99 -DCPU_LPC55S69JBD100_cm33_core0 -DMCUXPRESSO_SDK -DCPU_LPC55S69JBD100 -DCPU_LPC55S69JBD100_cm33 -DSDK_DEBUGCONSOLE=0 -DCR_INTEGER_PRINTF -D__MCUXPRESSO -D__USE_CMSIS -DDEBUG -D__NEWLIB__ -I"/Users/shreybirmiwal/Documents/MCUXpressoIDE_11.10.0_3148/workspace/Test_hello_world_ns/source" -I"/Users/shreybirmiwal/Documents/MCUXpressoIDE_11.10.0_3148/workspace/Test_hello_world_ns/utilities" -I"/Users/shreybirmiwal/Documents/MCUXpressoIDE_11.10.0_3148/workspace/Test_hello_world_ns/drivers" -I"/Users/shreybirmiwal/Documents/MCUXpressoIDE_11.10.0_3148/workspace/Test_hello_world_ns/device" -I"/Users/shreybirmiwal/Documents/MCUXpressoIDE_11.10.0_3148/workspace/Test_hello_world_ns/startup" -I"/Users/shreybirmiwal/Documents/MCUXpressoIDE_11.10.0_3148/workspace/Test_hello_world_ns/component/uart" -I"/Users/shreybirmiwal/Documents/MCUXpressoIDE_11.10.0_3148/workspace/Test_hello_world_ns/component/lists" -I"/Users/shreybirmiwal/Documents/MCUXpressoIDE_11.10.0_3148/workspace/Test_hello_world_ns/CMSIS" -I"/Users/shreybirmiwal/Documents/MCUXpressoIDE_11.10.0_3148/workspace/Test_hello_world_ns/board" -I"/Users/shreybirmiwal/Documents/MCUXpressoIDE_11.10.0_3148/workspace/Test_hello_world_ns/trustzone" -O0 -fno-common -g3 -gdwarf-4 -D __SEMIHOST_HARDFAULT_DISABLE -mcpu=cortex-m33 -c -ffunction-sections -fdata-sections -fno-builtin -fmerge-constants -fmacro-prefix-map="../board/"= -mcpu=cortex-m33 -mfpu=fpv5-sp-d16 -mfloat-abi=hard -mthumb -D__NEWLIB__ -fstack-usage -specs=nano.specs -MMD -MP -MF"board/pin_mux.d" -MT"board/pin_mux.o" -MT"board/pin_mux.d" -o "board/pin_mux.o" "../board/pin_mux.c"
Finished building: ../device/system_LPC55S69_cm33_core0.c
Finished building: ../drivers/fsl_usart.c
 
 
Finished building: ../board/clock_config.c
Finished building: ../component/uart/fsl_adapter_usart.c
 
Finished building: ../board/board.c
Finished building: ../component/lists/fsl_component_generic_list.c
 
 
 
Finished building: ../board/pin_mux.c
 
Building target: Test_hello_world_ns.axf
Invoking: MCU Linker
arm-none-eabi-gcc -nostdlib -Xlinker -no-warn-rwx-segments -Xlinker -Map="Test_hello_world_ns.map" -Xlinker --gc-sections -Xlinker -print-memory-usage -Xlinker --sort-section=alignment -Xlinker --cref -mcpu=cortex-m33 -mfpu=fpv5-sp-d16 -mfloat-abi=hard -mthumb -T Test_hello_world_ns_Debug.ld -o "Test_hello_world_ns.axf" ./utilities/fsl_assert.o ./utilities/fsl_debug_console.o ./utilities/fsl_memcpy.o ./utilities/fsl_str.o  ./startup/boot_multicore_slave.o ./startup/startup_lpc55s69_cm33_core0.o  ./source/hello_world_ns.o ./source/semihost_hardfault.o  ./drivers/fsl_clock.o ./drivers/fsl_common.o ./drivers/fsl_common_arm.o ./drivers/fsl_flexcomm.o ./drivers/fsl_gpio.o ./drivers/fsl_power.o ./drivers/fsl_reset.o ./drivers/fsl_usart.o  ./device/system_LPC55S69_cm33_core0.o  ./component/uart/fsl_adapter_usart.o  ./component/lists/fsl_component_generic_list.o  ./board/board.o ./board/clock_config.o ./board/pin_mux.o    "/Users/shreybirmiwal/Documents/MCUXpressoIDE_11.10.0_3148/workspace/Test_hello_world_s/Debug/Test_hello_world_s_CMSE_lib.o"
Memory region         Used Size  Region Size  %age Used
   PROGRAM_FLASH:        7620 B       456 KB      1.63%
            Ram0:        8748 B       172 KB      4.97%
Finished building target: Test_hello_world_ns.axf
 
Performing post-build steps
arm-none-eabi-size "Test_hello_world_ns.axf"; # arm-none-eabi-objcopy -v -O binary "Test_hello_world_ns.axf" "Test_hello_world_ns.bin" ; # checksum -p LPC55S69 -d "Test_hello_world_ns.bin";
   text	   data	    bss	    dec	    hex	filename
   7528	     92	   8656	  16276	   3f94	Test_hello_world_ns.axf
 

12:02:49 Build Finished. 0 errors, 0 warnings. (took 2s.464ms)

