12:02:46 **** Incremental Build of configuration Debug for project Test_hello_world_s ****
make -r -j7 all 
make[1]: Nothing to be done for 'main-build'.
Performing post-build steps
arm-none-eabi-size "Test_hello_world_s.axf"; # arm-none-eabi-objcopy -v -O binary "Test_hello_world_s.axf" "Test_hello_world_s.bin" ; # checksum -p LPC55S69 -d "Test_hello_world_s.bin";
   text	   data	    bss	    dec	    hex	filename
  14092	    100	   4564	  18756	   4944	Test_hello_world_s.axf
 

12:02:46 Build Finished. 0 errors, 0 warnings. (took 309ms)

